../startup/startup_lpc804.cpp:249:6:void data_init(unsigned int, unsigned int, unsigned int)	8	static
../startup/startup_lpc804.cpp:258:6:void bss_init(unsigned int, unsigned int)	0	static
../startup/startup_lpc804.cpp:283:6:void ResetISR()	0	static
../startup/startup_lpc804.cpp:368:14:void NMI_Handler()	0	static
../startup/startup_lpc804.cpp:372:14:void HardFault_Handler()	0	static
../startup/startup_lpc804.cpp:376:14:void SVC_Handler()	0	static
../startup/startup_lpc804.cpp:380:14:void PendSV_Handler()	0	static
../startup/startup_lpc804.cpp:384:14:void SysTick_Handler()	0	static
../startup/startup_lpc804.cpp:392:14:void IntDefaultHandler()	0	static
../startup/startup_lpc804.cpp:402:14:void SPI0_IRQHandler()	8	static
../startup/startup_lpc804.cpp:406:14:void Reserved17_IRQHandler()	8	static
../startup/startup_lpc804.cpp:410:14:void DAC0_IRQHandler()	8	static
../startup/startup_lpc804.cpp:414:14:void USART0_IRQHandler()	8	static
../startup/startup_lpc804.cpp:418:14:void USART1_IRQHandler()	8	static
../startup/startup_lpc804.cpp:422:14:void Reserved21_IRQHandler()	8	static
../startup/startup_lpc804.cpp:426:14:void Reserved22_IRQHandler()	8	static
../startup/startup_lpc804.cpp:430:14:void I2C1_IRQHandler()	8	static
../startup/startup_lpc804.cpp:434:14:void I2C0_IRQHandler()	8	static
../startup/startup_lpc804.cpp:438:14:void Reserved25_IRQHandler()	8	static
../startup/startup_lpc804.cpp:442:14:void MRT0_IRQHandler()	8	static
../startup/startup_lpc804.cpp:446:14:void CMP_CAPT_IRQHandler()	8	static
../startup/startup_lpc804.cpp:450:14:void WDT_IRQHandler()	8	static
../startup/startup_lpc804.cpp:454:14:void BOD_IRQHandler()	8	static
../startup/startup_lpc804.cpp:458:14:void FLASH_IRQHandler()	8	static
../startup/startup_lpc804.cpp:462:14:void WKT_IRQHandler()	8	static
../startup/startup_lpc804.cpp:466:14:void ADC_SEQA_IRQHandler()	8	static
../startup/startup_lpc804.cpp:470:14:void ADC_SEQB_IRQHandler()	8	static
../startup/startup_lpc804.cpp:474:14:void ADC_THCMP_IRQHandler()	8	static
../startup/startup_lpc804.cpp:478:14:void ADC_OVR_IRQHandler()	8	static
../startup/startup_lpc804.cpp:482:14:void Reserved36_IRQHandler()	8	static
../startup/startup_lpc804.cpp:486:14:void Reserved37_IRQHandler()	8	static
../startup/startup_lpc804.cpp:490:14:void Reserved38_IRQHandler()	8	static
../startup/startup_lpc804.cpp:494:14:void CTIMER0_IRQHandler()	8	static
../startup/startup_lpc804.cpp:498:14:void PIN_INT0_IRQHandler()	8	static
../startup/startup_lpc804.cpp:502:14:void PIN_INT1_IRQHandler()	8	static
../startup/startup_lpc804.cpp:506:14:void PIN_INT2_IRQHandler()	8	static
../startup/startup_lpc804.cpp:510:14:void PIN_INT3_IRQHandler()	8	static
../startup/startup_lpc804.cpp:514:14:void PIN_INT4_IRQHandler()	8	static
../startup/startup_lpc804.cpp:518:14:void PIN_INT5_IRQHandler()	8	static
../startup/startup_lpc804.cpp:522:14:void PIN_INT6_IRQHandler()	8	static
../startup/startup_lpc804.cpp:526:14:void PIN_INT7_IRQHandler()	8	static
