/home/kamil/PycharmProjects/IO_LightSystem/embedded/IO_LedController_CPP/CMSIS/core_cm0plus.h:741:22:__NVIC_EnableIRQ	16	static
../drivers/fsl_clock.h:368:20:CLOCK_EnableClock	16	static
../drivers/fsl_clock.h:379:20:CLOCK_DisableClock	16	static
../drivers/fsl_common_arm.h:514:24:EnableIRQ	24	static
../drivers/fsl_usart.h:374:24:USART_GetStatusFlags	16	static
../drivers/fsl_usart.h:415:20:USART_EnableInterrupts	16	static
../drivers/fsl_usart.h:432:20:USART_DisableInterrupts	16	static
../drivers/fsl_usart.h:482:20:USART_EnableContinuousSCLK	16	static
../drivers/fsl_usart.h:541:20:USART_EnableTx	16	static
../drivers/fsl_usart.h:563:20:USART_EnableRx	16	static
../drivers/fsl_usart.c:65:10:USART_GetInstance	24	static
../drivers/fsl_usart.c:88:8:USART_TransferGetRxRingBufferLength	24	static
../drivers/fsl_usart.c:108:13:USART_TransferIsRxRingBufferFull	24	static
../drivers/fsl_usart.c:143:6:USART_TransferStartRingBuffer	24	static
../drivers/fsl_usart.c:169:6:USART_TransferStopRingBuffer	16	static
../drivers/fsl_usart.c:209:10:USART_Init	32	static
../drivers/fsl_usart.c:275:6:USART_Deinit	16	static
../drivers/fsl_usart.c:308:6:USART_GetDefaultConfig	16	static
../drivers/fsl_usart.c:349:10:USART_SetBaudRate	56	static
../drivers/fsl_usart.c:435:10:USART_WriteBlocking	24	static
../drivers/fsl_usart.c:496:10:USART_ReadBlocking	32	static
../drivers/fsl_usart.c:572:10:USART_TransferCreateHandle	32	static
../drivers/fsl_usart.c:620:10:USART_TransferSendNonBlocking	24	static
../drivers/fsl_usart.c:655:6:USART_TransferAbortSend	16	static
../drivers/fsl_usart.c:679:10:USART_TransferGetSendCount	32	static
../drivers/fsl_usart.c:725:10:USART_TransferReceiveNonBlocking	56	static
../drivers/fsl_usart.c:835:6:USART_TransferAbortReceive	16	static
../drivers/fsl_usart.c:862:10:USART_TransferGetReceiveCount	32	static
../drivers/fsl_usart.c:888:6:USART_TransferHandleIRQ	40	static
../drivers/fsl_usart.c:1007:6:USART0_DriverIRQHandler	8	static
../drivers/fsl_usart.c:1015:6:USART1_DriverIRQHandler	8	static
