/home/kamil/PycharmProjects/IO_LightSystem/embedded/IO_LedController_CPP/CMSIS/core_cm0plus.h:741:22:__NVIC_EnableIRQ	16	static
../drivers/fsl_clock.h:368:20:CLOCK_EnableClock	16	static
../drivers/fsl_clock.h:379:20:CLOCK_DisableClock	16	static
../drivers/fsl_common_arm.h:514:24:EnableIRQ	24	static
../drivers/fsl_spi.h:371:20:SPI_Enable	16	static
../drivers/fsl_spi.h:396:24:SPI_GetStatusFlags	16	static
../drivers/fsl_spi.h:428:20:SPI_EnableInterrupts	16	static
../drivers/fsl_spi.h:442:20:SPI_DisableInterrupts	16	static
../drivers/fsl_spi.h:460:20:SPI_IsMaster	16	static
../drivers/fsl_spi.h:479:20:SPI_WriteData	16	static
../drivers/fsl_spi.h:490:20:SPI_WriteConfigFlags	16	static
../drivers/fsl_spi.h:511:24:SPI_ReadData	16	static
../drivers/fsl_spi.c:68:13:SPI_SendTransfer	24	static
../drivers/fsl_spi.c:114:13:SPI_ReceiveTransfer	24	static
../drivers/fsl_spi.c:143:10:SPI_GetInstance	24	static
../drivers/fsl_spi.c:168:6:SPI_SetDummyData	24	static
../drivers/fsl_spi.c:181:6:SPI_SetTransferDelay	16	static
../drivers/fsl_spi.c:204:6:SPI_MasterGetDefaultConfig	16	static
../drivers/fsl_spi.c:244:10:SPI_MasterInit	40	static
../drivers/fsl_spi.c:306:6:SPI_SlaveGetDefaultConfig	16	static
../drivers/fsl_spi.c:341:10:SPI_SlaveInit	24	static
../drivers/fsl_spi.c:387:6:SPI_Deinit	24	static
../drivers/fsl_spi.c:408:10:SPI_MasterSetBaudRate	32	static
../drivers/fsl_spi.c:432:6:SPI_WriteDataWithConfigFlags	32	static
../drivers/fsl_spi.c:454:10:SPI_MasterTransferBlocking	40	static
../drivers/fsl_spi.c:611:10:SPI_MasterTransferCreateHandle	32	static
../drivers/fsl_spi.c:645:10:SPI_SlaveTransferCreateHandle	24	static
../drivers/fsl_spi.c:665:10:SPI_MasterTransferNonBlocking	32	static
../drivers/fsl_spi.c:766:10:SPI_SlaveTransferNonBlocking	32	static
../drivers/fsl_spi.c:786:10:SPI_MasterTransferGetCount	24	static
../drivers/fsl_spi.c:814:6:SPI_MasterTransferAbort	16	static
../drivers/fsl_spi.c:831:6:SPI_MasterTransferHandleIRQ	24	static
../drivers/fsl_spi.c:879:6:SPI_SlaveTransferHandleIRQ	24	static
../drivers/fsl_spi.c:923:13:SPI_CommonIRQHandler	16	static
../drivers/fsl_spi.c:937:6:SPI0_DriverIRQHandler	8	static
