Archive member included to satisfy reference by file (symbol)

/usr/local/mcuxpressoide-11.8.0_1165/ide/plugins/com.nxp.mcuxpresso.tools.linux_11.8.0.202306131047/tools/bin/../lib/gcc/arm-none-eabi/12.2.1/thumb/v6-m/nofp/libgcc.a(_udivsi3.o)
                              ./utilities/fsl_debug_console.o (__aeabi_uidiv)
/usr/local/mcuxpressoide-11.8.0_1165/ide/plugins/com.nxp.mcuxpresso.tools.linux_11.8.0.202306131047/tools/bin/../lib/gcc/arm-none-eabi/12.2.1/thumb/v6-m/nofp/libgcc.a(_divsi3.o)
                              ./source/Neopixels.o (__aeabi_idivmod)
/usr/local/mcuxpressoide-11.8.0_1165/ide/plugins/com.nxp.mcuxpresso.tools.linux_11.8.0.202306131047/tools/bin/../lib/gcc/arm-none-eabi/12.2.1/thumb/v6-m/nofp/libgcc.a(_dvmd_tls.o)
                              /usr/local/mcuxpressoide-11.8.0_1165/ide/plugins/com.nxp.mcuxpresso.tools.linux_11.8.0.202306131047/tools/bin/../lib/gcc/arm-none-eabi/12.2.1/thumb/v6-m/nofp/libgcc.a(_udivsi3.o) (__aeabi_idiv0)
/usr/local/mcuxpressoide-11.8.0_1165/ide/plugins/com.nxp.mcuxpresso.tools.linux_11.8.0.202306131047/tools/bin/../lib/gcc/arm-none-eabi/12.2.1/thumb/v6-m/nofp/libgcc.a(_aeabi_uldivmod.o)
                              ./drivers/fsl_clock.o (__aeabi_uldivmod)
/usr/local/mcuxpressoide-11.8.0_1165/ide/plugins/com.nxp.mcuxpresso.tools.linux_11.8.0.202306131047/tools/bin/../lib/gcc/arm-none-eabi/12.2.1/thumb/v6-m/nofp/libgcc.a(_muldi3.o)
                              ./drivers/fsl_common_arm.o (__aeabi_lmul)
/usr/local/mcuxpressoide-11.8.0_1165/ide/plugins/com.nxp.mcuxpresso.tools.linux_11.8.0.202306131047/tools/bin/../lib/gcc/arm-none-eabi/12.2.1/thumb/v6-m/nofp/libgcc.a(_udivmoddi4.o)
                              /usr/local/mcuxpressoide-11.8.0_1165/ide/plugins/com.nxp.mcuxpresso.tools.linux_11.8.0.202306131047/tools/bin/../lib/gcc/arm-none-eabi/12.2.1/thumb/v6-m/nofp/libgcc.a(_aeabi_uldivmod.o) (__udivmoddi4)
/usr/local/mcuxpressoide-11.8.0_1165/ide/plugins/com.nxp.mcuxpresso.tools.linux_11.8.0.202306131047/tools/bin/../lib/gcc/arm-none-eabi/12.2.1/thumb/v6-m/nofp/libgcc.a(_clzdi2.o)
                              /usr/local/mcuxpressoide-11.8.0_1165/ide/plugins/com.nxp.mcuxpresso.tools.linux_11.8.0.202306131047/tools/bin/../lib/gcc/arm-none-eabi/12.2.1/thumb/v6-m/nofp/libgcc.a(_udivmoddi4.o) (__clzdi2)
/usr/local/mcuxpressoide-11.8.0_1165/ide/plugins/com.nxp.mcuxpresso.tools.linux_11.8.0.202306131047/tools/bin/../lib/gcc/arm-none-eabi/12.2.1/thumb/v6-m/nofp/libgcc.a(_clzsi2.o)
                              /usr/local/mcuxpressoide-11.8.0_1165/ide/plugins/com.nxp.mcuxpresso.tools.linux_11.8.0.202306131047/tools/bin/../lib/gcc/arm-none-eabi/12.2.1/thumb/v6-m/nofp/libgcc.a(_clzdi2.o) (__clzsi2)
/usr/local/mcuxpressoide-11.8.0_1165/ide/plugins/com.nxp.mcuxpresso.tools.linux_11.8.0.202306131047/tools/bin/../lib/gcc/arm-none-eabi/12.2.1/../../../../arm-none-eabi/lib/thumb/v6-m/nofp/libc_nano.a(libc_a-strtoul.o)
                              ./utilities/fsl_str.o (strtoul)
/usr/local/mcuxpressoide-11.8.0_1165/ide/plugins/com.nxp.mcuxpresso.tools.linux_11.8.0.202306131047/tools/bin/../lib/gcc/arm-none-eabi/12.2.1/../../../../arm-none-eabi/lib/thumb/v6-m/nofp/libc_nano.a(libc_a-init.o)
                              ./startup/startup_lpc804.o (__libc_init_array)
/usr/local/mcuxpressoide-11.8.0_1165/ide/plugins/com.nxp.mcuxpresso.tools.linux_11.8.0.202306131047/tools/bin/../lib/gcc/arm-none-eabi/12.2.1/../../../../arm-none-eabi/lib/thumb/v6-m/nofp/libc_nano.a(libc_a-impure.o)
                              /usr/local/mcuxpressoide-11.8.0_1165/ide/plugins/com.nxp.mcuxpresso.tools.linux_11.8.0.202306131047/tools/bin/../lib/gcc/arm-none-eabi/12.2.1/../../../../arm-none-eabi/lib/thumb/v6-m/nofp/libc_nano.a(libc_a-strtoul.o) (_impure_ptr)
/usr/local/mcuxpressoide-11.8.0_1165/ide/plugins/com.nxp.mcuxpresso.tools.linux_11.8.0.202306131047/tools/bin/../lib/gcc/arm-none-eabi/12.2.1/../../../../arm-none-eabi/lib/thumb/v6-m/nofp/libc_nano.a(libc_a-memcpy-stub.o)
                              ./utilities/fsl_debug_console.o (memcpy)
/usr/local/mcuxpressoide-11.8.0_1165/ide/plugins/com.nxp.mcuxpresso.tools.linux_11.8.0.202306131047/tools/bin/../lib/gcc/arm-none-eabi/12.2.1/../../../../arm-none-eabi/lib/thumb/v6-m/nofp/libc_nano.a(libc_a-malloc.o)
                              ./source/cpp_config.o (malloc)
/usr/local/mcuxpressoide-11.8.0_1165/ide/plugins/com.nxp.mcuxpresso.tools.linux_11.8.0.202306131047/tools/bin/../lib/gcc/arm-none-eabi/12.2.1/../../../../arm-none-eabi/lib/thumb/v6-m/nofp/libc_nano.a(libc_a-mallocr.o)
                              /usr/local/mcuxpressoide-11.8.0_1165/ide/plugins/com.nxp.mcuxpresso.tools.linux_11.8.0.202306131047/tools/bin/../lib/gcc/arm-none-eabi/12.2.1/../../../../arm-none-eabi/lib/thumb/v6-m/nofp/libc_nano.a(libc_a-malloc.o) (_malloc_r)
[...]
Memory Configuration

Name             Origin             Length             Attributes
PROGRAM_FLASH    0x0000000000000000 0x0000000000007f80 xr
BOOT_FLASH       0x0000000000007f80 0x0000000000000080 xr
SRAM             0x0000000010000000 0x0000000000000fe0 xrw
IAP_SRAM         0x0000000010000fe0 0x0000000000000020 xrw
*default*        0x0000000000000000 0xffffffffffffffff

Linker script and memory map

LOAD ./utilities/fsl_assert.o
LOAD ./utilities/fsl_debug_console.o
LOAD ./utilities/fsl_str.o
LOAD ./startup/startup_lpc804.o
LOAD ./source/IO_LedController_CPP.o
LOAD ./source/Neopixels.o
LOAD ./source/cpp_config.o
LOAD ./source/semihost_hardfault.o
LOAD ./drivers/fsl_clock.o
LOAD ./drivers/fsl_common.o
LOAD ./drivers/fsl_common_arm.o
LOAD ./drivers/fsl_gpio.o
LOAD ./drivers/fsl_power.o
LOAD ./drivers/fsl_reset.o
LOAD ./drivers/fsl_spi.o
LOAD ./drivers/fsl_swm.o
LOAD ./drivers/fsl_usart.o
LOAD ./device/system_LPC804.o
LOAD ./component/uart/fsl_adapter_miniusart.o
LOAD ./board/board.o
LOAD ./board/clock_config.o
LOAD ./board/peripherals.o
LOAD ./board/pin_mux.o
START GROUP
LOAD /usr/local/mcuxpressoide-11.8.0_1165/ide/plugins/com.nxp.mcuxpresso.tools.linux_11.8.0.202306131047/tools/bin/../lib/gcc/arm-none-eabi/12.2.1/thumb/v6-m/nofp/libgcc.a
LOAD /usr/local/mcuxpressoide-11.8.0_1165/ide/plugins/com.nxp.mcuxpresso.tools.linux_11.8.0.202306131047/tools/bin/../lib/gcc/arm-none-eabi/12.2.1/../../../../arm-none-eabi/lib/thumb/v6-m/nofp/libc_nano.a
LOAD /usr/local/mcuxpressoide-11.8.0_1165/ide/plugins/com.nxp.mcuxpresso.tools.linux_11.8.0.202306131047/tools/bin/../lib/gcc/arm-none-eabi/12.2.1/../../../../arm-none-eabi/lib/thumb/v6-m/nofp/libstdc++_nano.a
LOAD /usr/local/mcuxpressoide-11.8.0_1165/ide/plugins/com.nxp.mcuxpresso.tools.linux_11.8.0.202306131047/tools/bin/../lib/gcc/arm-none-eabi/12.2.1/../../../../arm-none-eabi/lib/thumb/v6-m/nofp/libm.a
LOAD /usr/local/mcuxpressoide-11.8.0_1165/ide/plugins/com.nxp.mcuxpresso.tools.linux_11.8.0.202306131047/tools/bin/../lib/gcc/arm-none-eabi/12.2.1/../../../../arm-none-eabi/lib/thumb/v6-m/nofp/libcr_newlib_nohost.a
LOAD /usr/local/mcuxpressoide-11.8.0_1165/ide/plugins/com.nxp.mcuxpresso.tools.linux_11.8.0.202306131047/tools/bin/../lib/gcc/arm-none-eabi/12.2.1/thumb/v6-m/nofp/crti.o
LOAD /usr/local/mcuxpressoide-11.8.0_1165/ide/plugins/com.nxp.mcuxpresso.tools.linux_11.8.0.202306131047/tools/bin/../lib/gcc/arm-none-eabi/12.2.1/thumb/v6-m/nofp/crtn.o
LOAD /usr/local/mcuxpressoide-11.8.0_1165/ide/plugins/com.nxp.mcuxpresso.tools.linux_11.8.0.202306131047/tools/bin/../lib/gcc/arm-none-eabi/12.2.1/thumb/v6-m/nofp/crtbegin.o
LOAD /usr/local/mcuxpressoide-11.8.0_1165/ide/plugins/com.nxp.mcuxpresso.tools.linux_11.8.0.202306131047/tools/bin/../lib/gcc/arm-none-eabi/12.2.1/thumb/v6-m/nofp/crtend.o
END GROUP
                0x0000000000000000                __base_PROGRAM_FLASH = 0x0
                0x0000000000000000                __base_Flash = 0x0
                0x0000000000007f80                __top_PROGRAM_FLASH = 0x7f80
                0x0000000000007f80                __top_Flash = 0x7f80
                0x0000000000007f80                __base_BOOT_FLASH = 0x7f80
                0x0000000000007f80                __base_Flash2 = 0x7f80
                0x0000000000008000                __top_BOOT_FLASH = 0x8000
                0x0000000000008000                __top_Flash2 = 0x8000
                0x0000000010000000                __base_SRAM = 0x10000000
                0x0000000010000000                __base_RAM = 0x10000000
                0x0000000010000fe0                __top_SRAM = 0x10000fe0
                0x0000000010000fe0                __top_RAM = 0x10000fe0
                0x0000000010000fe0                __base_IAP_SRAM = 0x10000fe0
                0x0000000010000fe0                __base_RAM2 = 0x10000fe0
                0x0000000010001000                __top_IAP_SRAM = 0x10001000
                0x0000000010001000                __top_RAM2 = 0x10001000

.text_Flash2    0x0000000000007f80        0x0
 FILL mask 0xff
 *(SORT_BY_ALIGNMENT(.text_Flash2))
 *(SORT_BY_ALIGNMENT(.text_BOOT_FLASH))
 *(SORT_BY_ALIGNMENT(.text.$Flash2))
 *(SORT_BY_ALIGNMENT(.text.$BOOT_FLASH))
 *(SORT_BY_ALIGNMENT(.text_Flash2.*))
 *(SORT_BY_ALIGNMENT(.text_BOOT_FLASH.*))
 *(SORT_BY_ALIGNMENT(.text.$Flash2.*))
 *(SORT_BY_ALIGNMENT(.text.$BOOT_FLASH.*))
 *(SORT_BY_ALIGNMENT(.rodata.$Flash2))
 *(SORT_BY_ALIGNMENT(.rodata.$BOOT_FLASH))
 *(SORT_BY_ALIGNMENT(.rodata.$Flash2.*))
 *(SORT_BY_ALIGNMENT(.rodata.$BOOT_FLASH.*))

.text           0x0000000000000000     0x572c
 FILL mask 0xff
                0x0000000000000000                __vectors_start__ = ABSOLUTE (.)
 *(SORT_BY_ALIGNMENT(.isr_vector))
 .isr_vector    0x0000000000000000       0xc0 ./startup/startup_lpc804.o
                0x0000000000000000                __Vectors
                0x0000000000000000                g_pfnVectors
                0x00000000000000c0                . = ALIGN (0x4)
                0x00000000000000c0                __section_table_start = .
                0x00000000000000c0                __data_section_table = .
                0x00000000000000c0        0x4 LONG 0x5734 LOADADDR (.data)
                0x00000000000000c4        0x4 LONG 0x10000000 ADDR (.data)
                0x00000000000000c8        0x4 LONG 0x5c SIZEOF (.data)
                0x00000000000000cc        0x4 LONG 0x5734 LOADADDR (.data_RAM2)
                0x00000000000000d0        0x4 LONG 0x10000fe0 ADDR (.data_RAM2)
                0x00000000000000d4        0x4 LONG 0x0 SIZEOF (.data_RAM2)
                0x00000000000000d8                __data_section_table_end = .
                0x00000000000000d8                __bss_section_table = .
                0x00000000000000d8        0x4 LONG 0x1000005c ADDR (.bss)
                0x00000000000000dc        0x4 LONG 0x80 SIZEOF (.bss)
                0x00000000000000e0        0x4 LONG 0x10000fe0 ADDR (.bss_RAM2)
                0x00000000000000e4        0x4 LONG 0x0 SIZEOF (.bss_RAM2)
                0x00000000000000e8                __bss_section_table_end = .
                0x00000000000000e8                __section_table_end = .
 *(SORT_BY_ALIGNMENT(.after_vectors*))
 .after_vectors.reset
                0x00000000000000e8       0x58 ./startup/startup_lpc804.o
                0x00000000000000e8                ResetISR
 .after_vectors.init_data
                0x0000000000000140       0x12 ./startup/startup_lpc804.o
                0x0000000000000140                data_init(unsigned int, unsigned int, unsigned int)
 .after_vectors.init_bss
                0x0000000000000152       0x10 ./startup/startup_lpc804.o
                0x0000000000000152                bss_init(unsigned int, unsigned int)
 .after_vectors
                0x0000000000000162      0x10c ./startup/startup_lpc804.o
                0x0000000000000162                NMI_Handler
                0x0000000000000166                SVC_Handler
                0x0000000000000168                PendSV_Handler
                0x000000000000016c                Reserved21_DriverIRQHandler
                0x000000000000016c                ADC_SEQA_DriverIRQHandler
                0x000000000000016c                PIN_INT3_DriverIRQHandler
                0x000000000000016c                PIN_INT2_DriverIRQHandler
                0x000000000000016c                Reserved36_DriverIRQHandler
                0x000000000000016c                ADC_SEQB_DriverIRQHandler
                0x000000000000016c                PIN_INT0_DriverIRQHandler
                0x000000000000016c                Reserved17_DriverIRQHandler
                0x000000000000016c                IntDefaultHandler
                0x000000000000016c                WKT_DriverIRQHandler
                0x000000000000016c                DAC0_DriverIRQHandler
                0x000000000000016c                MRT0_DriverIRQHandler
                0x000000000000016c                PIN_INT4_DriverIRQHandler
                0x000000000000016c                PIN_INT5_DriverIRQHandler
                0x000000000000016c                CMP_CAPT_DriverIRQHandler
                0x000000000000016c                PIN_INT7_DriverIRQHandler
                0x000000000000016c                ADC_THCMP_DriverIRQHandler
                0x000000000000016c                Reserved38_DriverIRQHandler
                0x000000000000016c                Reserved22_DriverIRQHandler
                0x000000000000016c                ADC_OVR_DriverIRQHandler
                0x000000000000016c                FLASH_DriverIRQHandler
                0x000000000000016c                CTIMER0_DriverIRQHandler
                0x000000000000016c                PIN_INT6_DriverIRQHandler
                0x000000000000016c                WDT_DriverIRQHandler
                0x000000000000016c                PIN_INT1_DriverIRQHandler
                0x000000000000016c                Reserved25_DriverIRQHandler
                0x000000000000016c                BOD_DriverIRQHandler
                0x000000000000016c                I2C1_DriverIRQHandler
                0x000000000000016c                Reserved37_DriverIRQHandler
                0x000000000000016c                I2C0_DriverIRQHandler
                0x000000000000016e                SPI0_IRQHandler
                0x0000000000000176                Reserved17_IRQHandler
                0x000000000000017e                DAC0_IRQHandler
                0x0000000000000186                USART0_IRQHandler
                0x000000000000018e                USART1_IRQHandler
                0x0000000000000196                Reserved21_IRQHandler
                0x000000000000019e                Reserved22_IRQHandler
                0x00000000000001a6                I2C1_IRQHandler
                0x00000000000001ae                I2C0_IRQHandler
                0x00000000000001b6                Reserved25_IRQHandler
                0x00000000000001be                MRT0_IRQHandler
                0x00000000000001c6                CMP_CAPT_IRQHandler
                0x00000000000001ce                WDT_IRQHandler
                0x00000000000001d6                BOD_IRQHandler
                0x00000000000001de                FLASH_IRQHandler
                0x00000000000001e6                WKT_IRQHandler
                0x00000000000001ee                ADC_SEQA_IRQHandler
                0x00000000000001f6                ADC_SEQB_IRQHandler
                0x00000000000001fe                ADC_THCMP_IRQHandler
                0x0000000000000206                ADC_OVR_IRQHandler
                0x000000000000020e                Reserved36_IRQHandler
                0x0000000000000216                Reserved37_IRQHandler
                0x000000000000021e                Reserved38_IRQHandler
                0x0000000000000226                CTIMER0_IRQHandler
                0x000000000000022e                PIN_INT0_IRQHandler
                0x0000000000000236                PIN_INT1_IRQHandler
                0x000000000000023e                PIN_INT2_IRQHandler
                0x0000000000000246                PIN_INT3_IRQHandler
                0x000000000000024e                PIN_INT4_IRQHandler
                0x0000000000000256                PIN_INT5_IRQHandler
                0x000000000000025e                PIN_INT6_IRQHandler
                0x0000000000000266                PIN_INT7_IRQHandler
                0x00000000000002fc                . = 0x2fc
 *fill*         0x000000000000026e       0x8e ff
                0x00000000000002fc                PROVIDE (__CRP_WORD_START__ = .)
 *(SORT_BY_ALIGNMENT(.crp))
 .crp           0x00000000000002fc        0x4 ./startup/startup_lpc804.o
                0x0000000000000300                PROVIDE (__CRP_WORD_END__ = .)
                0x0000000000000001                ASSERT (! ((__CRP_WORD_START__ == __CRP_WORD_END__)), Linker CRP Enabled, but no CRP_WORD provided within application)
 *(SORT_BY_ALIGNMENT(.text*))
 .text.__assert_func
                0x0000000000000300       0x28 ./utilities/fsl_assert.o
                0x0000000000000300                __assert_func
 .text.DbgConsole_Init
                0x0000000000000328       0xa8 ./utilities/fsl_debug_console.o
                0x0000000000000328                DbgConsole_Init
 .text.DbgConsole_Vprintf
                0x00000000000003d0       0x40 ./utilities/fsl_debug_console.o
                0x00000000000003d0                DbgConsole_Vprintf
 .text.DbgConsole_Putchar
                0x0000000000000410       0x30 ./utilities/fsl_debug_console.o
                0x0000000000000410                DbgConsole_Putchar
 .text.__NVIC_SetPriority
                0x0000000000000440       0xdc ./source/IO_LedController_CPP.o
 .text.SysTick_Config
                0x000000000000051c       0x48 ./source/IO_LedController_CPP.o
 .text.SysTick_Handler
                0x0000000000000564       0x1c ./source/IO_LedController_CPP.o
                0x0000000000000564                SysTick_Handler
 .text.main     0x0000000000000580       0x78 ./source/IO_LedController_CPP.o
                0x0000000000000580                main
 .text._ZNSt6vectorImSaImEE17_S_check_init_lenEjRKS0_
                0x00000000000005f8       0x50 ./source/IO_LedController_CPP.o
                0x00000000000005f8                std::vector<unsigned long, std::allocator<unsigned long> >::_S_check_init_len(unsigned int, std::allocator<unsigned long> const&)
 .text._ZNSt6vectorImSaImEE11_S_max_sizeERKS0_
                0x0000000000000648       0x38 ./source/IO_LedController_CPP.o
                0x0000000000000648                std::vector<unsigned long, std::allocator<unsigned long> >::_S_max_size(std::allocator<unsigned long> const&)
 .text._ZNKSt15__new_allocatorImE11_M_max_sizeEv
                0x0000000000000680       0x18 ./source/IO_LedController_CPP.o
                0x0000000000000680                std::__new_allocator<unsigned long>::_M_max_size() const
 .text._Z41__static_initialization_and_destruction_0ii
                0x0000000000000698       0xdc ./source/IO_LedController_CPP.o
 .text._GLOBAL__sub_I_neopixels
                0x0000000000000774       0x18 ./source/IO_LedController_CPP.o
 .text.SPI_WriteConfigFlags
                0x000000000000078c       0x2c ./source/Neopixels.o
 .text._ZN9NeopixelsC2EP8SPI_Type
                0x00000000000007b8       0x48 ./source/Neopixels.o
                0x00000000000007b8                Neopixels::Neopixels(SPI_Type*)
                0x00000000000007b8                Neopixels::Neopixels(SPI_Type*)
 .text._ZN9NeopixelsD2Ev
                0x0000000000000800       0x30 ./source/Neopixels.o
                0x0000000000000800                Neopixels::~Neopixels()
                0x0000000000000800                Neopixels::~Neopixels()
 .text.HardFault_Handler
                0x0000000000000830       0x38 ./source/semihost_hardfault.o
                0x0000000000000830                HardFault_Handler
 .text.CLOCK_GetLPOscFreq
                0x0000000000000868       0x14 ./drivers/fsl_clock.o
 .text.CLOCK_GetExtClkFreq
                0x000000000000087c       0x14 ./drivers/fsl_clock.o
 .text.CLOCK_SetFRGClkFreq
                0x0000000000000890       0xac ./drivers/fsl_clock.o
 .text.CLOCK_UpdateClkSrc
                0x000000000000093c       0x58 ./drivers/fsl_clock.o
 .text.CLOCK_SetFRG0ClkFreq
                0x0000000000000994       0x24 ./drivers/fsl_clock.o
                0x0000000000000994                CLOCK_SetFRG0ClkFreq
 .text.CLOCK_GetMainClkFreq
                0x00000000000009b8       0x74 ./drivers/fsl_clock.o
                0x00000000000009b8                CLOCK_GetMainClkFreq
 .text.CLOCK_GetFroFreq
                0x0000000000000a2c       0x14 ./drivers/fsl_clock.o
                0x0000000000000a2c                CLOCK_GetFroFreq
 .text.CLOCK_SetMainClkSrc
                0x0000000000000a40       0x4c ./drivers/fsl_clock.o
                0x0000000000000a40                CLOCK_SetMainClkSrc
 .text.CLOCK_SetFroOscFreq
                0x0000000000000a8c       0x44 ./drivers/fsl_clock.o
                0x0000000000000a8c                CLOCK_SetFroOscFreq
 .text.RESET_SetPeripheralReset
                0x0000000000000ad0       0x7c ./drivers/fsl_reset.o
 .text.RESET_ClearPeripheralReset
                0x0000000000000b4c       0x78 ./drivers/fsl_reset.o
 .text.CLOCK_EnableClock
                0x0000000000000bc4       0x54 ./drivers/fsl_spi.o
 .text.SPI_GetInstance
                0x0000000000000c18       0x6c ./drivers/fsl_spi.o
                0x0000000000000c18                SPI_GetInstance
 .text.SPI_SetDummyData
                0x0000000000000c84       0x34 ./drivers/fsl_spi.o
                0x0000000000000c84                SPI_SetDummyData
 .text.SPI_SetTransferDelay
                0x0000000000000cb8       0x64 ./drivers/fsl_spi.o
                0x0000000000000cb8                SPI_SetTransferDelay
 .text.SPI_MasterInit
                0x0000000000000d1c      0x120 ./drivers/fsl_spi.o
                0x0000000000000d1c                SPI_MasterInit
 .text.SPI_MasterSetBaudRate
                0x0000000000000e3c       0x80 ./drivers/fsl_spi.o
                0x0000000000000e3c                SPI_MasterSetBaudRate
 .text.SPI_CommonIRQHandler
                0x0000000000000ebc       0x40 ./drivers/fsl_spi.o
 .text.SPI0_DriverIRQHandler
                0x0000000000000efc       0x44 ./drivers/fsl_spi.o
                0x0000000000000efc                SPI0_DriverIRQHandler
 .text.SWM_SetMovablePinSelect
                0x0000000000000f40       0xa8 ./drivers/fsl_swm.o
                0x0000000000000f40                SWM_SetMovablePinSelect
 .text.CLOCK_EnableClock
                0x0000000000000fe8       0x54 ./drivers/fsl_usart.o
 .text.USART_EnableContinuousSCLK
                0x000000000000103c       0x40 ./drivers/fsl_usart.o
 .text.USART_GetInstance
                0x000000000000107c       0x58 ./drivers/fsl_usart.o
                0x000000000000107c                USART_GetInstance
 .text.USART_Init
                0x00000000000010d4      0x138 ./drivers/fsl_usart.o
                0x00000000000010d4                USART_Init
 .text.USART_GetDefaultConfig
                0x000000000000120c       0x80 ./drivers/fsl_usart.o
                0x000000000000120c                USART_GetDefaultConfig
 .text.USART_SetBaudRate
                0x000000000000128c      0x15c ./drivers/fsl_usart.o
                0x000000000000128c                USART_SetBaudRate
 .text.USART_WriteBlocking
                0x00000000000013e8       0x70 ./drivers/fsl_usart.o
                0x00000000000013e8                USART_WriteBlocking
 .text.USART_ReadBlocking
                0x0000000000001458       0xd0 ./drivers/fsl_usart.o
                0x0000000000001458                USART_ReadBlocking
 .text.USART0_DriverIRQHandler
                0x0000000000001528       0x24 ./drivers/fsl_usart.o
                0x0000000000001528                USART0_DriverIRQHandler
 .text.USART1_DriverIRQHandler
                0x000000000000154c       0x24 ./drivers/fsl_usart.o
                0x000000000000154c                USART1_DriverIRQHandler
 .text.SystemInit
                0x0000000000001570       0x2c ./device/system_LPC804.o
                0x0000000000001570                SystemInit
 .text.HAL_UartGetStatus
                0x000000000000159c       0x20 ./component/uart/fsl_adapter_miniusart.o
 .text.HAL_UartInit
                0x00000000000015bc      0x134 ./component/uart/fsl_adapter_miniusart.o
                0x00000000000015bc                HAL_UartInit
 .text.HAL_UartReceiveBlocking
                0x00000000000016f0       0x90 ./component/uart/fsl_adapter_miniusart.o
                0x00000000000016f0                HAL_UartReceiveBlocking
 .text.HAL_UartSendBlocking
                0x0000000000001780       0x84 ./component/uart/fsl_adapter_miniusart.o
                0x0000000000001780                HAL_UartSendBlocking
 .text.CLOCK_Select
                0x0000000000001804       0x38 ./board/board.o
 .text.BOARD_InitDebugConsole
                0x000000000000183c       0x58 ./board/board.o
                0x000000000000183c                BOARD_InitDebugConsole
 .text.CLOCK_Select
                0x0000000000001894       0x38 ./board/clock_config.o
 .text.CLOCK_SetCoreSysClkDiv
                0x00000000000018cc       0x4c ./board/clock_config.o
 .text.POWER_DisablePD
                0x0000000000001918       0x2c ./board/clock_config.o
 .text.BOARD_BootClockFRO18M
                0x0000000000001944       0x74 ./board/clock_config.o
                0x0000000000001944                BOARD_BootClockFRO18M
 .text.SPI0_init
                0x00000000000019b8       0x24 ./board/peripherals.o
 .text.CLOCK_EnableClock
                0x00000000000019dc       0x54 ./board/pin_mux.o
 .text.CLOCK_DisableClock
                0x0000000000001a30       0x58 ./board/pin_mux.o
 .text.BOARD_InitDEBUG_UARTPins
                0x0000000000001a88       0x60 ./board/pin_mux.o
                0x0000000000001a88                BOARD_InitDEBUG_UARTPins
 .text.BOARD_InitNeopixelsPins
                0x0000000000001ae8       0x28 ./board/pin_mux.o
                0x0000000000001ae8                BOARD_InitNeopixelsPins
 .text          0x0000000000001b10      0x114 /usr/local/mcuxpressoide-11.8.0_1165/ide/plugins/com.nxp.mcuxpresso.tools.linux_11.8.0.202306131047/tools/bin/../lib/gcc/arm-none-eabi/12.2.1/thumb/v6-m/nofp/libgcc.a(_udivsi3.o)
                0x0000000000001b10                __udivsi3
                0x0000000000001b10                __aeabi_uidiv
                0x0000000000001c1c                __aeabi_uidivmod
 .text          0x0000000000001c24      0x1d4 /usr/local/mcuxpressoide-11.8.0_1165/ide/plugins/com.nxp.mcuxpresso.tools.linux_11.8.0.202306131047/tools/bin/../lib/gcc/arm-none-eabi/12.2.1/thumb/v6-m/nofp/libgcc.a(_divsi3.o)
                0x0000000000001c24                __aeabi_idiv
                0x0000000000001c24                __divsi3
                0x0000000000001df0                __aeabi_idivmod
 .text          0x0000000000001df8        0x4 /usr/local/mcuxpressoide-11.8.0_1165/ide/plugins/com.nxp.mcuxpresso.tools.linux_11.8.0.202306131047/tools/bin/../lib/gcc/arm-none-eabi/12.2.1/thumb/v6-m/nofp/libgcc.a(_dvmd_tls.o)
                0x0000000000001df8                __aeabi_ldiv0
                0x0000000000001df8                __aeabi_idiv0
 .text          0x0000000000001dfc       0x40 /usr/local/mcuxpressoide-11.8.0_1165/ide/plugins/com.nxp.mcuxpresso.tools.linux_11.8.0.202306131047/tools/bin/../lib/gcc/arm-none-eabi/12.2.1/thumb/v6-m/nofp/libgcc.a(_aeabi_uldivmod.o)
                0x0000000000001dfc                __aeabi_uldivmod
 .text.__udivmoddi4
                0x0000000000001e3c      0x198 /usr/local/mcuxpressoide-11.8.0_1165/ide/plugins/com.nxp.mcuxpresso.tools.linux_11.8.0.202306131047/tools/bin/../lib/gcc/arm-none-eabi/12.2.1/thumb/v6-m/nofp/libgcc.a(_udivmoddi4.o)
                0x0000000000001e3c                __udivmoddi4
 .text          0x0000000000001fd4       0x18 /usr/local/mcuxpressoide-11.8.0_1165/ide/plugins/com.nxp.mcuxpresso.tools.linux_11.8.0.202306131047/tools/bin/../lib/gcc/arm-none-eabi/12.2.1/thumb/v6-m/nofp/libgcc.a(_clzdi2.o)
                0x0000000000001fd4                __clzdi2
 .text          0x0000000000001fec       0x3c /usr/local/mcuxpressoide-11.8.0_1165/ide/plugins/com.nxp.mcuxpresso.tools.linux_11.8.0.202306131047/tools/bin/../lib/gcc/arm-none-eabi/12.2.1/thumb/v6-m/nofp/libgcc.a(_clzsi2.o)
                0x0000000000001fec                __clzsi2
 .text.__libc_init_array
                0x0000000000002028       0x48 /usr/local/mcuxpressoide-11.8.0_1165/ide/plugins/com.nxp.mcuxpresso.tools.linux_11.8.0.202306131047/tools/bin/../lib/gcc/arm-none-eabi/12.2.1/../../../../arm-none-eabi/lib/thumb/v6-m/nofp/libc_nano.a(libc_a-init.o)
                0x0000000000002028                __libc_init_array
 .text.malloc   0x0000000000002070       0x14 /usr/local/mcuxpressoide-11.8.0_1165/ide/plugins/com.nxp.mcuxpresso.tools.linux_11.8.0.202306131047/tools/bin/../lib/gcc/arm-none-eabi/12.2.1/../../../../arm-none-eabi/lib/thumb/v6-m/nofp/libc_nano.a(libc_a-malloc.o)
                0x0000000000002070                malloc
 .text.free     0x0000000000002084       0x14 /usr/local/mcuxpressoide-11.8.0_1165/ide/plugins/com.nxp.mcuxpresso.tools.linux_11.8.0.202306131047/tools/bin/../lib/gcc/arm-none-eabi/12.2.1/../../../../arm-none-eabi/lib/thumb/v6-m/nofp/libc_nano.a(libc_a-malloc.o)
                0x0000000000002084                free
 .text.sbrk_aligned
                0x0000000000002098       0x44 /usr/local/mcuxpressoide-11.8.0_1165/ide/plugins/com.nxp.mcuxpresso.tools.linux_11.8.0.202306131047/tools/bin/../lib/gcc/arm-none-eabi/12.2.1/../../../../arm-none-eabi/lib/thumb/v6-m/nofp/libc_nano.a(libc_a-mallocr.o)
 .text._malloc_r
                0x00000000000020dc       0xf4 /usr/local/mcuxpressoide-11.8.0_1165/ide/plugins/com.nxp.mcuxpresso.tools.linux_11.8.0.202306131047/tools/bin/../lib/gcc/arm-none-eabi/12.2.1/../../../../arm-none-eabi/lib/thumb/v6-m/nofp/libc_nano.a(libc_a-mallocr.o)
                0x00000000000020dc                _malloc_r
 .text.__malloc_lock
                0x00000000000021d0       0x10 /usr/local/mcuxpressoide-11.8.0_1165/ide/plugins/com.nxp.mcuxpresso.tools.linux_11.8.0.202306131047/tools/bin/../lib/gcc/arm-none-eabi/12.2.1/../../../../arm-none-eabi/lib/thumb/v6-m/nofp/libc_nano.a(libc_a-mlock.o)
                0x00000000000021d0                __malloc_lock
 .text.__malloc_unlock
                0x00000000000021e0       0x10 /usr/local/mcuxpressoide-11.8.0_1165/ide/plugins/com.nxp.mcuxpresso.tools.linux_11.8.0.202306131047/tools/bin/../lib/gcc/arm-none-eabi/12.2.1/../../../../arm-none-eabi/lib/thumb/v6-m/nofp/libc_nano.a(libc_a-mlock.o)
                0x00000000000021e0                __malloc_unlock
 .text._sbrk_r  0x00000000000021f0       0x24 /usr/local/mcuxpressoide-11.8.0_1165/ide/plugins/com.nxp.mcuxpresso.tools.linux_11.8.0.202306131047/tools/bin/../lib/gcc/arm-none-eabi/12.2.1/../../../../arm-none-eabi/lib/thumb/v6-m/nofp/libc_nano.a(libc_a-sbrkr.o)
                0x00000000000021f0                _sbrk_r
 .text.__errno  0x0000000000002214        0xc /usr/local/mcuxpressoide-11.8.0_1165/ide/plugins/com.nxp.mcuxpresso.tools.linux_11.8.0.202306131047/tools/bin/../lib/gcc/arm-none-eabi/12.2.1/../../../../arm-none-eabi/lib/thumb/v6-m/nofp/libc_nano.a(libc_a-errno.o)
                0x0000000000002214                __errno
 .text._free_r  0x0000000000002220       0x94 /usr/local/mcuxpressoide-11.8.0_1165/ide/plugins/com.nxp.mcuxpresso.tools.linux_11.8.0.202306131047/tools/bin/../lib/gcc/arm-none-eabi/12.2.1/../../../../arm-none-eabi/lib/thumb/v6-m/nofp/libc_nano.a(libc_a-freer.o)
                0x0000000000002220                _free_r
 .text._sbrk    0x00000000000022b4       0x40 /usr/local/mcuxpressoide-11.8.0_1165/ide/plugins/com.nxp.mcuxpresso.tools.linux_11.8.0.202306131047/tools/bin/../lib/gcc/arm-none-eabi/12.2.1/../../../../arm-none-eabi/lib/thumb/v6-m/nofp/libcr_newlib_nohost.a(_cr_sbrk.o)
                0x00000000000022b4                _sbrk
 .text.__check_heap_overflow
                0x00000000000022f4       0x18 /usr/local/mcuxpressoide-11.8.0_1165/ide/plugins/com.nxp.mcuxpresso.tools.linux_11.8.0.202306131047/tools/bin/../lib/gcc/arm-none-eabi/12.2.1/../../../../arm-none-eabi/lib/thumb/v6-m/nofp/libcr_newlib_nohost.a(_cr_check_heap.o)
                0x00000000000022f4                __check_heap_overflow
 .text.register_tm_clones
                0x000000000000230c       0x28 /usr/local/mcuxpressoide-11.8.0_1165/ide/plugins/com.nxp.mcuxpresso.tools.linux_11.8.0.202306131047/tools/bin/../lib/gcc/arm-none-eabi/12.2.1/thumb/v6-m/nofp/crtbegin.o
 .text.frame_dummy
                0x0000000000002334       0x24 /usr/local/mcuxpressoide-11.8.0_1165/ide/plugins/com.nxp.mcuxpresso.tools.linux_11.8.0.202306131047/tools/bin/../lib/gcc/arm-none-eabi/12.2.1/thumb/v6-m/nofp/crtbegin.o
 .text.DbgConsole_Printf
                0x0000000000002358       0x32 ./utilities/fsl_debug_console.o
                0x0000000000002358                DbgConsole_Printf
 .text.DbgConsole_PrintfPaddingCharacter
                0x000000000000238a       0x48 ./utilities/fsl_debug_console.o
 .text.DbgConsole_ConvertRadixNumToString
                0x00000000000023d2       0xc2 ./utilities/fsl_debug_console.o
 .text.DbgConsole_PrintfFormattedData
                0x0000000000002494      0x3da ./utilities/fsl_debug_console.o
 .text._ZNSaImEC2Ev
                0x000000000000286e       0x1a ./source/IO_LedController_CPP.o
                0x000000000000286e                std::allocator<unsigned long>::allocator()
                0x000000000000286e                std::allocator<unsigned long>::allocator()
 .text._ZNSaImED2Ev
                0x0000000000002888       0x1a ./source/IO_LedController_CPP.o
                0x0000000000002888                std::allocator<unsigned long>::~allocator()
                0x0000000000002888                std::allocator<unsigned long>::~allocator()
 .text._ZNSt6vectorImSaImEEC2ESt16initializer_listImERKS0_
                0x00000000000028a2       0x44 ./source/IO_LedController_CPP.o
                0x00000000000028a2                std::vector<unsigned long, std::allocator<unsigned long> >::vector(std::initializer_list<unsigned long>, std::allocator<unsigned long> const&)
                0x00000000000028a2                std::vector<unsigned long, std::allocator<unsigned long> >::vector(std::initializer_list<unsigned long>, std::allocator<unsigned long> const&)
 .text._ZNSt6vectorImSaImEEC2ERKS1_
                0x00000000000028e6       0x7c ./source/IO_LedController_CPP.o
                0x00000000000028e6                std::vector<unsigned long, std::allocator<unsigned long> >::vector(std::vector<unsigned long, std::allocator<unsigned long> > const&)
                0x00000000000028e6                std::vector<unsigned long, std::allocator<unsigned long> >::vector(std::vector<unsigned long, std::allocator<unsigned long> > const&)
 .text._ZNSt6vectorImSaImEED2Ev
                0x0000000000002962       0x36 ./source/IO_LedController_CPP.o
                0x0000000000002962                std::vector<unsigned long, std::allocator<unsigned long> >::~vector()
                0x0000000000002962                std::vector<unsigned long, std::allocator<unsigned long> >::~vector()
 .text._ZNSt15__new_allocatorImEC2Ev
                0x0000000000002998       0x12 ./source/IO_LedController_CPP.o
                0x0000000000002998                std::__new_allocator<unsigned long>::__new_allocator()
                0x0000000000002998                std::__new_allocator<unsigned long>::__new_allocator()
 .text._ZNSt15__new_allocatorImED2Ev
                0x00000000000029aa       0x12 ./source/IO_LedController_CPP.o
                0x00000000000029aa                std::__new_allocator<unsigned long>::~__new_allocator()
                0x00000000000029aa                std::__new_allocator<unsigned long>::~__new_allocator()
 .text._ZNSt12_Vector_baseImSaImEE12_Vector_implD2Ev
                0x00000000000029bc       0x1a ./source/IO_LedController_CPP.o
                0x00000000000029bc                std::_Vector_base<unsigned long, std::allocator<unsigned long> >::_Vector_impl::~_Vector_impl()
                0x00000000000029bc                std::_Vector_base<unsigned long, std::allocator<unsigned long> >::_Vector_impl::~_Vector_impl()
 .text._ZNSt12_Vector_baseImSaImEEC2ERKS0_
                0x00000000000029d6       0x20 ./source/IO_LedController_CPP.o
                0x00000000000029d6                std::_Vector_base<unsigned long, std::allocator<unsigned long> >::_Vector_base(std::allocator<unsigned long> const&)
                0x00000000000029d6                std::_Vector_base<unsigned long, std::allocator<unsigned long> >::_Vector_base(std::allocator<unsigned long> const&)
 .text._ZNSt12_Vector_baseImSaImEED2Ev
                0x00000000000029f6       0x34 ./source/IO_LedController_CPP.o
                0x00000000000029f6                std::_Vector_base<unsigned long, std::allocator<unsigned long> >::~_Vector_base()
                0x00000000000029f6                std::_Vector_base<unsigned long, std::allocator<unsigned long> >::~_Vector_base()
 .text._ZNKSt16initializer_listImE5beginEv
                0x0000000000002a2a       0x14 ./source/IO_LedController_CPP.o
                0x0000000000002a2a                std::initializer_list<unsigned long>::begin() const
 .text._ZNKSt16initializer_listImE3endEv
                0x0000000000002a3e       0x28 ./source/IO_LedController_CPP.o
                0x0000000000002a3e                std::initializer_list<unsigned long>::end() const
 .text._ZSt8distanceIPKmENSt15iterator_traitsIT_E15difference_typeES3_S3_
                0x0000000000002a66       0x2a ./source/IO_LedController_CPP.o
                0x0000000000002a66                std::iterator_traits<unsigned long const*>::difference_type std::distance<unsigned long const*>(unsigned long const*, unsigned long const*)
 .text._ZNSt6vectorImSaImEE19_M_range_initializeIPKmEEvT_S5_St20forward_iterator_tag
                0x0000000000002a90       0x7a ./source/IO_LedController_CPP.o
                0x0000000000002a90                void std::vector<unsigned long, std::allocator<unsigned long> >::_M_range_initialize<unsigned long const*>(unsigned long const*, unsigned long const*, std::forward_iterator_tag)
 .text._ZNKSt6vectorImSaImEE4sizeEv
                0x0000000000002b0a       0x1c ./source/IO_LedController_CPP.o
                0x0000000000002b0a                std::vector<unsigned long, std::allocator<unsigned long> >::size() const
 .text._ZNKSt12_Vector_baseImSaImEE19_M_get_Tp_allocatorEv
                0x0000000000002b26       0x12 ./source/IO_LedController_CPP.o
                0x0000000000002b26                std::_Vector_base<unsigned long, std::allocator<unsigned long> >::_M_get_Tp_allocator() const
 .text._ZN9__gnu_cxx14__alloc_traitsISaImEmE17_S_select_on_copyERKS1_
                0x0000000000002b38       0x1e ./source/IO_LedController_CPP.o
                0x0000000000002b38                __gnu_cxx::__alloc_traits<std::allocator<unsigned long>, unsigned long>::_S_select_on_copy(std::allocator<unsigned long> const&)
 .text._ZNSt12_Vector_baseImSaImEEC2EjRKS0_
                0x0000000000002b56       0x2e ./source/IO_LedController_CPP.o
                0x0000000000002b56                std::_Vector_base<unsigned long, std::allocator<unsigned long> >::_Vector_base(unsigned int, std::allocator<unsigned long> const&)
                0x0000000000002b56                std::_Vector_base<unsigned long, std::allocator<unsigned long> >::_Vector_base(unsigned int, std::allocator<unsigned long> const&)
 .text._ZNKSt6vectorImSaImEE5beginEv
                0x0000000000002b84       0x20 ./source/IO_LedController_CPP.o
                0x0000000000002b84                std::vector<unsigned long, std::allocator<unsigned long> >::begin() const
 .text._ZNKSt6vectorImSaImEE3endEv
                0x0000000000002ba4       0x22 ./source/IO_LedController_CPP.o
                0x0000000000002ba4                std::vector<unsigned long, std::allocator<unsigned long> >::end() const
 .text._ZNSt12_Vector_baseImSaImEE19_M_get_Tp_allocatorEv
                0x0000000000002bc6       0x12 ./source/IO_LedController_CPP.o
                0x0000000000002bc6                std::_Vector_base<unsigned long, std::allocator<unsigned long> >::_M_get_Tp_allocator()
 .text._ZSt22__uninitialized_copy_aIN9__gnu_cxx17__normal_iteratorIPKmSt6vectorImSaImEEEEPmmET0_T_SA_S9_RSaIT1_E
                0x0000000000002bd8       0x24 ./source/IO_LedController_CPP.o
                0x0000000000002bd8                unsigned long* std::__uninitialized_copy_a<__gnu_cxx::__normal_iterator<unsigned long const*, std::vector<unsigned long, std::allocator<unsigned long> > >, unsigned long*, unsigned long>(__gnu_cxx::__normal_iterator<unsigned long const*, std::vector<unsigned long, std::allocator<unsigned long> > >, __gnu_cxx::__normal_iterator<unsigned long const*, std::vector<unsigned long, std::allocator<unsigned long> > >, unsigned long*, std::allocator<unsigned long>&)
 .text._ZSt8_DestroyIPmmEvT_S1_RSaIT0_E
                0x0000000000002bfc       0x20 ./source/IO_LedController_CPP.o
                0x0000000000002bfc                void std::_Destroy<unsigned long*, unsigned long>(unsigned long*, unsigned long*, std::allocator<unsigned long>&)
 .text._ZNSt12_Vector_baseImSaImEE12_Vector_implC2ERKS0_
                0x0000000000002c1c       0x28 ./source/IO_LedController_CPP.o
                0x0000000000002c1c                std::_Vector_base<unsigned long, std::allocator<unsigned long> >::_Vector_impl::_Vector_impl(std::allocator<unsigned long> const&)
                0x0000000000002c1c                std::_Vector_base<unsigned long, std::allocator<unsigned long> >::_Vector_impl::_Vector_impl(std::allocator<unsigned long> const&)
 .text._ZNSt12_Vector_baseImSaImEE13_M_deallocateEPmj
                0x0000000000002c44       0x26 ./source/IO_LedController_CPP.o
                0x0000000000002c44                std::_Vector_base<unsigned long, std::allocator<unsigned long> >::_M_deallocate(unsigned long*, unsigned int)
 .text._ZNKSt16initializer_listImE4sizeEv
                0x0000000000002c6a       0x14 ./source/IO_LedController_CPP.o
                0x0000000000002c6a                std::initializer_list<unsigned long>::size() const
 .text._ZSt19__iterator_categoryIPKmENSt15iterator_traitsIT_E17iterator_categoryERKS3_
                0x0000000000002c7e       0x10 ./source/IO_LedController_CPP.o
                0x0000000000002c7e                std::iterator_traits<unsigned long const*>::iterator_category std::__iterator_category<unsigned long const*>(unsigned long const* const&)
 .text._ZSt10__distanceIPKmENSt15iterator_traitsIT_E15difference_typeES3_S3_St26random_access_iterator_tag
                0x0000000000002c8e       0x1e ./source/IO_LedController_CPP.o
                0x0000000000002c8e                std::iterator_traits<unsigned long const*>::difference_type std::__distance<unsigned long const*>(unsigned long const*, unsigned long const*, std::random_access_iterator_tag)
 .text._ZNSt12_Vector_baseImSaImEE11_M_allocateEj
                0x0000000000002cac       0x2a ./source/IO_LedController_CPP.o
                0x0000000000002cac                std::_Vector_base<unsigned long, std::allocator<unsigned long> >::_M_allocate(unsigned int)
 .text._ZSt22__uninitialized_copy_aIPKmPmmET0_T_S4_S3_RSaIT1_E
                0x0000000000002cd6       0x24 ./source/IO_LedController_CPP.o
                0x0000000000002cd6                unsigned long* std::__uninitialized_copy_a<unsigned long const*, unsigned long*, unsigned long>(unsigned long const*, unsigned long const*, unsigned long*, std::allocator<unsigned long>&)
 .text._ZNSt16allocator_traitsISaImEE37select_on_container_copy_constructionERKS0_
                0x0000000000002cfa       0x1e ./source/IO_LedController_CPP.o
                0x0000000000002cfa                std::allocator_traits<std::allocator<unsigned long> >::select_on_container_copy_construction(std::allocator<unsigned long> const&)
 .text._ZNSt12_Vector_baseImSaImEE17_M_create_storageEj
                0x0000000000002d18       0x3a ./source/IO_LedController_CPP.o
                0x0000000000002d18                std::_Vector_base<unsigned long, std::allocator<unsigned long> >::_M_create_storage(unsigned int)
 .text._ZN9__gnu_cxx17__normal_iteratorIPKmSt6vectorImSaImEEEC2ERKS2_
                0x0000000000002d52       0x1c ./source/IO_LedController_CPP.o
                0x0000000000002d52                __gnu_cxx::__normal_iterator<unsigned long const*, std::vector<unsigned long, std::allocator<unsigned long> > >::__normal_iterator(unsigned long const* const&)
                0x0000000000002d52                __gnu_cxx::__normal_iterator<unsigned long const*, std::vector<unsigned long, std::allocator<unsigned long> > >::__normal_iterator(unsigned long const* const&)
 .text._ZSt18uninitialized_copyIN9__gnu_cxx17__normal_iteratorIPKmSt6vectorImSaImEEEEPmET0_T_SA_S9_
                0x0000000000002d6e       0x32 ./source/IO_LedController_CPP.o
                0x0000000000002d6e                unsigned long* std::uninitialized_copy<__gnu_cxx::__normal_iterator<unsigned long const*, std::vector<unsigned long, std::allocator<unsigned long> > >, unsigned long*>(__gnu_cxx::__normal_iterator<unsigned long const*, std::vector<unsigned long, std::allocator<unsigned long> > >, __gnu_cxx::__normal_iterator<unsigned long const*, std::vector<unsigned long, std::allocator<unsigned long> > >, unsigned long*)
 .text._ZSt8_DestroyIPmEvT_S1_
                0x0000000000002da0       0x1e ./source/IO_LedController_CPP.o
                0x0000000000002da0                void std::_Destroy<unsigned long*>(unsigned long*, unsigned long*)
 .text._ZNSaImEC2ERKS_
                0x0000000000002dbe       0x20 ./source/IO_LedController_CPP.o
                0x0000000000002dbe                std::allocator<unsigned long>::allocator(std::allocator<unsigned long> const&)
                0x0000000000002dbe                std::allocator<unsigned long>::allocator(std::allocator<unsigned long> const&)
 .text._ZNSt12_Vector_baseImSaImEE17_Vector_impl_dataC2Ev
                0x0000000000002dde       0x24 ./source/IO_LedController_CPP.o
                0x0000000000002dde                std::_Vector_base<unsigned long, std::allocator<unsigned long> >::_Vector_impl_data::_Vector_impl_data()
                0x0000000000002dde                std::_Vector_base<unsigned long, std::allocator<unsigned long> >::_Vector_impl_data::_Vector_impl_data()
 .text._ZNSt16allocator_traitsISaImEE10deallocateERS0_Pmj
                0x0000000000002e02       0x20 ./source/IO_LedController_CPP.o
                0x0000000000002e02                std::allocator_traits<std::allocator<unsigned long> >::deallocate(std::allocator<unsigned long>&, unsigned long*, unsigned int)
 .text._ZNSt16allocator_traitsISaImEE8allocateERS0_j
                0x0000000000002e22       0x20 ./source/IO_LedController_CPP.o
                0x0000000000002e22                std::allocator_traits<std::allocator<unsigned long> >::allocate(std::allocator<unsigned long>&, unsigned int)
 .text._ZSt18uninitialized_copyIPKmPmET0_T_S4_S3_
                0x0000000000002e42       0x32 ./source/IO_LedController_CPP.o
                0x0000000000002e42                unsigned long* std::uninitialized_copy<unsigned long const*, unsigned long*>(unsigned long const*, unsigned long const*, unsigned long*)
 .text._ZNSt20__uninitialized_copyILb1EE13__uninit_copyIN9__gnu_cxx17__normal_iteratorIPKmSt6vectorImSaImEEEEPmEET0_T_SC_SB_
                0x0000000000002e74       0x22 ./source/IO_LedController_CPP.o
                0x0000000000002e74                unsigned long* std::__uninitialized_copy<true>::__uninit_copy<__gnu_cxx::__normal_iterator<unsigned long const*, std::vector<unsigned long, std::allocator<unsigned long> > >, unsigned long*>(__gnu_cxx::__normal_iterator<unsigned long const*, std::vector<unsigned long, std::allocator<unsigned long> > >, __gnu_cxx::__normal_iterator<unsigned long const*, std::vector<unsigned long, std::allocator<unsigned long> > >, unsigned long*)
 .text._ZNSt12_Destroy_auxILb1EE9__destroyIPmEEvT_S3_
                0x0000000000002e96       0x12 ./source/IO_LedController_CPP.o
                0x0000000000002e96                void std::_Destroy_aux<true>::__destroy<unsigned long*>(unsigned long*, unsigned long*)
 .text._ZNSt15__new_allocatorImEC2ERKS0_
                0x0000000000002ea8       0x14 ./source/IO_LedController_CPP.o
                0x0000000000002ea8                std::__new_allocator<unsigned long>::__new_allocator(std::__new_allocator<unsigned long> const&)
                0x0000000000002ea8                std::__new_allocator<unsigned long>::__new_allocator(std::__new_allocator<unsigned long> const&)
 .text._ZNSt15__new_allocatorImE10deallocateEPmj
                0x0000000000002ebc       0x20 ./source/IO_LedController_CPP.o
                0x0000000000002ebc                std::__new_allocator<unsigned long>::deallocate(unsigned long*, unsigned int)
 .text._ZNSt16allocator_traitsISaImEE8max_sizeERKS0_
                0x0000000000002edc       0x1a ./source/IO_LedController_CPP.o
                0x0000000000002edc                std::allocator_traits<std::allocator<unsigned long> >::max_size(std::allocator<unsigned long> const&)
 .text._ZSt3minIjERKT_S2_S2_
                0x0000000000002ef6       0x24 ./source/IO_LedController_CPP.o
                0x0000000000002ef6                unsigned int const& std::min<unsigned int>(unsigned int const&, unsigned int const&)
 .text._ZNSt15__new_allocatorImE8allocateEjPKv
                0x0000000000002f1a       0x52 ./source/IO_LedController_CPP.o
                0x0000000000002f1a                std::__new_allocator<unsigned long>::allocate(unsigned int, void const*)
 .text._ZNSt20__uninitialized_copyILb1EE13__uninit_copyIPKmPmEET0_T_S6_S5_
                0x0000000000002f6c       0x22 ./source/IO_LedController_CPP.o
                0x0000000000002f6c                unsigned long* std::__uninitialized_copy<true>::__uninit_copy<unsigned long const*, unsigned long*>(unsigned long const*, unsigned long const*, unsigned long*)
 .text._ZSt4copyIN9__gnu_cxx17__normal_iteratorIPKmSt6vectorImSaImEEEEPmET0_T_SA_S9_
                0x0000000000002f8e       0x34 ./source/IO_LedController_CPP.o
                0x0000000000002f8e                unsigned long* std::copy<__gnu_cxx::__normal_iterator<unsigned long const*, std::vector<unsigned long, std::allocator<unsigned long> > >, unsigned long*>(__gnu_cxx::__normal_iterator<unsigned long const*, std::vector<unsigned long, std::allocator<unsigned long> > >, __gnu_cxx::__normal_iterator<unsigned long const*, std::vector<unsigned long, std::allocator<unsigned long> > >, unsigned long*)
 .text._ZNKSt15__new_allocatorImE8max_sizeEv
                0x0000000000002fc2       0x1a ./source/IO_LedController_CPP.o
                0x0000000000002fc2                std::__new_allocator<unsigned long>::max_size() const
 .text._ZSt4copyIPKmPmET0_T_S4_S3_
                0x0000000000002fdc       0x34 ./source/IO_LedController_CPP.o
                0x0000000000002fdc                unsigned long* std::copy<unsigned long const*, unsigned long*>(unsigned long const*, unsigned long const*, unsigned long*)
 .text._ZSt12__miter_baseIN9__gnu_cxx17__normal_iteratorIPKmSt6vectorImSaImEEEEET_S8_
                0x0000000000003010       0x12 ./source/IO_LedController_CPP.o
                0x0000000000003010                __gnu_cxx::__normal_iterator<unsigned long const*, std::vector<unsigned long, std::allocator<unsigned long> > > std::__miter_base<__gnu_cxx::__normal_iterator<unsigned long const*, std::vector<unsigned long, std::allocator<unsigned long> > > >(__gnu_cxx::__normal_iterator<unsigned long const*, std::vector<unsigned long, std::allocator<unsigned long> > >)
 .text._ZSt13__copy_move_aILb0EN9__gnu_cxx17__normal_iteratorIPKmSt6vectorImSaImEEEEPmET1_T0_SA_S9_
                0x0000000000003022       0x4a ./source/IO_LedController_CPP.o
                0x0000000000003022                unsigned long* std::__copy_move_a<false, __gnu_cxx::__normal_iterator<unsigned long const*, std::vector<unsigned long, std::allocator<unsigned long> > >, unsigned long*>(__gnu_cxx::__normal_iterator<unsigned long const*, std::vector<unsigned long, std::allocator<unsigned long> > >, __gnu_cxx::__normal_iterator<unsigned long const*, std::vector<unsigned long, std::allocator<unsigned long> > >, unsigned long*)
 .text._ZSt12__miter_baseIPKmET_S2_
                0x000000000000306c       0x12 ./source/IO_LedController_CPP.o
                0x000000000000306c                unsigned long const* std::__miter_base<unsigned long const*>(unsigned long const*)
 .text._ZSt13__copy_move_aILb0EPKmPmET1_T0_S4_S3_
                0x000000000000307e       0x4a ./source/IO_LedController_CPP.o
                0x000000000000307e                unsigned long* std::__copy_move_a<false, unsigned long const*, unsigned long*>(unsigned long const*, unsigned long const*, unsigned long*)
 .text._ZSt12__niter_baseIPKmSt6vectorImSaImEEET_N9__gnu_cxx17__normal_iteratorIS5_T0_EE
                0x00000000000030c8       0x1c ./source/IO_LedController_CPP.o
                0x00000000000030c8                unsigned long const* std::__niter_base<unsigned long const*, std::vector<unsigned long, std::allocator<unsigned long> > >(__gnu_cxx::__normal_iterator<unsigned long const*, std::vector<unsigned long, std::allocator<unsigned long> > >)
 .text._ZSt12__niter_baseIPmET_S1_
                0x00000000000030e4       0x12 ./source/IO_LedController_CPP.o
                0x00000000000030e4                unsigned long* std::__niter_base<unsigned long*>(unsigned long*)
 .text._ZSt14__copy_move_a1ILb0EPKmPmET1_T0_S4_S3_
                0x00000000000030f6       0x22 ./source/IO_LedController_CPP.o
                0x00000000000030f6                unsigned long* std::__copy_move_a1<false, unsigned long const*, unsigned long*>(unsigned long const*, unsigned long const*, unsigned long*)
 .text._ZSt12__niter_wrapIPmET_RKS1_S1_
                0x0000000000003118       0x14 ./source/IO_LedController_CPP.o
                0x0000000000003118                unsigned long* std::__niter_wrap<unsigned long*>(unsigned long* const&, unsigned long*)
 .text._ZSt12__niter_baseIPKmET_S2_
                0x000000000000312c       0x12 ./source/IO_LedController_CPP.o
                0x000000000000312c                unsigned long const* std::__niter_base<unsigned long const*>(unsigned long const*)
 .text._ZNK9__gnu_cxx17__normal_iteratorIPKmSt6vectorImSaImEEE4baseEv
                0x000000000000313e       0x12 ./source/IO_LedController_CPP.o
                0x000000000000313e                __gnu_cxx::__normal_iterator<unsigned long const*, std::vector<unsigned long, std::allocator<unsigned long> > >::base() const
 .text._ZSt14__copy_move_a2ILb0EPKmPmET1_T0_S4_S3_
                0x0000000000003150       0x22 ./source/IO_LedController_CPP.o
                0x0000000000003150                unsigned long* std::__copy_move_a2<false, unsigned long const*, unsigned long*>(unsigned long const*, unsigned long const*, unsigned long*)
 .text._ZNSt11__copy_moveILb0ELb1ESt26random_access_iterator_tagE8__copy_mImEEPT_PKS3_S6_S4_
                0x0000000000003172       0x3a ./source/IO_LedController_CPP.o
                0x0000000000003172                unsigned long* std::__copy_move<false, true, std::random_access_iterator_tag>::__copy_m<unsigned long>(unsigned long const*, unsigned long const*, unsigned long*)
 .text._ZNSt12_Vector_baseImSaImEEC2Ev
                0x00000000000031ac       0x1a ./source/Neopixels.o
                0x00000000000031ac                std::_Vector_base<unsigned long, std::allocator<unsigned long> >::_Vector_base()
                0x00000000000031ac                std::_Vector_base<unsigned long, std::allocator<unsigned long> >::_Vector_base()
 .text._ZNSt6vectorImSaImEEC2Ev
                0x00000000000031c6       0x1a ./source/Neopixels.o
                0x00000000000031c6                std::vector<unsigned long, std::allocator<unsigned long> >::vector()
                0x00000000000031c6                std::vector<unsigned long, std::allocator<unsigned long> >::vector()
 .text._ZN9NeopixelsD0Ev
                0x00000000000031e0       0x24 ./source/Neopixels.o
                0x00000000000031e0                Neopixels::~Neopixels()
 .text._ZN9Neopixels13getLedsNumberEv
                0x0000000000003204       0x1c ./source/Neopixels.o
                0x0000000000003204                Neopixels::getLedsNumber()
 .text._ZN9Neopixels11writeColorsESt6vectorImSaImEE
                0x0000000000003220       0x2a ./source/Neopixels.o
                0x0000000000003220                Neopixels::writeColors(std::vector<unsigned long, std::allocator<unsigned long> >)
 .text._ZN9Neopixels8sendDataEv
                0x000000000000324a       0xd8 ./source/Neopixels.o
                0x000000000000324a                Neopixels::sendData()
 .text._ZN9Neopixels9shiftLeftEm
                0x0000000000003322       0x5a ./source/Neopixels.o
                0x0000000000003322                Neopixels::shiftLeft(unsigned long)
 .text._ZN9Neopixels10shiftRightEm
                0x000000000000337c       0x6c ./source/Neopixels.o
                0x000000000000337c                Neopixels::shiftRight(unsigned long)
 .text._ZN9Neopixels8pendulumEm
                0x00000000000033e8       0x6e ./source/Neopixels.o
                0x00000000000033e8                Neopixels::pendulum(unsigned long)
 .text._ZNSt12_Vector_baseImSaImEE12_Vector_implC2Ev
                0x0000000000003456       0x22 ./source/Neopixels.o
                0x0000000000003456                std::_Vector_base<unsigned long, std::allocator<unsigned long> >::_Vector_impl::_Vector_impl()
                0x0000000000003456                std::_Vector_base<unsigned long, std::allocator<unsigned long> >::_Vector_impl::_Vector_impl()
 .text._ZNSt6vectorImSaImEE5clearEv
                0x0000000000003478       0x1e ./source/Neopixels.o
                0x0000000000003478                std::vector<unsigned long, std::allocator<unsigned long> >::clear()
 .text._ZN9__gnu_cxx14__alloc_traitsISaImEmE27_S_propagate_on_copy_assignEv
                0x0000000000003496        0xc ./source/Neopixels.o
                0x0000000000003496                __gnu_cxx::__alloc_traits<std::allocator<unsigned long>, unsigned long>::_S_propagate_on_copy_assign()
 .text._ZN9__gnu_cxx14__alloc_traitsISaImEmE15_S_always_equalEv
                0x00000000000034a2        0xc ./source/Neopixels.o
                0x00000000000034a2                __gnu_cxx::__alloc_traits<std::allocator<unsigned long>, unsigned long>::_S_always_equal()
 .text._ZNSt6vectorImSaImEEaSERKS1_
                0x00000000000034ae      0x210 ./source/Neopixels.o
                0x00000000000034ae                std::vector<unsigned long, std::allocator<unsigned long> >::operator=(std::vector<unsigned long, std::allocator<unsigned long> > const&)
 .text._ZNSt6vectorImSaImEEixEj
                0x00000000000036be       0x1c ./source/Neopixels.o
                0x00000000000036be                std::vector<unsigned long, std::allocator<unsigned long> >::operator[](unsigned int)
 .text._ZNSt6vectorImSaImEE5beginEv
                0x00000000000036da       0x20 ./source/Neopixels.o
                0x00000000000036da                std::vector<unsigned long, std::allocator<unsigned long> >::begin()
 .text._ZNK9__gnu_cxx17__normal_iteratorIPmSt6vectorImSaImEEEplEi
                0x00000000000036fa       0x30 ./source/Neopixels.o
                0x00000000000036fa                __gnu_cxx::__normal_iterator<unsigned long*, std::vector<unsigned long, std::allocator<unsigned long> > >::operator+(int) const
 .text._ZNSt6vectorImSaImEE3endEv
                0x000000000000372a       0x22 ./source/Neopixels.o
                0x000000000000372a                std::vector<unsigned long, std::allocator<unsigned long> >::end()
 .text._ZNSt3_V26rotateIN9__gnu_cxx17__normal_iteratorIPmSt6vectorImSaImEEEEEET_S8_S8_S8_
                0x000000000000374c       0x2c ./source/Neopixels.o
                0x000000000000374c                __gnu_cxx::__normal_iterator<unsigned long*, std::vector<unsigned long, std::allocator<unsigned long> > > std::_V2::rotate<__gnu_cxx::__normal_iterator<unsigned long*, std::vector<unsigned long, std::allocator<unsigned long> > > >(__gnu_cxx::__normal_iterator<unsigned long*, std::vector<unsigned long, std::allocator<unsigned long> > >, __gnu_cxx::__normal_iterator<unsigned long*, std::vector<unsigned long, std::allocator<unsigned long> > >, __gnu_cxx::__normal_iterator<unsigned long*, std::vector<unsigned long, std::allocator<unsigned long> > >)
 .text._ZNSt6vectorImSaImEE6rbeginEv
                0x0000000000003778       0x26 ./source/Neopixels.o
                0x0000000000003778                std::vector<unsigned long, std::allocator<unsigned long> >::rbegin()
 .text._ZNKSt16reverse_iteratorIN9__gnu_cxx17__normal_iteratorIPmSt6vectorImSaImEEEEEplEi
                0x000000000000379e       0x2c ./source/Neopixels.o
                0x000000000000379e                std::reverse_iterator<__gnu_cxx::__normal_iterator<unsigned long*, std::vector<unsigned long, std::allocator<unsigned long> > > >::operator+(int) const
 .text._ZNSt6vectorImSaImEE4rendEv
                0x00000000000037ca       0x26 ./source/Neopixels.o
                0x00000000000037ca                std::vector<unsigned long, std::allocator<unsigned long> >::rend()
 .text._ZNSt3_V26rotateISt16reverse_iteratorIN9__gnu_cxx17__normal_iteratorIPmSt6vectorImSaImEEEEEEET_SA_SA_SA_
                0x00000000000037f0       0x5c ./source/Neopixels.o
                0x00000000000037f0                std::reverse_iterator<__gnu_cxx::__normal_iterator<unsigned long*, std::vector<unsigned long, std::allocator<unsigned long> > > > std::_V2::rotate<std::reverse_iterator<__gnu_cxx::__normal_iterator<unsigned long*, std::vector<unsigned long, std::allocator<unsigned long> > > > >(std::reverse_iterator<__gnu_cxx::__normal_iterator<unsigned long*, std::vector<unsigned long, std::allocator<unsigned long> > > >, std::reverse_iterator<__gnu_cxx::__normal_iterator<unsigned long*, std::vector<unsigned long, std::allocator<unsigned long> > > >, std::reverse_iterator<__gnu_cxx::__normal_iterator<unsigned long*, std::vector<unsigned long, std::allocator<unsigned long> > > >)
 .text._ZNSt6vectorImSaImEE15_M_erase_at_endEPm
                0x000000000000384c       0x42 ./source/Neopixels.o
                0x000000000000384c                std::vector<unsigned long, std::allocator<unsigned long> >::_M_erase_at_end(unsigned long*)
 .text._ZSt11__addressofIKSt6vectorImSaImEEEPT_RS4_
                0x000000000000388e       0x12 ./source/Neopixels.o
                0x000000000000388e                std::vector<unsigned long, std::allocator<unsigned long> > const* std::__addressof<std::vector<unsigned long, std::allocator<unsigned long> > const>(std::vector<unsigned long, std::allocator<unsigned long> > const&)
 .text._ZStneRKSaImES1_
                0x00000000000038a0       0x14 ./source/Neopixels.o
                0x00000000000038a0                std::operator!=(std::allocator<unsigned long> const&, std::allocator<unsigned long> const&)
 .text._ZSt15__alloc_on_copyISaImEEvRT_RKS1_
                0x00000000000038b4       0x12 ./source/Neopixels.o
                0x00000000000038b4                void std::__alloc_on_copy<std::allocator<unsigned long> >(std::allocator<unsigned long>&, std::allocator<unsigned long> const&)
 .text._ZNKSt6vectorImSaImEE8capacityEv
                0x00000000000038c6       0x1c ./source/Neopixels.o
                0x00000000000038c6                std::vector<unsigned long, std::allocator<unsigned long> >::capacity() const
 .text._ZNSt6vectorImSaImEE20_M_allocate_and_copyIN9__gnu_cxx17__normal_iteratorIPKmS1_EEEEPmjT_S9_
                0x00000000000038e2       0x3c ./source/Neopixels.o
                0x00000000000038e2                unsigned long* std::vector<unsigned long, std::allocator<unsigned long> >::_M_allocate_and_copy<__gnu_cxx::__normal_iterator<unsigned long const*, std::vector<unsigned long, std::allocator<unsigned long> > > >(unsigned int, __gnu_cxx::__normal_iterator<unsigned long const*, std::vector<unsigned long, std::allocator<unsigned long> > >, __gnu_cxx::__normal_iterator<unsigned long const*, std::vector<unsigned long, std::allocator<unsigned long> > >)
 .text._ZSt4copyIN9__gnu_cxx17__normal_iteratorIPKmSt6vectorImSaImEEEENS1_IPmS6_EEET0_T_SB_SA_
                0x000000000000391e       0x34 ./source/Neopixels.o
                0x000000000000391e                __gnu_cxx::__normal_iterator<unsigned long*, std::vector<unsigned long, std::allocator<unsigned long> > > std::copy<__gnu_cxx::__normal_iterator<unsigned long const*, std::vector<unsigned long, std::allocator<unsigned long> > >, __gnu_cxx::__normal_iterator<unsigned long*, std::vector<unsigned long, std::allocator<unsigned long> > > >(__gnu_cxx::__normal_iterator<unsigned long const*, std::vector<unsigned long, std::allocator<unsigned long> > >, __gnu_cxx::__normal_iterator<unsigned long const*, std::vector<unsigned long, std::allocator<unsigned long> > >, __gnu_cxx::__normal_iterator<unsigned long*, std::vector<unsigned long, std::allocator<unsigned long> > >)
 .text._ZSt8_DestroyIN9__gnu_cxx17__normal_iteratorIPmSt6vectorImSaImEEEEmEvT_S7_RSaIT0_E
                0x0000000000003952       0x20 ./source/Neopixels.o
                0x0000000000003952                void std::_Destroy<__gnu_cxx::__normal_iterator<unsigned long*, std::vector<unsigned long, std::allocator<unsigned long> > >, unsigned long>(__gnu_cxx::__normal_iterator<unsigned long*, std::vector<unsigned long, std::allocator<unsigned long> > >, __gnu_cxx::__normal_iterator<unsigned long*, std::vector<unsigned long, std::allocator<unsigned long> > >, std::allocator<unsigned long>&)
 .text._ZSt4copyIPmS0_ET0_T_S2_S1_
                0x0000000000003972       0x34 ./source/Neopixels.o
                0x0000000000003972                unsigned long* std::copy<unsigned long*, unsigned long*>(unsigned long*, unsigned long*, unsigned long*)
 .text._ZSt22__uninitialized_copy_aIPmS0_mET0_T_S2_S1_RSaIT1_E
                0x00000000000039a6       0x24 ./source/Neopixels.o
                0x00000000000039a6                unsigned long* std::__uninitialized_copy_a<unsigned long*, unsigned long*, unsigned long>(unsigned long*, unsigned long*, unsigned long*, std::allocator<unsigned long>&)
 .text._ZN9__gnu_cxx17__normal_iteratorIPmSt6vectorImSaImEEEC2ERKS1_
                0x00000000000039ca       0x1c ./source/Neopixels.o
                0x00000000000039ca                __gnu_cxx::__normal_iterator<unsigned long*, std::vector<unsigned long, std::allocator<unsigned long> > >::__normal_iterator(unsigned long* const&)
                0x00000000000039ca                __gnu_cxx::__normal_iterator<unsigned long*, std::vector<unsigned long, std::allocator<unsigned long> > >::__normal_iterator(unsigned long* const&)
 .text._ZSt19__iterator_categoryIN9__gnu_cxx17__normal_iteratorIPmSt6vectorImSaImEEEEENSt15iterator_traitsIT_E17iterator_categoryERKS8_
                0x00000000000039e6       0x10 ./source/Neopixels.o
                0x00000000000039e6                std::iterator_traits<__gnu_cxx::__normal_iterator<unsigned long*, std::vector<unsigned long, std::allocator<unsigned long> > > >::iterator_category std::__iterator_category<__gnu_cxx::__normal_iterator<unsigned long*, std::vector<unsigned long, std::allocator<unsigned long> > > >(__gnu_cxx::__normal_iterator<unsigned long*, std::vector<unsigned long, std::allocator<unsigned long> > > const&)
 .text._ZNSt3_V28__rotateIN9__gnu_cxx17__normal_iteratorIPmSt6vectorImSaImEEEEEET_S8_S8_S8_St26random_access_iterator_tag
                0x00000000000039f6      0x2de ./source/Neopixels.o
                0x00000000000039f6                __gnu_cxx::__normal_iterator<unsigned long*, std::vector<unsigned long, std::allocator<unsigned long> > > std::_V2::__rotate<__gnu_cxx::__normal_iterator<unsigned long*, std::vector<unsigned long, std::allocator<unsigned long> > > >(__gnu_cxx::__normal_iterator<unsigned long*, std::vector<unsigned long, std::allocator<unsigned long> > >, __gnu_cxx::__normal_iterator<unsigned long*, std::vector<unsigned long, std::allocator<unsigned long> > >, __gnu_cxx::__normal_iterator<unsigned long*, std::vector<unsigned long, std::allocator<unsigned long> > >, std::random_access_iterator_tag)
 .text._ZNSt16reverse_iteratorIN9__gnu_cxx17__normal_iteratorIPmSt6vectorImSaImEEEEEC2ES6_
                0x0000000000003cd4       0x1a ./source/Neopixels.o
                0x0000000000003cd4                std::reverse_iterator<__gnu_cxx::__normal_iterator<unsigned long*, std::vector<unsigned long, std::allocator<unsigned long> > > >::reverse_iterator(__gnu_cxx::__normal_iterator<unsigned long*, std::vector<unsigned long, std::allocator<unsigned long> > >)
                0x0000000000003cd4                std::reverse_iterator<__gnu_cxx::__normal_iterator<unsigned long*, std::vector<unsigned long, std::allocator<unsigned long> > > >::reverse_iterator(__gnu_cxx::__normal_iterator<unsigned long*, std::vector<unsigned long, std::allocator<unsigned long> > >)
 .text._ZNK9__gnu_cxx17__normal_iteratorIPmSt6vectorImSaImEEEmiEi
                0x0000000000003cee       0x32 ./source/Neopixels.o
                0x0000000000003cee                __gnu_cxx::__normal_iterator<unsigned long*, std::vector<unsigned long, std::allocator<unsigned long> > >::operator-(int) const
 .text._ZSt19__iterator_categoryISt16reverse_iteratorIN9__gnu_cxx17__normal_iteratorIPmSt6vectorImSaImEEEEEENSt15iterator_traitsIT_E17iterator_categoryERKSA_
                0x0000000000003d20       0x10 ./source/Neopixels.o
                0x0000000000003d20                std::iterator_traits<std::reverse_iterator<__gnu_cxx::__normal_iterator<unsigned long*, std::vector<unsigned long, std::allocator<unsigned long> > > > >::iterator_category std::__iterator_category<std::reverse_iterator<__gnu_cxx::__normal_iterator<unsigned long*, std::vector<unsigned long, std::allocator<unsigned long> > > > >(std::reverse_iterator<__gnu_cxx::__normal_iterator<unsigned long*, std::vector<unsigned long, std::allocator<unsigned long> > > > const&)
 .text._ZNSt16reverse_iteratorIN9__gnu_cxx17__normal_iteratorIPmSt6vectorImSaImEEEEEC2ERKS7_
                0x0000000000003d30       0x1c ./source/Neopixels.o
                0x0000000000003d30                std::reverse_iterator<__gnu_cxx::__normal_iterator<unsigned long*, std::vector<unsigned long, std::allocator<unsigned long> > > >::reverse_iterator(std::reverse_iterator<__gnu_cxx::__normal_iterator<unsigned long*, std::vector<unsigned long, std::allocator<unsigned long> > > > const&)
                0x0000000000003d30                std::reverse_iterator<__gnu_cxx::__normal_iterator<unsigned long*, std::vector<unsigned long, std::allocator<unsigned long> > > >::reverse_iterator(std::reverse_iterator<__gnu_cxx::__normal_iterator<unsigned long*, std::vector<unsigned long, std::allocator<unsigned long> > > > const&)
 .text._ZSteqIN9__gnu_cxx17__normal_iteratorIPmSt6vectorImSaImEEEEEbRKSt16reverse_iteratorIT_ESB_
                0x0000000000003d4c       0x3c ./source/Neopixels.o
                0x0000000000003d4c                bool std::operator==<__gnu_cxx::__normal_iterator<unsigned long*, std::vector<unsigned long, std::allocator<unsigned long> > > >(std::reverse_iterator<__gnu_cxx::__normal_iterator<unsigned long*, std::vector<unsigned long, std::allocator<unsigned long> > > > const&, std::reverse_iterator<__gnu_cxx::__normal_iterator<unsigned long*, std::vector<unsigned long, std::allocator<unsigned long> > > > const&)
 .text._ZStmiIN9__gnu_cxx17__normal_iteratorIPmSt6vectorImSaImEEEES6_EDTmicldtfp0_4baseEcldtfp_4baseEERKSt16reverse_iteratorIT_ERKS8_IT0_E
                0x0000000000003d88       0x3c ./source/Neopixels.o
                0x0000000000003d88                decltype ((({parm#2}.base)())-(({parm#1}.base)())) std::operator-<__gnu_cxx::__normal_iterator<unsigned long*, std::vector<unsigned long, std::allocator<unsigned long> > >, __gnu_cxx::__normal_iterator<unsigned long*, std::vector<unsigned long, std::allocator<unsigned long> > > >(std::reverse_iterator<__gnu_cxx::__normal_iterator<unsigned long*, std::vector<unsigned long, std::allocator<unsigned long> > > > const&, std::reverse_iterator<__gnu_cxx::__normal_iterator<unsigned long*, std::vector<unsigned long, std::allocator<unsigned long> > > > const&)
 .text._ZNKSt16reverse_iteratorIN9__gnu_cxx17__normal_iteratorIPmSt6vectorImSaImEEEEEdeEv
                0x0000000000003dc4       0x2a ./source/Neopixels.o
                0x0000000000003dc4                std::reverse_iterator<__gnu_cxx::__normal_iterator<unsigned long*, std::vector<unsigned long, std::allocator<unsigned long> > > >::operator*() const
 .text._ZNSt3_V28__rotateISt16reverse_iteratorIN9__gnu_cxx17__normal_iteratorIPmSt6vectorImSaImEEEEEEET_SA_SA_SA_St26random_access_iterator_tag
                0x0000000000003dee      0x3c0 ./source/Neopixels.o
                0x0000000000003dee                std::reverse_iterator<__gnu_cxx::__normal_iterator<unsigned long*, std::vector<unsigned long, std::allocator<unsigned long> > > > std::_V2::__rotate<std::reverse_iterator<__gnu_cxx::__normal_iterator<unsigned long*, std::vector<unsigned long, std::allocator<unsigned long> > > > >(std::reverse_iterator<__gnu_cxx::__normal_iterator<unsigned long*, std::vector<unsigned long, std::allocator<unsigned long> > > >, std::reverse_iterator<__gnu_cxx::__normal_iterator<unsigned long*, std::vector<unsigned long, std::allocator<unsigned long> > > >, std::reverse_iterator<__gnu_cxx::__normal_iterator<unsigned long*, std::vector<unsigned long, std::allocator<unsigned long> > > >, std::random_access_iterator_tag)
 .text._ZN9__gnu_cxxmiIPmSt6vectorImSaImEEEENS_17__normal_iteratorIT_T0_E15difference_typeERKS8_SB_
                0x00000000000041ae       0x2e ./source/Neopixels.o
                0x00000000000041ae                __gnu_cxx::__normal_iterator<unsigned long*, std::vector<unsigned long, std::allocator<unsigned long> > >::difference_type __gnu_cxx::operator-<unsigned long*, std::vector<unsigned long, std::allocator<unsigned long> > >(__gnu_cxx::__normal_iterator<unsigned long*, std::vector<unsigned long, std::allocator<unsigned long> > > const&, __gnu_cxx::__normal_iterator<unsigned long*, std::vector<unsigned long, std::allocator<unsigned long> > > const&)
 .text._ZNK9__gnu_cxx17__normal_iteratorIPmSt6vectorImSaImEEE4baseEv
                0x00000000000041dc       0x12 ./source/Neopixels.o
                0x00000000000041dc                __gnu_cxx::__normal_iterator<unsigned long*, std::vector<unsigned long, std::allocator<unsigned long> > >::base() const
 .text._ZSt13__copy_move_aILb0EN9__gnu_cxx17__normal_iteratorIPKmSt6vectorImSaImEEEENS1_IPmS6_EEET1_T0_SB_SA_
                0x00000000000041ee       0x4a ./source/Neopixels.o
                0x00000000000041ee                __gnu_cxx::__normal_iterator<unsigned long*, std::vector<unsigned long, std::allocator<unsigned long> > > std::__copy_move_a<false, __gnu_cxx::__normal_iterator<unsigned long const*, std::vector<unsigned long, std::allocator<unsigned long> > >, __gnu_cxx::__normal_iterator<unsigned long*, std::vector<unsigned long, std::allocator<unsigned long> > > >(__gnu_cxx::__normal_iterator<unsigned long const*, std::vector<unsigned long, std::allocator<unsigned long> > >, __gnu_cxx::__normal_iterator<unsigned long const*, std::vector<unsigned long, std::allocator<unsigned long> > >, __gnu_cxx::__normal_iterator<unsigned long*, std::vector<unsigned long, std::allocator<unsigned long> > >)
 .text._ZSt8_DestroyIN9__gnu_cxx17__normal_iteratorIPmSt6vectorImSaImEEEEEvT_S7_
                0x0000000000004238       0x1e ./source/Neopixels.o
                0x0000000000004238                void std::_Destroy<__gnu_cxx::__normal_iterator<unsigned long*, std::vector<unsigned long, std::allocator<unsigned long> > > >(__gnu_cxx::__normal_iterator<unsigned long*, std::vector<unsigned long, std::allocator<unsigned long> > >, __gnu_cxx::__normal_iterator<unsigned long*, std::vector<unsigned long, std::allocator<unsigned long> > >)
 .text._ZSt12__miter_baseIPmET_S1_
                0x0000000000004256       0x12 ./source/Neopixels.o
                0x0000000000004256                unsigned long* std::__miter_base<unsigned long*>(unsigned long*)
 .text._ZSt13__copy_move_aILb0EPmS0_ET1_T0_S2_S1_
                0x0000000000004268       0x4a ./source/Neopixels.o
                0x0000000000004268                unsigned long* std::__copy_move_a<false, unsigned long*, unsigned long*>(unsigned long*, unsigned long*, unsigned long*)
 .text._ZSt18uninitialized_copyIPmS0_ET0_T_S2_S1_
                0x00000000000042b2       0x32 ./source/Neopixels.o
                0x00000000000042b2                unsigned long* std::uninitialized_copy<unsigned long*, unsigned long*>(unsigned long*, unsigned long*, unsigned long*)
 .text._ZN9__gnu_cxxeqIPmSt6vectorImSaImEEEEbRKNS_17__normal_iteratorIT_T0_EESA_
                0x00000000000042e4       0x32 ./source/Neopixels.o
                0x00000000000042e4                bool __gnu_cxx::operator==<unsigned long*, std::vector<unsigned long, std::allocator<unsigned long> > >(__gnu_cxx::__normal_iterator<unsigned long*, std::vector<unsigned long, std::allocator<unsigned long> > > const&, __gnu_cxx::__normal_iterator<unsigned long*, std::vector<unsigned long, std::allocator<unsigned long> > > const&)
 .text._ZSt11swap_rangesIN9__gnu_cxx17__normal_iteratorIPmSt6vectorImSaImEEEES6_ET0_T_S8_S7_
                0x0000000000004316       0x4a ./source/Neopixels.o
                0x0000000000004316                __gnu_cxx::__normal_iterator<unsigned long*, std::vector<unsigned long, std::allocator<unsigned long> > > std::swap_ranges<__gnu_cxx::__normal_iterator<unsigned long*, std::vector<unsigned long, std::allocator<unsigned long> > >, __gnu_cxx::__normal_iterator<unsigned long*, std::vector<unsigned long, std::allocator<unsigned long> > > >(__gnu_cxx::__normal_iterator<unsigned long*, std::vector<unsigned long, std::allocator<unsigned long> > >, __gnu_cxx::__normal_iterator<unsigned long*, std::vector<unsigned long, std::allocator<unsigned long> > >, __gnu_cxx::__normal_iterator<unsigned long*, std::vector<unsigned long, std::allocator<unsigned long> > >)
 .text._ZNK9__gnu_cxx17__normal_iteratorIPmSt6vectorImSaImEEEdeEv
                0x0000000000004360       0x14 ./source/Neopixels.o
                0x0000000000004360                __gnu_cxx::__normal_iterator<unsigned long*, std::vector<unsigned long, std::allocator<unsigned long> > >::operator*() const
 .text._ZSt4moveIRmEONSt16remove_referenceIT_E4typeEOS2_
                0x0000000000004374       0x12 ./source/Neopixels.o
                0x0000000000004374                std::remove_reference<unsigned long&>::type&& std::move<unsigned long&>(unsigned long&)
 .text._ZSt4moveIN9__gnu_cxx17__normal_iteratorIPmSt6vectorImSaImEEEES6_ET0_T_S8_S7_
                0x0000000000004386       0x34 ./source/Neopixels.o
                0x0000000000004386                __gnu_cxx::__normal_iterator<unsigned long*, std::vector<unsigned long, std::allocator<unsigned long> > > std::move<__gnu_cxx::__normal_iterator<unsigned long*, std::vector<unsigned long, std::allocator<unsigned long> > >, __gnu_cxx::__normal_iterator<unsigned long*, std::vector<unsigned long, std::allocator<unsigned long> > > >(__gnu_cxx::__normal_iterator<unsigned long*, std::vector<unsigned long, std::allocator<unsigned long> > >, __gnu_cxx::__normal_iterator<unsigned long*, std::vector<unsigned long, std::allocator<unsigned long> > >, __gnu_cxx::__normal_iterator<unsigned long*, std::vector<unsigned long, std::allocator<unsigned long> > >)
 .text._ZSt9iter_swapIN9__gnu_cxx17__normal_iteratorIPmSt6vectorImSaImEEEES6_EvT_T0_
                0x00000000000043ba       0x2e ./source/Neopixels.o
                0x00000000000043ba                void std::iter_swap<__gnu_cxx::__normal_iterator<unsigned long*, std::vector<unsigned long, std::allocator<unsigned long> > >, __gnu_cxx::__normal_iterator<unsigned long*, std::vector<unsigned long, std::allocator<unsigned long> > > >(__gnu_cxx::__normal_iterator<unsigned long*, std::vector<unsigned long, std::allocator<unsigned long> > >, __gnu_cxx::__normal_iterator<unsigned long*, std::vector<unsigned long, std::allocator<unsigned long> > >)
 .text._ZN9__gnu_cxx17__normal_iteratorIPmSt6vectorImSaImEEEppEv
                0x00000000000043e8       0x1c ./source/Neopixels.o
                0x00000000000043e8                __gnu_cxx::__normal_iterator<unsigned long*, std::vector<unsigned long, std::allocator<unsigned long> > >::operator++()
 .text._ZSt4swapIiENSt9enable_ifIXsrSt6__and_IJSt6__not_ISt15__is_tuple_likeIT_EESt21is_move_constructibleIS4_ESt18is_move_assignableIS4_EEE5valueEvE4typeERS4_SE_
                0x0000000000004404       0x42 ./source/Neopixels.o
                0x0000000000004404                std::enable_if<std::__and_<std::__not_<std::__is_tuple_like<int> >, std::is_move_constructible<int>, std::is_move_assignable<int> >::value, void>::type std::swap<int>(int&, int&)
 .text._ZSt13move_backwardIN9__gnu_cxx17__normal_iteratorIPmSt6vectorImSaImEEEES6_ET0_T_S8_S7_
                0x0000000000004446       0x34 ./source/Neopixels.o
                0x0000000000004446                __gnu_cxx::__normal_iterator<unsigned long*, std::vector<unsigned long, std::allocator<unsigned long> > > std::move_backward<__gnu_cxx::__normal_iterator<unsigned long*, std::vector<unsigned long, std::allocator<unsigned long> > >, __gnu_cxx::__normal_iterator<unsigned long*, std::vector<unsigned long, std::allocator<unsigned long> > > >(__gnu_cxx::__normal_iterator<unsigned long*, std::vector<unsigned long, std::allocator<unsigned long> > >, __gnu_cxx::__normal_iterator<unsigned long*, std::vector<unsigned long, std::allocator<unsigned long> > >, __gnu_cxx::__normal_iterator<unsigned long*, std::vector<unsigned long, std::allocator<unsigned long> > >)
 .text._ZN9__gnu_cxx17__normal_iteratorIPmSt6vectorImSaImEEEmmEv
                0x000000000000447a       0x1c ./source/Neopixels.o
                0x000000000000447a                __gnu_cxx::__normal_iterator<unsigned long*, std::vector<unsigned long, std::allocator<unsigned long> > >::operator--()
 .text._ZNKSt16reverse_iteratorIN9__gnu_cxx17__normal_iteratorIPmSt6vectorImSaImEEEEE4baseEv
                0x0000000000004496       0x14 ./source/Neopixels.o
                0x0000000000004496                std::reverse_iterator<__gnu_cxx::__normal_iterator<unsigned long*, std::vector<unsigned long, std::allocator<unsigned long> > > >::base() const
 .text._ZSt11swap_rangesISt16reverse_iteratorIN9__gnu_cxx17__normal_iteratorIPmSt6vectorImSaImEEEEES8_ET0_T_SA_S9_
                0x00000000000044aa       0x6c ./source/Neopixels.o
                0x00000000000044aa                std::reverse_iterator<__gnu_cxx::__normal_iterator<unsigned long*, std::vector<unsigned long, std::allocator<unsigned long> > > > std::swap_ranges<std::reverse_iterator<__gnu_cxx::__normal_iterator<unsigned long*, std::vector<unsigned long, std::allocator<unsigned long> > > >, std::reverse_iterator<__gnu_cxx::__normal_iterator<unsigned long*, std::vector<unsigned long, std::allocator<unsigned long> > > > >(std::reverse_iterator<__gnu_cxx::__normal_iterator<unsigned long*, std::vector<unsigned long, std::allocator<unsigned long> > > >, std::reverse_iterator<__gnu_cxx::__normal_iterator<unsigned long*, std::vector<unsigned long, std::allocator<unsigned long> > > >, std::reverse_iterator<__gnu_cxx::__normal_iterator<unsigned long*, std::vector<unsigned long, std::allocator<unsigned long> > > >)
 .text._ZSt4moveISt16reverse_iteratorIN9__gnu_cxx17__normal_iteratorIPmSt6vectorImSaImEEEEES8_ET0_T_SA_S9_
                0x0000000000004516       0x68 ./source/Neopixels.o
                0x0000000000004516                std::reverse_iterator<__gnu_cxx::__normal_iterator<unsigned long*, std::vector<unsigned long, std::allocator<unsigned long> > > > std::move<std::reverse_iterator<__gnu_cxx::__normal_iterator<unsigned long*, std::vector<unsigned long, std::allocator<unsigned long> > > >, std::reverse_iterator<__gnu_cxx::__normal_iterator<unsigned long*, std::vector<unsigned long, std::allocator<unsigned long> > > > >(std::reverse_iterator<__gnu_cxx::__normal_iterator<unsigned long*, std::vector<unsigned long, std::allocator<unsigned long> > > >, std::reverse_iterator<__gnu_cxx::__normal_iterator<unsigned long*, std::vector<unsigned long, std::allocator<unsigned long> > > >, std::reverse_iterator<__gnu_cxx::__normal_iterator<unsigned long*, std::vector<unsigned long, std::allocator<unsigned long> > > >)
 .text._ZNKSt16reverse_iteratorIN9__gnu_cxx17__normal_iteratorIPmSt6vectorImSaImEEEEEmiEi
                0x000000000000457e       0x2c ./source/Neopixels.o
                0x000000000000457e                std::reverse_iterator<__gnu_cxx::__normal_iterator<unsigned long*, std::vector<unsigned long, std::allocator<unsigned long> > > >::operator-(int) const
 .text._ZSt9iter_swapISt16reverse_iteratorIN9__gnu_cxx17__normal_iteratorIPmSt6vectorImSaImEEEEES8_EvT_T0_
                0x00000000000045aa       0x2e ./source/Neopixels.o
                0x00000000000045aa                void std::iter_swap<std::reverse_iterator<__gnu_cxx::__normal_iterator<unsigned long*, std::vector<unsigned long, std::allocator<unsigned long> > > >, std::reverse_iterator<__gnu_cxx::__normal_iterator<unsigned long*, std::vector<unsigned long, std::allocator<unsigned long> > > > >(std::reverse_iterator<__gnu_cxx::__normal_iterator<unsigned long*, std::vector<unsigned long, std::allocator<unsigned long> > > >, std::reverse_iterator<__gnu_cxx::__normal_iterator<unsigned long*, std::vector<unsigned long, std::allocator<unsigned long> > > >)
 .text._ZNSt16reverse_iteratorIN9__gnu_cxx17__normal_iteratorIPmSt6vectorImSaImEEEEEppEv
                0x00000000000045d8       0x1a ./source/Neopixels.o
                0x00000000000045d8                std::reverse_iterator<__gnu_cxx::__normal_iterator<unsigned long*, std::vector<unsigned long, std::allocator<unsigned long> > > >::operator++()
 .text._ZSt13move_backwardISt16reverse_iteratorIN9__gnu_cxx17__normal_iteratorIPmSt6vectorImSaImEEEEES8_ET0_T_SA_S9_
                0x00000000000045f2       0x68 ./source/Neopixels.o
                0x00000000000045f2                std::reverse_iterator<__gnu_cxx::__normal_iterator<unsigned long*, std::vector<unsigned long, std::allocator<unsigned long> > > > std::move_backward<std::reverse_iterator<__gnu_cxx::__normal_iterator<unsigned long*, std::vector<unsigned long, std::allocator<unsigned long> > > >, std::reverse_iterator<__gnu_cxx::__normal_iterator<unsigned long*, std::vector<unsigned long, std::allocator<unsigned long> > > > >(std::reverse_iterator<__gnu_cxx::__normal_iterator<unsigned long*, std::vector<unsigned long, std::allocator<unsigned long> > > >, std::reverse_iterator<__gnu_cxx::__normal_iterator<unsigned long*, std::vector<unsigned long, std::allocator<unsigned long> > > >, std::reverse_iterator<__gnu_cxx::__normal_iterator<unsigned long*, std::vector<unsigned long, std::allocator<unsigned long> > > >)
 .text._ZNSt16reverse_iteratorIN9__gnu_cxx17__normal_iteratorIPmSt6vectorImSaImEEEEEmmEv
                0x000000000000465a       0x1a ./source/Neopixels.o
                0x000000000000465a                std::reverse_iterator<__gnu_cxx::__normal_iterator<unsigned long*, std::vector<unsigned long, std::allocator<unsigned long> > > >::operator--()
 .text._ZSt12__niter_baseIPmSt6vectorImSaImEEET_N9__gnu_cxx17__normal_iteratorIS4_T0_EE
                0x0000000000004674       0x1c ./source/Neopixels.o
                0x0000000000004674                unsigned long* std::__niter_base<unsigned long*, std::vector<unsigned long, std::allocator<unsigned long> > >(__gnu_cxx::__normal_iterator<unsigned long*, std::vector<unsigned long, std::allocator<unsigned long> > >)
 .text._ZSt12__niter_wrapIN9__gnu_cxx17__normal_iteratorIPmSt6vectorImSaImEEEES2_ET_S7_T0_
                0x0000000000004690       0x30 ./source/Neopixels.o
                0x0000000000004690                __gnu_cxx::__normal_iterator<unsigned long*, std::vector<unsigned long, std::allocator<unsigned long> > > std::__niter_wrap<__gnu_cxx::__normal_iterator<unsigned long*, std::vector<unsigned long, std::allocator<unsigned long> > >, unsigned long*>(__gnu_cxx::__normal_iterator<unsigned long*, std::vector<unsigned long, std::allocator<unsigned long> > >, unsigned long*)
 .text._ZNSt12_Destroy_auxILb1EE9__destroyIN9__gnu_cxx17__normal_iteratorIPmSt6vectorImSaImEEEEEEvT_S9_
                0x00000000000046c0       0x12 ./source/Neopixels.o
                0x00000000000046c0                void std::_Destroy_aux<true>::__destroy<__gnu_cxx::__normal_iterator<unsigned long*, std::vector<unsigned long, std::allocator<unsigned long> > > >(__gnu_cxx::__normal_iterator<unsigned long*, std::vector<unsigned long, std::allocator<unsigned long> > >, __gnu_cxx::__normal_iterator<unsigned long*, std::vector<unsigned long, std::allocator<unsigned long> > >)
 .text._ZSt14__copy_move_a1ILb0EPmS0_ET1_T0_S2_S1_
                0x00000000000046d2       0x22 ./source/Neopixels.o
                0x00000000000046d2                unsigned long* std::__copy_move_a1<false, unsigned long*, unsigned long*>(unsigned long*, unsigned long*, unsigned long*)
 .text._ZNSt20__uninitialized_copyILb1EE13__uninit_copyIPmS2_EET0_T_S4_S3_
                0x00000000000046f4       0x22 ./source/Neopixels.o
                0x00000000000046f4                unsigned long* std::__uninitialized_copy<true>::__uninit_copy<unsigned long*, unsigned long*>(unsigned long*, unsigned long*, unsigned long*)
 .text._ZN9__gnu_cxxneIPmSt6vectorImSaImEEEEbRKNS_17__normal_iteratorIT_T0_EESA_
                0x0000000000004716       0x32 ./source/Neopixels.o
                0x0000000000004716                bool __gnu_cxx::operator!=<unsigned long*, std::vector<unsigned long, std::allocator<unsigned long> > >(__gnu_cxx::__normal_iterator<unsigned long*, std::vector<unsigned long, std::allocator<unsigned long> > > const&, __gnu_cxx::__normal_iterator<unsigned long*, std::vector<unsigned long, std::allocator<unsigned long> > > const&)
 .text._ZSt12__miter_baseIN9__gnu_cxx17__normal_iteratorIPmSt6vectorImSaImEEEEET_S7_
                0x0000000000004748       0x12 ./source/Neopixels.o
                0x0000000000004748                __gnu_cxx::__normal_iterator<unsigned long*, std::vector<unsigned long, std::allocator<unsigned long> > > std::__miter_base<__gnu_cxx::__normal_iterator<unsigned long*, std::vector<unsigned long, std::allocator<unsigned long> > > >(__gnu_cxx::__normal_iterator<unsigned long*, std::vector<unsigned long, std::allocator<unsigned long> > >)
 .text._ZSt13__copy_move_aILb1EN9__gnu_cxx17__normal_iteratorIPmSt6vectorImSaImEEEES6_ET1_T0_S8_S7_
                0x000000000000475a       0x4a ./source/Neopixels.o
                0x000000000000475a                __gnu_cxx::__normal_iterator<unsigned long*, std::vector<unsigned long, std::allocator<unsigned long> > > std::__copy_move_a<true, __gnu_cxx::__normal_iterator<unsigned long*, std::vector<unsigned long, std::allocator<unsigned long> > >, __gnu_cxx::__normal_iterator<unsigned long*, std::vector<unsigned long, std::allocator<unsigned long> > > >(__gnu_cxx::__normal_iterator<unsigned long*, std::vector<unsigned long, std::allocator<unsigned long> > >, __gnu_cxx::__normal_iterator<unsigned long*, std::vector<unsigned long, std::allocator<unsigned long> > >, __gnu_cxx::__normal_iterator<unsigned long*, std::vector<unsigned long, std::allocator<unsigned long> > >)
 .text._ZSt4swapImENSt9enable_ifIXsrSt6__and_IJSt6__not_ISt15__is_tuple_likeIT_EESt21is_move_constructibleIS4_ESt18is_move_assignableIS4_EEE5valueEvE4typeERS4_SE_
                0x00000000000047a4       0x42 ./source/Neopixels.o
                0x00000000000047a4                std::enable_if<std::__and_<std::__not_<std::__is_tuple_like<unsigned long> >, std::is_move_constructible<unsigned long>, std::is_move_assignable<unsigned long> >::value, void>::type std::swap<unsigned long>(unsigned long&, unsigned long&)
 .text._ZSt4moveIRiEONSt16remove_referenceIT_E4typeEOS2_
                0x00000000000047e6       0x12 ./source/Neopixels.o
                0x00000000000047e6                std::remove_reference<int&>::type&& std::move<int&>(int&)
 .text._ZSt22__copy_move_backward_aILb1EN9__gnu_cxx17__normal_iteratorIPmSt6vectorImSaImEEEES6_ET1_T0_S8_S7_
                0x00000000000047f8       0x4a ./source/Neopixels.o
                0x00000000000047f8                __gnu_cxx::__normal_iterator<unsigned long*, std::vector<unsigned long, std::allocator<unsigned long> > > std::__copy_move_backward_a<true, __gnu_cxx::__normal_iterator<unsigned long*, std::vector<unsigned long, std::allocator<unsigned long> > >, __gnu_cxx::__normal_iterator<unsigned long*, std::vector<unsigned long, std::allocator<unsigned long> > > >(__gnu_cxx::__normal_iterator<unsigned long*, std::vector<unsigned long, std::allocator<unsigned long> > >, __gnu_cxx::__normal_iterator<unsigned long*, std::vector<unsigned long, std::allocator<unsigned long> > >, __gnu_cxx::__normal_iterator<unsigned long*, std::vector<unsigned long, std::allocator<unsigned long> > >)
 .text._ZStneIN9__gnu_cxx17__normal_iteratorIPmSt6vectorImSaImEEEEEbRKSt16reverse_iteratorIT_ESB_
                0x0000000000004842       0x28 ./source/Neopixels.o
                0x0000000000004842                bool std::operator!=<__gnu_cxx::__normal_iterator<unsigned long*, std::vector<unsigned long, std::allocator<unsigned long> > > >(std::reverse_iterator<__gnu_cxx::__normal_iterator<unsigned long*, std::vector<unsigned long, std::allocator<unsigned long> > > > const&, std::reverse_iterator<__gnu_cxx::__normal_iterator<unsigned long*, std::vector<unsigned long, std::allocator<unsigned long> > > > const&)
 .text._ZSt12__miter_baseIN9__gnu_cxx17__normal_iteratorIPmSt6vectorImSaImEEEEEDTcl23__make_reverse_iteratorcl12__miter_basecldtfp_4baseEEEESt16reverse_iteratorIT_E
                0x000000000000486a       0x2e ./source/Neopixels.o
                0x000000000000486a                decltype (__make_reverse_iterator(__miter_base(({parm#1}.base)()))) std::__miter_base<__gnu_cxx::__normal_iterator<unsigned long*, std::vector<unsigned long, std::allocator<unsigned long> > > >(std::reverse_iterator<__gnu_cxx::__normal_iterator<unsigned long*, std::vector<unsigned long, std::allocator<unsigned long> > > >)
 .text._ZSt13__copy_move_aILb1ESt16reverse_iteratorIN9__gnu_cxx17__normal_iteratorIPmSt6vectorImSaImEEEEES8_ET1_T0_SA_S9_
                0x0000000000004898       0x96 ./source/Neopixels.o
                0x0000000000004898                std::reverse_iterator<__gnu_cxx::__normal_iterator<unsigned long*, std::vector<unsigned long, std::allocator<unsigned long> > > > std::__copy_move_a<true, std::reverse_iterator<__gnu_cxx::__normal_iterator<unsigned long*, std::vector<unsigned long, std::allocator<unsigned long> > > >, std::reverse_iterator<__gnu_cxx::__normal_iterator<unsigned long*, std::vector<unsigned long, std::allocator<unsigned long> > > > >(std::reverse_iterator<__gnu_cxx::__normal_iterator<unsigned long*, std::vector<unsigned long, std::allocator<unsigned long> > > >, std::reverse_iterator<__gnu_cxx::__normal_iterator<unsigned long*, std::vector<unsigned long, std::allocator<unsigned long> > > >, std::reverse_iterator<__gnu_cxx::__normal_iterator<unsigned long*, std::vector<unsigned long, std::allocator<unsigned long> > > >)
 .text._ZSt22__copy_move_backward_aILb1ESt16reverse_iteratorIN9__gnu_cxx17__normal_iteratorIPmSt6vectorImSaImEEEEES8_ET1_T0_SA_S9_
                0x000000000000492e       0x96 ./source/Neopixels.o
                0x000000000000492e                std::reverse_iterator<__gnu_cxx::__normal_iterator<unsigned long*, std::vector<unsigned long, std::allocator<unsigned long> > > > std::__copy_move_backward_a<true, std::reverse_iterator<__gnu_cxx::__normal_iterator<unsigned long*, std::vector<unsigned long, std::allocator<unsigned long> > > >, std::reverse_iterator<__gnu_cxx::__normal_iterator<unsigned long*, std::vector<unsigned long, std::allocator<unsigned long> > > > >(std::reverse_iterator<__gnu_cxx::__normal_iterator<unsigned long*, std::vector<unsigned long, std::allocator<unsigned long> > > >, std::reverse_iterator<__gnu_cxx::__normal_iterator<unsigned long*, std::vector<unsigned long, std::allocator<unsigned long> > > >, std::reverse_iterator<__gnu_cxx::__normal_iterator<unsigned long*, std::vector<unsigned long, std::allocator<unsigned long> > > >)
 .text._ZSt14__copy_move_a2ILb0EPmS0_ET1_T0_S2_S1_
                0x00000000000049c4       0x22 ./source/Neopixels.o
                0x00000000000049c4                unsigned long* std::__copy_move_a2<false, unsigned long*, unsigned long*>(unsigned long*, unsigned long*, unsigned long*)
 .text._ZSt14__copy_move_a1ILb1EPmS0_ET1_T0_S2_S1_
                0x00000000000049e6       0x22 ./source/Neopixels.o
                0x00000000000049e6                unsigned long* std::__copy_move_a1<true, unsigned long*, unsigned long*>(unsigned long*, unsigned long*, unsigned long*)
 .text._ZSt23__copy_move_backward_a1ILb1EPmS0_ET1_T0_S2_S1_
                0x0000000000004a08       0x22 ./source/Neopixels.o
                0x0000000000004a08                unsigned long* std::__copy_move_backward_a1<true, unsigned long*, unsigned long*>(unsigned long*, unsigned long*, unsigned long*)
 .text._ZSt23__make_reverse_iteratorIN9__gnu_cxx17__normal_iteratorIPmSt6vectorImSaImEEEEESt16reverse_iteratorIT_ES8_
                0x0000000000004a2a       0x1e ./source/Neopixels.o
                0x0000000000004a2a                std::reverse_iterator<__gnu_cxx::__normal_iterator<unsigned long*, std::vector<unsigned long, std::allocator<unsigned long> > > > std::__make_reverse_iterator<__gnu_cxx::__normal_iterator<unsigned long*, std::vector<unsigned long, std::allocator<unsigned long> > > >(__gnu_cxx::__normal_iterator<unsigned long*, std::vector<unsigned long, std::allocator<unsigned long> > >)
 .text._ZSt12__niter_baseIN9__gnu_cxx17__normal_iteratorIPmSt6vectorImSaImEEEEEDTcl23__make_reverse_iteratorcl12__niter_basecldtfp_4baseEEEESt16reverse_iteratorIT_E
                0x0000000000004a48       0x2e ./source/Neopixels.o
                0x0000000000004a48                decltype (__make_reverse_iterator(__niter_base(({parm#1}.base)()))) std::__niter_base<__gnu_cxx::__normal_iterator<unsigned long*, std::vector<unsigned long, std::allocator<unsigned long> > > >(std::reverse_iterator<__gnu_cxx::__normal_iterator<unsigned long*, std::vector<unsigned long, std::allocator<unsigned long> > > >)
 .text._ZSt14__copy_move_a1ILb1ESt16reverse_iteratorIPmES2_ET1_T0_S4_S3_