Archive member included to satisfy reference by file (symbol)

/usr/local/mcuxpressoide-11.8.1_1197/ide/plugins/com.nxp.mcuxpresso.tools.linux_11.8.1.202308071233/tools/bin/../lib/gcc/arm-none-eabi/12.2.1/thumb/v6-m/nofp/libgcc.a(_udivsi3.o)
                              ./utilities/fsl_debug_console.o (__aeabi_uidiv)
/usr/local/mcuxpressoide-11.8.1_1197/ide/plugins/com.nxp.mcuxpresso.tools.linux_11.8.1.202308071233/tools/bin/../lib/gcc/arm-none-eabi/12.2.1/thumb/v6-m/nofp/libgcc.a(_divsi3.o)
                              ./source/Neopixels.o (__aeabi_idivmod)
/usr/local/mcuxpressoide-11.8.1_1197/ide/plugins/com.nxp.mcuxpresso.tools.linux_11.8.1.202308071233/tools/bin/../lib/gcc/arm-none-eabi/12.2.1/thumb/v6-m/nofp/libgcc.a(_dvmd_tls.o)
                              /usr/local/mcuxpressoide-11.8.1_1197/ide/plugins/com.nxp.mcuxpresso.tools.linux_11.8.1.202308071233/tools/bin/../lib/gcc/arm-none-eabi/12.2.1/thumb/v6-m/nofp/libgcc.a(_udivsi3.o) (__aeabi_idiv0)
/usr/local/mcuxpressoide-11.8.1_1197/ide/plugins/com.nxp.mcuxpresso.tools.linux_11.8.1.202308071233/tools/bin/../lib/gcc/arm-none-eabi/12.2.1/thumb/v6-m/nofp/libgcc.a(_aeabi_uldivmod.o)
                              ./drivers/fsl_clock.o (__aeabi_uldivmod)
/usr/local/mcuxpressoide-11.8.1_1197/ide/plugins/com.nxp.mcuxpresso.tools.linux_11.8.1.202308071233/tools/bin/../lib/gcc/arm-none-eabi/12.2.1/thumb/v6-m/nofp/libgcc.a(_muldi3.o)
                              ./drivers/fsl_common_arm.o (__aeabi_lmul)
/usr/local/mcuxpressoide-11.8.1_1197/ide/plugins/com.nxp.mcuxpresso.tools.linux_11.8.1.202308071233/tools/bin/../lib/gcc/arm-none-eabi/12.2.1/thumb/v6-m/nofp/libgcc.a(_udivmoddi4.o)
                              /usr/local/mcuxpressoide-11.8.1_1197/ide/plugins/com.nxp.mcuxpresso.tools.linux_11.8.1.202308071233/tools/bin/../lib/gcc/arm-none-eabi/12.2.1/thumb/v6-m/nofp/libgcc.a(_aeabi_uldivmod.o) (__udivmoddi4)
/usr/local/mcuxpressoide-11.8.1_1197/ide/plugins/com.nxp.mcuxpresso.tools.linux_11.8.1.202308071233/tools/bin/../lib/gcc/arm-none-eabi/12.2.1/thumb/v6-m/nofp/libgcc.a(_clzdi2.o)
                              /usr/local/mcuxpressoide-11.8.1_1197/ide/plugins/com.nxp.mcuxpresso.tools.linux_11.8.1.202308071233/tools/bin/../lib/gcc/arm-none-eabi/12.2.1/thumb/v6-m/nofp/libgcc.a(_udivmoddi4.o) (__clzdi2)
/usr/local/mcuxpressoide-11.8.1_1197/ide/plugins/com.nxp.mcuxpresso.tools.linux_11.8.1.202308071233/tools/bin/../lib/gcc/arm-none-eabi/12.2.1/thumb/v6-m/nofp/libgcc.a(_clzsi2.o)
                              /usr/local/mcuxpressoide-11.8.1_1197/ide/plugins/com.nxp.mcuxpresso.tools.linux_11.8.1.202308071233/tools/bin/../lib/gcc/arm-none-eabi/12.2.1/thumb/v6-m/nofp/libgcc.a(_clzdi2.o) (__clzsi2)
/usr/local/mcuxpressoide-11.8.1_1197/ide/plugins/com.nxp.mcuxpresso.tools.linux_11.8.1.202308071233/tools/bin/../lib/gcc/arm-none-eabi/12.2.1/../../../../arm-none-eabi/lib/thumb/v6-m/nofp/libc_nano.a(libc_a-strtoul.o)
                              ./utilities/fsl_str.o (strtoul)
/usr/local/mcuxpressoide-11.8.1_1197/ide/plugins/com.nxp.mcuxpresso.tools.linux_11.8.1.202308071233/tools/bin/../lib/gcc/arm-none-eabi/12.2.1/../../../../arm-none-eabi/lib/thumb/v6-m/nofp/libc_nano.a(libc_a-init.o)
                              ./startup/startup_lpc804.o (__libc_init_array)
/usr/local/mcuxpressoide-11.8.1_1197/ide/plugins/com.nxp.mcuxpresso.tools.linux_11.8.1.202308071233/tools/bin/../lib/gcc/arm-none-eabi/12.2.1/../../../../arm-none-eabi/lib/thumb/v6-m/nofp/libc_nano.a(libc_a-impure.o)
                              /usr/local/mcuxpressoide-11.8.1_1197/ide/plugins/com.nxp.mcuxpresso.tools.linux_11.8.1.202308071233/tools/bin/../lib/gcc/arm-none-eabi/12.2.1/../../../../arm-none-eabi/lib/thumb/v6-m/nofp/libc_nano.a(libc_a-strtoul.o) (_impure_ptr)
/usr/local/mcuxpressoide-11.8.1_1197/ide/plugins/com.nxp.mcuxpresso.tools.linux_11.8.1.202308071233/tools/bin/../lib/gcc/arm-none-eabi/12.2.1/../../../../arm-none-eabi/lib/thumb/v6-m/nofp/libc_nano.a(libc_a-memcpy-stub.o)
                              ./utilities/fsl_debug_console.o (memcpy)
/usr/local/mcuxpressoide-11.8.1_1197/ide/plugins/com.nxp.mcuxpresso.tools.linux_11.8.1.202308071233/tools/bin/../lib/gcc/arm-none-eabi/12.2.1/../../../../arm-none-eabi/lib/thumb/v6-m/nofp/libc_nano.a(libc_a-malloc.o)
                              ./source/cpp_config.o (malloc)
/usr/local/mcuxpressoide-11.8.1_1197/ide/plugins/com.nxp.mcuxpresso.tools.linux_11.8.1.202308071233/tools/bin/../lib/gcc/arm-none-eabi/12.2.1/../../../../arm-none-eabi/lib/thumb/v6-m/nofp/libc_nano.a(libc_a-mallocr.o)
                              /usr/local/mcuxpressoide-11.8.1_1197/ide/plugins/com.nxp.mcuxpresso.tools.linux_11.8.1.202308071233/tools/bin/../lib/gcc/arm-none-eabi/12.2.1/../../../../arm-none-eabi/lib/thumb/v6-m/nofp/libc_nano.a(libc_a-malloc.o) (_malloc_r)
[...]
Memory Configuration

Name             Origin             Length             Attributes
PROGRAM_FLASH    0x0000000000000000 0x0000000000007f80 xr
BOOT_FLASH       0x0000000000007f80 0x0000000000000080 xr
SRAM             0x0000000010000000 0x0000000000000fe0 xrw
IAP_SRAM         0x0000000010000fe0 0x0000000000000020 xrw
*default*        0x0000000000000000 0xffffffffffffffff

Linker script and memory map

LOAD ./utilities/fsl_assert.o
LOAD ./utilities/fsl_debug_console.o
LOAD ./utilities/fsl_str.o
LOAD ./startup/startup_lpc804.o
LOAD ./source/IO_LedController_CPP.o
LOAD ./source/Neopixels.o
LOAD ./source/cpp_config.o
LOAD ./source/semihost_hardfault.o
LOAD ./drivers/fsl_clock.o
LOAD ./drivers/fsl_common.o
LOAD ./drivers/fsl_common_arm.o
LOAD ./drivers/fsl_gpio.o
LOAD ./drivers/fsl_power.o
LOAD ./drivers/fsl_reset.o
LOAD ./drivers/fsl_spi.o
LOAD ./drivers/fsl_swm.o
LOAD ./drivers/fsl_usart.o
LOAD ./device/system_LPC804.o
LOAD ./component/uart/fsl_adapter_miniusart.o
LOAD ./board/board.o
LOAD ./board/clock_config.o
LOAD ./board/peripherals.o
LOAD ./board/pin_mux.o
START GROUP
LOAD /usr/local/mcuxpressoide-11.8.1_1197/ide/plugins/com.nxp.mcuxpresso.tools.linux_11.8.1.202308071233/tools/bin/../lib/gcc/arm-none-eabi/12.2.1/thumb/v6-m/nofp/libgcc.a
LOAD /usr/local/mcuxpressoide-11.8.1_1197/ide/plugins/com.nxp.mcuxpresso.tools.linux_11.8.1.202308071233/tools/bin/../lib/gcc/arm-none-eabi/12.2.1/../../../../arm-none-eabi/lib/thumb/v6-m/nofp/libc_nano.a
LOAD /usr/local/mcuxpressoide-11.8.1_1197/ide/plugins/com.nxp.mcuxpresso.tools.linux_11.8.1.202308071233/tools/bin/../lib/gcc/arm-none-eabi/12.2.1/../../../../arm-none-eabi/lib/thumb/v6-m/nofp/libstdc++_nano.a
LOAD /usr/local/mcuxpressoide-11.8.1_1197/ide/plugins/com.nxp.mcuxpresso.tools.linux_11.8.1.202308071233/tools/bin/../lib/gcc/arm-none-eabi/12.2.1/../../../../arm-none-eabi/lib/thumb/v6-m/nofp/libm.a
LOAD /usr/local/mcuxpressoide-11.8.1_1197/ide/plugins/com.nxp.mcuxpresso.tools.linux_11.8.1.202308071233/tools/bin/../lib/gcc/arm-none-eabi/12.2.1/../../../../arm-none-eabi/lib/thumb/v6-m/nofp/libcr_newlib_nohost.a
LOAD /usr/local/mcuxpressoide-11.8.1_1197/ide/plugins/com.nxp.mcuxpresso.tools.linux_11.8.1.202308071233/tools/bin/../lib/gcc/arm-none-eabi/12.2.1/thumb/v6-m/nofp/crti.o
LOAD /usr/local/mcuxpressoide-11.8.1_1197/ide/plugins/com.nxp.mcuxpresso.tools.linux_11.8.1.202308071233/tools/bin/../lib/gcc/arm-none-eabi/12.2.1/thumb/v6-m/nofp/crtn.o
LOAD /usr/local/mcuxpressoide-11.8.1_1197/ide/plugins/com.nxp.mcuxpresso.tools.linux_11.8.1.202308071233/tools/bin/../lib/gcc/arm-none-eabi/12.2.1/thumb/v6-m/nofp/crtbegin.o
LOAD /usr/local/mcuxpressoide-11.8.1_1197/ide/plugins/com.nxp.mcuxpresso.tools.linux_11.8.1.202308071233/tools/bin/../lib/gcc/arm-none-eabi/12.2.1/thumb/v6-m/nofp/crtend.o
END GROUP
                0x0000000000000000                __base_PROGRAM_FLASH = 0x0
                0x0000000000000000                __base_Flash = 0x0
                0x0000000000007f80                __top_PROGRAM_FLASH = 0x7f80
                0x0000000000007f80                __top_Flash = 0x7f80
                0x0000000000007f80                __base_BOOT_FLASH = 0x7f80
                0x0000000000007f80                __base_Flash2 = 0x7f80
                0x0000000000008000                __top_BOOT_FLASH = 0x8000
                0x0000000000008000                __top_Flash2 = 0x8000
                0x0000000010000000                __base_SRAM = 0x10000000
                0x0000000010000000                __base_RAM = 0x10000000
                0x0000000010000fe0                __top_SRAM = 0x10000fe0
                0x0000000010000fe0                __top_RAM = 0x10000fe0
                0x0000000010000fe0                __base_IAP_SRAM = 0x10000fe0
                0x0000000010000fe0                __base_RAM2 = 0x10000fe0
                0x0000000010001000                __top_IAP_SRAM = 0x10001000
                0x0000000010001000                __top_RAM2 = 0x10001000

.text_Flash2    0x0000000000007f80        0x0
 FILL mask 0xff
 *(SORT_BY_ALIGNMENT(.text_Flash2))
 *(SORT_BY_ALIGNMENT(.text_BOOT_FLASH))
 *(SORT_BY_ALIGNMENT(.text.$Flash2))
 *(SORT_BY_ALIGNMENT(.text.$BOOT_FLASH))
 *(SORT_BY_ALIGNMENT(.text_Flash2.*))
 *(SORT_BY_ALIGNMENT(.text_BOOT_FLASH.*))
 *(SORT_BY_ALIGNMENT(.text.$Flash2.*))
 *(SORT_BY_ALIGNMENT(.text.$BOOT_FLASH.*))
 *(SORT_BY_ALIGNMENT(.rodata.$Flash2))
 *(SORT_BY_ALIGNMENT(.rodata.$BOOT_FLASH))
 *(SORT_BY_ALIGNMENT(.rodata.$Flash2.*))
 *(SORT_BY_ALIGNMENT(.rodata.$BOOT_FLASH.*))

.text           0x0000000000000000     0x5154
 FILL mask 0xff
                0x0000000000000000                __vectors_start__ = ABSOLUTE (.)
 *(SORT_BY_ALIGNMENT(.isr_vector))
 .isr_vector    0x0000000000000000       0xc0 ./startup/startup_lpc804.o
                0x0000000000000000                __Vectors
                0x0000000000000000                g_pfnVectors
                0x00000000000000c0                . = ALIGN (0x4)
                0x00000000000000c0                __section_table_start = .
                0x00000000000000c0                __data_section_table = .
                0x00000000000000c0        0x4 LONG 0x515c LOADADDR (.data)
                0x00000000000000c4        0x4 LONG 0x10000000 ADDR (.data)
                0x00000000000000c8        0x4 LONG 0x5c SIZEOF (.data)
                0x00000000000000cc        0x4 LONG 0x515c LOADADDR (.data_RAM2)
                0x00000000000000d0        0x4 LONG 0x10000fe0 ADDR (.data_RAM2)
                0x00000000000000d4        0x4 LONG 0x0 SIZEOF (.data_RAM2)
                0x00000000000000d8                __data_section_table_end = .
                0x00000000000000d8                __bss_section_table = .
                0x00000000000000d8        0x4 LONG 0x1000005c ADDR (.bss)
                0x00000000000000dc        0x4 LONG 0x84 SIZEOF (.bss)
                0x00000000000000e0        0x4 LONG 0x10000fe0 ADDR (.bss_RAM2)
                0x00000000000000e4        0x4 LONG 0x0 SIZEOF (.bss_RAM2)
                0x00000000000000e8                __bss_section_table_end = .
                0x00000000000000e8                __section_table_end = .
 *(SORT_BY_ALIGNMENT(.after_vectors*))
 .after_vectors.reset
                0x00000000000000e8       0x58 ./startup/startup_lpc804.o
                0x00000000000000e8                ResetISR
 .after_vectors.init_data
                0x0000000000000140       0x12 ./startup/startup_lpc804.o
                0x0000000000000140                data_init(unsigned int, unsigned int, unsigned int)
 .after_vectors.init_bss
                0x0000000000000152       0x10 ./startup/startup_lpc804.o
                0x0000000000000152                bss_init(unsigned int, unsigned int)
 .after_vectors
                0x0000000000000162      0x10c ./startup/startup_lpc804.o
                0x0000000000000162                NMI_Handler
                0x0000000000000166                SVC_Handler
                0x0000000000000168                PendSV_Handler
                0x000000000000016c                Reserved21_DriverIRQHandler
                0x000000000000016c                ADC_SEQA_DriverIRQHandler
                0x000000000000016c                PIN_INT3_DriverIRQHandler
                0x000000000000016c                PIN_INT2_DriverIRQHandler
                0x000000000000016c                Reserved36_DriverIRQHandler
                0x000000000000016c                ADC_SEQB_DriverIRQHandler
                0x000000000000016c                PIN_INT0_DriverIRQHandler
                0x000000000000016c                Reserved17_DriverIRQHandler
                0x000000000000016c                IntDefaultHandler
                0x000000000000016c                WKT_DriverIRQHandler
                0x000000000000016c                DAC0_DriverIRQHandler
                0x000000000000016c                MRT0_DriverIRQHandler
                0x000000000000016c                PIN_INT4_DriverIRQHandler
                0x000000000000016c                PIN_INT5_DriverIRQHandler
                0x000000000000016c                CMP_CAPT_DriverIRQHandler
                0x000000000000016c                PIN_INT7_DriverIRQHandler
                0x000000000000016c                ADC_THCMP_DriverIRQHandler
                0x000000000000016c                Reserved38_DriverIRQHandler
                0x000000000000016c                Reserved22_DriverIRQHandler
                0x000000000000016c                ADC_OVR_DriverIRQHandler
                0x000000000000016c                FLASH_DriverIRQHandler
                0x000000000000016c                CTIMER0_DriverIRQHandler
                0x000000000000016c                PIN_INT6_DriverIRQHandler
                0x000000000000016c                WDT_DriverIRQHandler
                0x000000000000016c                PIN_INT1_DriverIRQHandler
                0x000000000000016c                Reserved25_DriverIRQHandler
                0x000000000000016c                BOD_DriverIRQHandler
                0x000000000000016c                I2C1_DriverIRQHandler
                0x000000000000016c                Reserved37_DriverIRQHandler
                0x000000000000016c                I2C0_DriverIRQHandler
                0x000000000000016e                SPI0_IRQHandler
                0x0000000000000176                Reserved17_IRQHandler
                0x000000000000017e                DAC0_IRQHandler
                0x0000000000000186                USART0_IRQHandler
                0x000000000000018e                USART1_IRQHandler
                0x0000000000000196                Reserved21_IRQHandler
                0x000000000000019e                Reserved22_IRQHandler
                0x00000000000001a6                I2C1_IRQHandler
                0x00000000000001ae                I2C0_IRQHandler
                0x00000000000001b6                Reserved25_IRQHandler
                0x00000000000001be                MRT0_IRQHandler
                0x00000000000001c6                CMP_CAPT_IRQHandler
                0x00000000000001ce                WDT_IRQHandler
                0x00000000000001d6                BOD_IRQHandler
                0x00000000000001de                FLASH_IRQHandler
                0x00000000000001e6                WKT_IRQHandler
                0x00000000000001ee                ADC_SEQA_IRQHandler
                0x00000000000001f6                ADC_SEQB_IRQHandler
                0x00000000000001fe                ADC_THCMP_IRQHandler
                0x0000000000000206                ADC_OVR_IRQHandler
                0x000000000000020e                Reserved36_IRQHandler
                0x0000000000000216                Reserved37_IRQHandler
                0x000000000000021e                Reserved38_IRQHandler
                0x0000000000000226                CTIMER0_IRQHandler
                0x000000000000022e                PIN_INT0_IRQHandler
                0x0000000000000236                PIN_INT1_IRQHandler
                0x000000000000023e                PIN_INT2_IRQHandler
                0x0000000000000246                PIN_INT3_IRQHandler
                0x000000000000024e                PIN_INT4_IRQHandler
                0x0000000000000256                PIN_INT5_IRQHandler
                0x000000000000025e                PIN_INT6_IRQHandler
                0x0000000000000266                PIN_INT7_IRQHandler
                0x00000000000002fc                . = 0x2fc
 *fill*         0x000000000000026e       0x8e ff
                0x00000000000002fc                PROVIDE (__CRP_WORD_START__ = .)
 *(SORT_BY_ALIGNMENT(.crp))
 .crp           0x00000000000002fc        0x4 ./startup/startup_lpc804.o
                0x0000000000000300                PROVIDE (__CRP_WORD_END__ = .)
                0x0000000000000001                ASSERT (! ((__CRP_WORD_START__ == __CRP_WORD_END__)), Linker CRP Enabled, but no CRP_WORD provided within application)
 *(SORT_BY_ALIGNMENT(.text*))
 .text.__assert_func
                0x0000000000000300       0x28 ./utilities/fsl_assert.o
                0x0000000000000300                __assert_func
 .text.DbgConsole_Init
                0x0000000000000328       0xa8 ./utilities/fsl_debug_console.o
                0x0000000000000328                DbgConsole_Init
 .text.DbgConsole_Vprintf
                0x00000000000003d0       0x40 ./utilities/fsl_debug_console.o
                0x00000000000003d0                DbgConsole_Vprintf
 .text.DbgConsole_Putchar
                0x0000000000000410       0x30 ./utilities/fsl_debug_console.o
                0x0000000000000410                DbgConsole_Putchar
 .text.DbgConsole_Getchar
                0x0000000000000440       0x3c ./utilities/fsl_debug_console.o
                0x0000000000000440                DbgConsole_Getchar
 .text.SysTick_Handler
                0x000000000000047c       0x1c ./source/IO_LedController_CPP.o
                0x000000000000047c                SysTick_Handler
 .text.main     0x0000000000000498      0x164 ./source/IO_LedController_CPP.o
                0x0000000000000498                main
 .text._ZNSt6vectorImSaImEE17_S_check_init_lenEjRKS0_
                0x00000000000005fc       0x50 ./source/IO_LedController_CPP.o
                0x00000000000005fc                std::vector<unsigned long, std::allocator<unsigned long> >::_S_check_init_len(unsigned int, std::allocator<unsigned long> const&)
 .text._ZNSt6vectorImSaImEE11_S_max_sizeERKS0_
                0x000000000000064c       0x38 ./source/IO_LedController_CPP.o
                0x000000000000064c                std::vector<unsigned long, std::allocator<unsigned long> >::_S_max_size(std::allocator<unsigned long> const&)
 .text._ZNKSt15__new_allocatorImE11_M_max_sizeEv
                0x0000000000000684       0x18 ./source/IO_LedController_CPP.o
                0x0000000000000684                std::__new_allocator<unsigned long>::_M_max_size() const
 .text._Z41__static_initialization_and_destruction_0ii
                0x000000000000069c       0xe0 ./source/IO_LedController_CPP.o
 .text._GLOBAL__sub_I_neopixels
                0x000000000000077c       0x18 ./source/IO_LedController_CPP.o
 .text.SPI_WriteConfigFlags
                0x0000000000000794       0x2c ./source/Neopixels.o
 .text._ZN9NeopixelsC2EP8SPI_Type
                0x00000000000007c0       0x48 ./source/Neopixels.o
                0x00000000000007c0                Neopixels::Neopixels(SPI_Type*)
                0x00000000000007c0                Neopixels::Neopixels(SPI_Type*)
 .text._ZN9NeopixelsD2Ev
                0x0000000000000808       0x30 ./source/Neopixels.o
                0x0000000000000808                Neopixels::~Neopixels()
                0x0000000000000808                Neopixels::~Neopixels()
 .text._ZN9Neopixels11setPositionEmm
                0x0000000000000838       0x8c ./source/Neopixels.o
                0x0000000000000838                Neopixels::setPosition(unsigned long, unsigned long)
 .text.HardFault_Handler
                0x00000000000008c4       0x38 ./source/semihost_hardfault.o
                0x00000000000008c4                HardFault_Handler
 .text.CLOCK_GetLPOscFreq
                0x00000000000008fc       0x14 ./drivers/fsl_clock.o
 .text.CLOCK_GetExtClkFreq
                0x0000000000000910       0x14 ./drivers/fsl_clock.o
 .text.CLOCK_SetFRGClkFreq
                0x0000000000000924       0xac ./drivers/fsl_clock.o
 .text.CLOCK_UpdateClkSrc
                0x00000000000009d0       0x58 ./drivers/fsl_clock.o
 .text.CLOCK_SetFRG0ClkFreq
                0x0000000000000a28       0x24 ./drivers/fsl_clock.o
                0x0000000000000a28                CLOCK_SetFRG0ClkFreq
 .text.CLOCK_GetMainClkFreq
                0x0000000000000a4c       0x74 ./drivers/fsl_clock.o
                0x0000000000000a4c                CLOCK_GetMainClkFreq
 .text.CLOCK_GetFroFreq
                0x0000000000000ac0       0x14 ./drivers/fsl_clock.o
                0x0000000000000ac0                CLOCK_GetFroFreq
 .text.CLOCK_SetMainClkSrc
                0x0000000000000ad4       0x4c ./drivers/fsl_clock.o
                0x0000000000000ad4                CLOCK_SetMainClkSrc
 .text.CLOCK_SetFroOscFreq
                0x0000000000000b20       0x44 ./drivers/fsl_clock.o
                0x0000000000000b20                CLOCK_SetFroOscFreq
 .text.RESET_SetPeripheralReset
                0x0000000000000b64       0x7c ./drivers/fsl_reset.o
 .text.RESET_ClearPeripheralReset
                0x0000000000000be0       0x78 ./drivers/fsl_reset.o
 .text.CLOCK_EnableClock
                0x0000000000000c58       0x54 ./drivers/fsl_spi.o
 .text.SPI_GetInstance
                0x0000000000000cac       0x6c ./drivers/fsl_spi.o
                0x0000000000000cac                SPI_GetInstance
 .text.SPI_SetDummyData
                0x0000000000000d18       0x34 ./drivers/fsl_spi.o
                0x0000000000000d18                SPI_SetDummyData
 .text.SPI_SetTransferDelay
                0x0000000000000d4c       0x64 ./drivers/fsl_spi.o
                0x0000000000000d4c                SPI_SetTransferDelay
 .text.SPI_MasterInit
                0x0000000000000db0      0x120 ./drivers/fsl_spi.o
                0x0000000000000db0                SPI_MasterInit
 .text.SPI_MasterSetBaudRate
                0x0000000000000ed0       0x80 ./drivers/fsl_spi.o
                0x0000000000000ed0                SPI_MasterSetBaudRate
 .text.SPI_CommonIRQHandler
                0x0000000000000f50       0x40 ./drivers/fsl_spi.o
 .text.SPI0_DriverIRQHandler
                0x0000000000000f90       0x44 ./drivers/fsl_spi.o
                0x0000000000000f90                SPI0_DriverIRQHandler
 .text.SWM_SetMovablePinSelect
                0x0000000000000fd4       0xa8 ./drivers/fsl_swm.o
                0x0000000000000fd4                SWM_SetMovablePinSelect
 .text.CLOCK_EnableClock
                0x000000000000107c       0x54 ./drivers/fsl_usart.o
 .text.USART_EnableContinuousSCLK
                0x00000000000010d0       0x40 ./drivers/fsl_usart.o
 .text.USART_GetInstance
                0x0000000000001110       0x58 ./drivers/fsl_usart.o
                0x0000000000001110                USART_GetInstance
 .text.USART_Init
                0x0000000000001168      0x138 ./drivers/fsl_usart.o
                0x0000000000001168                USART_Init
 .text.USART_GetDefaultConfig
                0x00000000000012a0       0x80 ./drivers/fsl_usart.o
                0x00000000000012a0                USART_GetDefaultConfig
 .text.USART_SetBaudRate
                0x0000000000001320      0x15c ./drivers/fsl_usart.o
                0x0000000000001320                USART_SetBaudRate
 .text.USART_WriteBlocking
                0x000000000000147c       0x70 ./drivers/fsl_usart.o
                0x000000000000147c                USART_WriteBlocking
 .text.USART_ReadBlocking
                0x00000000000014ec       0xd0 ./drivers/fsl_usart.o
                0x00000000000014ec                USART_ReadBlocking
 .text.USART0_DriverIRQHandler
                0x00000000000015bc       0x24 ./drivers/fsl_usart.o
                0x00000000000015bc                USART0_DriverIRQHandler
 .text.USART1_DriverIRQHandler
                0x00000000000015e0       0x24 ./drivers/fsl_usart.o
                0x00000000000015e0                USART1_DriverIRQHandler
 .text.SystemInit
                0x0000000000001604       0x2c ./device/system_LPC804.o
                0x0000000000001604                SystemInit
 .text.HAL_UartGetStatus
                0x0000000000001630       0x20 ./component/uart/fsl_adapter_miniusart.o
 .text.HAL_UartInit
                0x0000000000001650      0x134 ./component/uart/fsl_adapter_miniusart.o
                0x0000000000001650                HAL_UartInit
 .text.HAL_UartReceiveBlocking
                0x0000000000001784       0x90 ./component/uart/fsl_adapter_miniusart.o
                0x0000000000001784                HAL_UartReceiveBlocking
 .text.HAL_UartSendBlocking
                0x0000000000001814       0x84 ./component/uart/fsl_adapter_miniusart.o
                0x0000000000001814                HAL_UartSendBlocking
 .text.CLOCK_Select
                0x0000000000001898       0x38 ./board/board.o
 .text.BOARD_InitDebugConsole
                0x00000000000018d0       0x58 ./board/board.o
                0x00000000000018d0                BOARD_InitDebugConsole
 .text.CLOCK_Select
                0x0000000000001928       0x38 ./board/clock_config.o
 .text.CLOCK_SetCoreSysClkDiv
                0x0000000000001960       0x4c ./board/clock_config.o
 .text.POWER_DisablePD
                0x00000000000019ac       0x2c ./board/clock_config.o
 .text.BOARD_BootClockFRO18M
                0x00000000000019d8       0x74 ./board/clock_config.o
                0x00000000000019d8                BOARD_BootClockFRO18M
 .text.SPI0_init
                0x0000000000001a4c       0x24 ./board/peripherals.o
 .text.CLOCK_EnableClock
                0x0000000000001a70       0x54 ./board/pin_mux.o
 .text.CLOCK_DisableClock
                0x0000000000001ac4       0x58 ./board/pin_mux.o
 .text.BOARD_InitDEBUG_UARTPins
                0x0000000000001b1c       0x60 ./board/pin_mux.o
                0x0000000000001b1c                BOARD_InitDEBUG_UARTPins
 .text.BOARD_InitNeopixelsPins
                0x0000000000001b7c       0x28 ./board/pin_mux.o
                0x0000000000001b7c                BOARD_InitNeopixelsPins
 .text          0x0000000000001ba4      0x114 /usr/local/mcuxpressoide-11.8.1_1197/ide/plugins/com.nxp.mcuxpresso.tools.linux_11.8.1.202308071233/tools/bin/../lib/gcc/arm-none-eabi/12.2.1/thumb/v6-m/nofp/libgcc.a(_udivsi3.o)
                0x0000000000001ba4                __udivsi3
                0x0000000000001ba4                __aeabi_uidiv
                0x0000000000001cb0                __aeabi_uidivmod
 .text          0x0000000000001cb8      0x1d4 /usr/local/mcuxpressoide-11.8.1_1197/ide/plugins/com.nxp.mcuxpresso.tools.linux_11.8.1.202308071233/tools/bin/../lib/gcc/arm-none-eabi/12.2.1/thumb/v6-m/nofp/libgcc.a(_divsi3.o)
                0x0000000000001cb8                __aeabi_idiv
                0x0000000000001cb8                __divsi3
                0x0000000000001e84                __aeabi_idivmod
 .text          0x0000000000001e8c        0x4 /usr/local/mcuxpressoide-11.8.1_1197/ide/plugins/com.nxp.mcuxpresso.tools.linux_11.8.1.202308071233/tools/bin/../lib/gcc/arm-none-eabi/12.2.1/thumb/v6-m/nofp/libgcc.a(_dvmd_tls.o)
                0x0000000000001e8c                __aeabi_ldiv0
                0x0000000000001e8c                __aeabi_idiv0
 .text          0x0000000000001e90       0x40 /usr/local/mcuxpressoide-11.8.1_1197/ide/plugins/com.nxp.mcuxpresso.tools.linux_11.8.1.202308071233/tools/bin/../lib/gcc/arm-none-eabi/12.2.1/thumb/v6-m/nofp/libgcc.a(_aeabi_uldivmod.o)
                0x0000000000001e90                __aeabi_uldivmod
 .text.__udivmoddi4
                0x0000000000001ed0      0x198 /usr/local/mcuxpressoide-11.8.1_1197/ide/plugins/com.nxp.mcuxpresso.tools.linux_11.8.1.202308071233/tools/bin/../lib/gcc/arm-none-eabi/12.2.1/thumb/v6-m/nofp/libgcc.a(_udivmoddi4.o)
                0x0000000000001ed0                __udivmoddi4
 .text          0x0000000000002068       0x18 /usr/local/mcuxpressoide-11.8.1_1197/ide/plugins/com.nxp.mcuxpresso.tools.linux_11.8.1.202308071233/tools/bin/../lib/gcc/arm-none-eabi/12.2.1/thumb/v6-m/nofp/libgcc.a(_clzdi2.o)
                0x0000000000002068                __clzdi2
 .text          0x0000000000002080       0x3c /usr/local/mcuxpressoide-11.8.1_1197/ide/plugins/com.nxp.mcuxpresso.tools.linux_11.8.1.202308071233/tools/bin/../lib/gcc/arm-none-eabi/12.2.1/thumb/v6-m/nofp/libgcc.a(_clzsi2.o)
                0x0000000000002080                __clzsi2
 .text.__libc_init_array
                0x00000000000020bc       0x48 /usr/local/mcuxpressoide-11.8.1_1197/ide/plugins/com.nxp.mcuxpresso.tools.linux_11.8.1.202308071233/tools/bin/../lib/gcc/arm-none-eabi/12.2.1/../../../../arm-none-eabi/lib/thumb/v6-m/nofp/libc_nano.a(libc_a-init.o)
                0x00000000000020bc                __libc_init_array
 .text.malloc   0x0000000000002104       0x14 /usr/local/mcuxpressoide-11.8.1_1197/ide/plugins/com.nxp.mcuxpresso.tools.linux_11.8.1.202308071233/tools/bin/../lib/gcc/arm-none-eabi/12.2.1/../../../../arm-none-eabi/lib/thumb/v6-m/nofp/libc_nano.a(libc_a-malloc.o)
                0x0000000000002104                malloc
 .text.free     0x0000000000002118       0x14 /usr/local/mcuxpressoide-11.8.1_1197/ide/plugins/com.nxp.mcuxpresso.tools.linux_11.8.1.202308071233/tools/bin/../lib/gcc/arm-none-eabi/12.2.1/../../../../arm-none-eabi/lib/thumb/v6-m/nofp/libc_nano.a(libc_a-malloc.o)
                0x0000000000002118                free
 .text.sbrk_aligned
                0x000000000000212c       0x44 /usr/local/mcuxpressoide-11.8.1_1197/ide/plugins/com.nxp.mcuxpresso.tools.linux_11.8.1.202308071233/tools/bin/../lib/gcc/arm-none-eabi/12.2.1/../../../../arm-none-eabi/lib/thumb/v6-m/nofp/libc_nano.a(libc_a-mallocr.o)
 .text._malloc_r
                0x0000000000002170       0xf4 /usr/local/mcuxpressoide-11.8.1_1197/ide/plugins/com.nxp.mcuxpresso.tools.linux_11.8.1.202308071233/tools/bin/../lib/gcc/arm-none-eabi/12.2.1/../../../../arm-none-eabi/lib/thumb/v6-m/nofp/libc_nano.a(libc_a-mallocr.o)
                0x0000000000002170                _malloc_r
 .text.__malloc_lock
                0x0000000000002264       0x10 /usr/local/mcuxpressoide-11.8.1_1197/ide/plugins/com.nxp.mcuxpresso.tools.linux_11.8.1.202308071233/tools/bin/../lib/gcc/arm-none-eabi/12.2.1/../../../../arm-none-eabi/lib/thumb/v6-m/nofp/libc_nano.a(libc_a-mlock.o)
                0x0000000000002264                __malloc_lock
 .text.__malloc_unlock
                0x0000000000002274       0x10 /usr/local/mcuxpressoide-11.8.1_1197/ide/plugins/com.nxp.mcuxpresso.tools.linux_11.8.1.202308071233/tools/bin/../lib/gcc/arm-none-eabi/12.2.1/../../../../arm-none-eabi/lib/thumb/v6-m/nofp/libc_nano.a(libc_a-mlock.o)
                0x0000000000002274                __malloc_unlock
 .text._sbrk_r  0x0000000000002284       0x24 /usr/local/mcuxpressoide-11.8.1_1197/ide/plugins/com.nxp.mcuxpresso.tools.linux_11.8.1.202308071233/tools/bin/../lib/gcc/arm-none-eabi/12.2.1/../../../../arm-none-eabi/lib/thumb/v6-m/nofp/libc_nano.a(libc_a-sbrkr.o)
                0x0000000000002284                _sbrk_r
 .text.__errno  0x00000000000022a8        0xc /usr/local/mcuxpressoide-11.8.1_1197/ide/plugins/com.nxp.mcuxpresso.tools.linux_11.8.1.202308071233/tools/bin/../lib/gcc/arm-none-eabi/12.2.1/../../../../arm-none-eabi/lib/thumb/v6-m/nofp/libc_nano.a(libc_a-errno.o)
                0x00000000000022a8                __errno
 .text._free_r  0x00000000000022b4       0x94 /usr/local/mcuxpressoide-11.8.1_1197/ide/plugins/com.nxp.mcuxpresso.tools.linux_11.8.1.202308071233/tools/bin/../lib/gcc/arm-none-eabi/12.2.1/../../../../arm-none-eabi/lib/thumb/v6-m/nofp/libc_nano.a(libc_a-freer.o)
                0x00000000000022b4                _free_r
 .text._sbrk    0x0000000000002348       0x40 /usr/local/mcuxpressoide-11.8.1_1197/ide/plugins/com.nxp.mcuxpresso.tools.linux_11.8.1.202308071233/tools/bin/../lib/gcc/arm-none-eabi/12.2.1/../../../../arm-none-eabi/lib/thumb/v6-m/nofp/libcr_newlib_nohost.a(_cr_sbrk.o)
                0x0000000000002348                _sbrk
 .text.__check_heap_overflow
                0x0000000000002388       0x18 /usr/local/mcuxpressoide-11.8.1_1197/ide/plugins/com.nxp.mcuxpresso.tools.linux_11.8.1.202308071233/tools/bin/../lib/gcc/arm-none-eabi/12.2.1/../../../../arm-none-eabi/lib/thumb/v6-m/nofp/libcr_newlib_nohost.a(_cr_check_heap.o)
                0x0000000000002388                __check_heap_overflow
 .text.register_tm_clones
                0x00000000000023a0       0x28 /usr/local/mcuxpressoide-11.8.1_1197/ide/plugins/com.nxp.mcuxpresso.tools.linux_11.8.1.202308071233/tools/bin/../lib/gcc/arm-none-eabi/12.2.1/thumb/v6-m/nofp/crtbegin.o
 .text.frame_dummy
                0x00000000000023c8       0x24 /usr/local/mcuxpressoide-11.8.1_1197/ide/plugins/com.nxp.mcuxpresso.tools.linux_11.8.1.202308071233/tools/bin/../lib/gcc/arm-none-eabi/12.2.1/thumb/v6-m/nofp/crtbegin.o
 .text.DbgConsole_Printf
                0x00000000000023ec       0x32 ./utilities/fsl_debug_console.o
                0x00000000000023ec                DbgConsole_Printf
 .text.DbgConsole_PrintfPaddingCharacter
                0x000000000000241e       0x48 ./utilities/fsl_debug_console.o
 .text.DbgConsole_ConvertRadixNumToString
                0x0000000000002466       0xc2 ./utilities/fsl_debug_console.o
 .text.DbgConsole_PrintfFormattedData
                0x0000000000002528      0x3da ./utilities/fsl_debug_console.o
 .text._ZNSaImEC2Ev
                0x0000000000002902       0x1a ./source/IO_LedController_CPP.o
                0x0000000000002902                std::allocator<unsigned long>::allocator()
                0x0000000000002902                std::allocator<unsigned long>::allocator()
 .text._ZNSaImED2Ev
                0x000000000000291c       0x1a ./source/IO_LedController_CPP.o
                0x000000000000291c                std::allocator<unsigned long>::~allocator()
                0x000000000000291c                std::allocator<unsigned long>::~allocator()
 .text._ZNSt6vectorImSaImEEC2ESt16initializer_listImERKS0_
                0x0000000000002936       0x44 ./source/IO_LedController_CPP.o
                0x0000000000002936                std::vector<unsigned long, std::allocator<unsigned long> >::vector(std::initializer_list<unsigned long>, std::allocator<unsigned long> const&)
                0x0000000000002936                std::vector<unsigned long, std::allocator<unsigned long> >::vector(std::initializer_list<unsigned long>, std::allocator<unsigned long> const&)
 .text._ZNSt6vectorImSaImEEC2ERKS1_
                0x000000000000297a       0x7c ./source/IO_LedController_CPP.o
                0x000000000000297a                std::vector<unsigned long, std::allocator<unsigned long> >::vector(std::vector<unsigned long, std::allocator<unsigned long> > const&)
                0x000000000000297a                std::vector<unsigned long, std::allocator<unsigned long> >::vector(std::vector<unsigned long, std::allocator<unsigned long> > const&)
 .text._ZNSt6vectorImSaImEED2Ev
                0x00000000000029f6       0x36 ./source/IO_LedController_CPP.o
                0x00000000000029f6                std::vector<unsigned long, std::allocator<unsigned long> >::~vector()
                0x00000000000029f6                std::vector<unsigned long, std::allocator<unsigned long> >::~vector()
 .text._ZNSt15__new_allocatorImEC2Ev
                0x0000000000002a2c       0x12 ./source/IO_LedController_CPP.o
                0x0000000000002a2c                std::__new_allocator<unsigned long>::__new_allocator()
                0x0000000000002a2c                std::__new_allocator<unsigned long>::__new_allocator()
 .text._ZNSt15__new_allocatorImED2Ev
                0x0000000000002a3e       0x12 ./source/IO_LedController_CPP.o
                0x0000000000002a3e                std::__new_allocator<unsigned long>::~__new_allocator()
                0x0000000000002a3e                std::__new_allocator<unsigned long>::~__new_allocator()
 .text._ZNSt12_Vector_baseImSaImEE12_Vector_implD2Ev
                0x0000000000002a50       0x1a ./source/IO_LedController_CPP.o
                0x0000000000002a50                std::_Vector_base<unsigned long, std::allocator<unsigned long> >::_Vector_impl::~_Vector_impl()
                0x0000000000002a50                std::_Vector_base<unsigned long, std::allocator<unsigned long> >::_Vector_impl::~_Vector_impl()
 .text._ZNSt12_Vector_baseImSaImEEC2ERKS0_
                0x0000000000002a6a       0x20 ./source/IO_LedController_CPP.o
                0x0000000000002a6a                std::_Vector_base<unsigned long, std::allocator<unsigned long> >::_Vector_base(std::allocator<unsigned long> const&)
                0x0000000000002a6a                std::_Vector_base<unsigned long, std::allocator<unsigned long> >::_Vector_base(std::allocator<unsigned long> const&)
 .text._ZNSt12_Vector_baseImSaImEED2Ev
                0x0000000000002a8a       0x34 ./source/IO_LedController_CPP.o
                0x0000000000002a8a                std::_Vector_base<unsigned long, std::allocator<unsigned long> >::~_Vector_base()
                0x0000000000002a8a                std::_Vector_base<unsigned long, std::allocator<unsigned long> >::~_Vector_base()
 .text._ZNKSt16initializer_listImE5beginEv
                0x0000000000002abe       0x14 ./source/IO_LedController_CPP.o
                0x0000000000002abe                std::initializer_list<unsigned long>::begin() const
 .text._ZNKSt16initializer_listImE3endEv
                0x0000000000002ad2       0x28 ./source/IO_LedController_CPP.o
                0x0000000000002ad2                std::initializer_list<unsigned long>::end() const
 .text._ZSt8distanceIPKmENSt15iterator_traitsIT_E15difference_typeES3_S3_
                0x0000000000002afa       0x2a ./source/IO_LedController_CPP.o
                0x0000000000002afa                std::iterator_traits<unsigned long const*>::difference_type std::distance<unsigned long const*>(unsigned long const*, unsigned long const*)
 .text._ZNSt6vectorImSaImEE19_M_range_initializeIPKmEEvT_S5_St20forward_iterator_tag
                0x0000000000002b24       0x7a ./source/IO_LedController_CPP.o
                0x0000000000002b24                void std::vector<unsigned long, std::allocator<unsigned long> >::_M_range_initialize<unsigned long const*>(unsigned long const*, unsigned long const*, std::forward_iterator_tag)
 .text._ZNKSt6vectorImSaImEE4sizeEv
                0x0000000000002b9e       0x1c ./source/IO_LedController_CPP.o
                0x0000000000002b9e                std::vector<unsigned long, std::allocator<unsigned long> >::size() const
 .text._ZNKSt12_Vector_baseImSaImEE19_M_get_Tp_allocatorEv
                0x0000000000002bba       0x12 ./source/IO_LedController_CPP.o
                0x0000000000002bba                std::_Vector_base<unsigned long, std::allocator<unsigned long> >::_M_get_Tp_allocator() const
 .text._ZN9__gnu_cxx14__alloc_traitsISaImEmE17_S_select_on_copyERKS1_
                0x0000000000002bcc       0x1e ./source/IO_LedController_CPP.o
                0x0000000000002bcc                __gnu_cxx::__alloc_traits<std::allocator<unsigned long>, unsigned long>::_S_select_on_copy(std::allocator<unsigned long> const&)
 .text._ZNSt12_Vector_baseImSaImEEC2EjRKS0_
                0x0000000000002bea       0x2e ./source/IO_LedController_CPP.o
                0x0000000000002bea                std::_Vector_base<unsigned long, std::allocator<unsigned long> >::_Vector_base(unsigned int, std::allocator<unsigned long> const&)
                0x0000000000002bea                std::_Vector_base<unsigned long, std::allocator<unsigned long> >::_Vector_base(unsigned int, std::allocator<unsigned long> const&)
 .text._ZNKSt6vectorImSaImEE5beginEv
                0x0000000000002c18       0x20 ./source/IO_LedController_CPP.o
                0x0000000000002c18                std::vector<unsigned long, std::allocator<unsigned long> >::begin() const
 .text._ZNKSt6vectorImSaImEE3endEv
                0x0000000000002c38       0x22 ./source/IO_LedController_CPP.o
                0x0000000000002c38                std::vector<unsigned long, std::allocator<unsigned long> >::end() const
 .text._ZNSt12_Vector_baseImSaImEE19_M_get_Tp_allocatorEv
                0x0000000000002c5a       0x12 ./source/IO_LedController_CPP.o
                0x0000000000002c5a                std::_Vector_base<unsigned long, std::allocator<unsigned long> >::_M_get_Tp_allocator()
 .text._ZSt22__uninitialized_copy_aIN9__gnu_cxx17__normal_iteratorIPKmSt6vectorImSaImEEEEPmmET0_T_SA_S9_RSaIT1_E
                0x0000000000002c6c       0x24 ./source/IO_LedController_CPP.o
                0x0000000000002c6c                unsigned long* std::__uninitialized_copy_a<__gnu_cxx::__normal_iterator<unsigned long const*, std::vector<unsigned long, std::allocator<unsigned long> > >, unsigned long*, unsigned long>(__gnu_cxx::__normal_iterator<unsigned long const*, std::vector<unsigned long, std::allocator<unsigned long> > >, __gnu_cxx::__normal_iterator<unsigned long const*, std::vector<unsigned long, std::allocator<unsigned long> > >, unsigned long*, std::allocator<unsigned long>&)
 .text._ZSt8_DestroyIPmmEvT_S1_RSaIT0_E
                0x0000000000002c90       0x20 ./source/IO_LedController_CPP.o
                0x0000000000002c90                void std::_Destroy<unsigned long*, unsigned long>(unsigned long*, unsigned long*, std::allocator<unsigned long>&)
 .text._ZNSt12_Vector_baseImSaImEE12_Vector_implC2ERKS0_
                0x0000000000002cb0       0x28 ./source/IO_LedController_CPP.o
                0x0000000000002cb0                std::_Vector_base<unsigned long, std::allocator<unsigned long> >::_Vector_impl::_Vector_impl(std::allocator<unsigned long> const&)
                0x0000000000002cb0                std::_Vector_base<unsigned long, std::allocator<unsigned long> >::_Vector_impl::_Vector_impl(std::allocator<unsigned long> const&)
 .text._ZNSt12_Vector_baseImSaImEE13_M_deallocateEPmj
                0x0000000000002cd8       0x26 ./source/IO_LedController_CPP.o
                0x0000000000002cd8                std::_Vector_base<unsigned long, std::allocator<unsigned long> >::_M_deallocate(unsigned long*, unsigned int)
 .text._ZNKSt16initializer_listImE4sizeEv
                0x0000000000002cfe       0x14 ./source/IO_LedController_CPP.o
                0x0000000000002cfe                std::initializer_list<unsigned long>::size() const
 .text._ZSt19__iterator_categoryIPKmENSt15iterator_traitsIT_E17iterator_categoryERKS3_
                0x0000000000002d12       0x10 ./source/IO_LedController_CPP.o
                0x0000000000002d12                std::iterator_traits<unsigned long const*>::iterator_category std::__iterator_category<unsigned long const*>(unsigned long const* const&)
 .text._ZSt10__distanceIPKmENSt15iterator_traitsIT_E15difference_typeES3_S3_St26random_access_iterator_tag
                0x0000000000002d22       0x1e ./source/IO_LedController_CPP.o
                0x0000000000002d22                std::iterator_traits<unsigned long const*>::difference_type std::__distance<unsigned long const*>(unsigned long const*, unsigned long const*, std::random_access_iterator_tag)
 .text._ZNSt12_Vector_baseImSaImEE11_M_allocateEj
                0x0000000000002d40       0x2a ./source/IO_LedController_CPP.o
                0x0000000000002d40                std::_Vector_base<unsigned long, std::allocator<unsigned long> >::_M_allocate(unsigned int)
 .text._ZSt22__uninitialized_copy_aIPKmPmmET0_T_S4_S3_RSaIT1_E
                0x0000000000002d6a       0x24 ./source/IO_LedController_CPP.o
                0x0000000000002d6a                unsigned long* std::__uninitialized_copy_a<unsigned long const*, unsigned long*, unsigned long>(unsigned long const*, unsigned long const*, unsigned long*, std::allocator<unsigned long>&)
 .text._ZNSt16allocator_traitsISaImEE37select_on_container_copy_constructionERKS0_
                0x0000000000002d8e       0x1e ./source/IO_LedController_CPP.o
                0x0000000000002d8e                std::allocator_traits<std::allocator<unsigned long> >::select_on_container_copy_construction(std::allocator<unsigned long> const&)
 .text._ZNSt12_Vector_baseImSaImEE17_M_create_storageEj
                0x0000000000002dac       0x3a ./source/IO_LedController_CPP.o
                0x0000000000002dac                std::_Vector_base<unsigned long, std::allocator<unsigned long> >::_M_create_storage(unsigned int)
 .text._ZN9__gnu_cxx17__normal_iteratorIPKmSt6vectorImSaImEEEC2ERKS2_
                0x0000000000002de6       0x1c ./source/IO_LedController_CPP.o
                0x0000000000002de6                __gnu_cxx::__normal_iterator<unsigned long const*, std::vector<unsigned long, std::allocator<unsigned long> > >::__normal_iterator(unsigned long const* const&)
                0x0000000000002de6                __gnu_cxx::__normal_iterator<unsigned long const*, std::vector<unsigned long, std::allocator<unsigned long> > >::__normal_iterator(unsigned long const* const&)
 .text._ZSt18uninitialized_copyIN9__gnu_cxx17__normal_iteratorIPKmSt6vectorImSaImEEEEPmET0_T_SA_S9_
                0x0000000000002e02       0x32 ./source/IO_LedController_CPP.o
                0x0000000000002e02                unsigned long* std::uninitialized_copy<__gnu_cxx::__normal_iterator<unsigned long const*, std::vector<unsigned long, std::allocator<unsigned long> > >, unsigned long*>(__gnu_cxx::__normal_iterator<unsigned long const*, std::vector<unsigned long, std::allocator<unsigned long> > >, __gnu_cxx::__normal_iterator<unsigned long const*, std::vector<unsigned long, std::allocator<unsigned long> > >, unsigned long*)
 .text._ZSt8_DestroyIPmEvT_S1_
                0x0000000000002e34       0x1e ./source/IO_LedController_CPP.o
                0x0000000000002e34                void std::_Destroy<unsigned long*>(unsigned long*, unsigned long*)
 .text._ZNSaImEC2ERKS_
                0x0000000000002e52       0x20 ./source/IO_LedController_CPP.o
                0x0000000000002e52                std::allocator<unsigned long>::allocator(std::allocator<unsigned long> const&)
                0x0000000000002e52                std::allocator<unsigned long>::allocator(std::allocator<unsigned long> const&)
 .text._ZNSt12_Vector_baseImSaImEE17_Vector_impl_dataC2Ev
                0x0000000000002e72       0x24 ./source/IO_LedController_CPP.o
                0x0000000000002e72                std::_Vector_base<unsigned long, std::allocator<unsigned long> >::_Vector_impl_data::_Vector_impl_data()
                0x0000000000002e72                std::_Vector_base<unsigned long, std::allocator<unsigned long> >::_Vector_impl_data::_Vector_impl_data()
 .text._ZNSt16allocator_traitsISaImEE10deallocateERS0_Pmj
                0x0000000000002e96       0x20 ./source/IO_LedController_CPP.o
                0x0000000000002e96                std::allocator_traits<std::allocator<unsigned long> >::deallocate(std::allocator<unsigned long>&, unsigned long*, unsigned int)
 .text._ZNSt16allocator_traitsISaImEE8allocateERS0_j
                0x0000000000002eb6       0x20 ./source/IO_LedController_CPP.o
                0x0000000000002eb6                std::allocator_traits<std::allocator<unsigned long> >::allocate(std::allocator<unsigned long>&, unsigned int)
 .text._ZSt18uninitialized_copyIPKmPmET0_T_S4_S3_
                0x0000000000002ed6       0x32 ./source/IO_LedController_CPP.o
                0x0000000000002ed6                unsigned long* std::uninitialized_copy<unsigned long const*, unsigned long*>(unsigned long const*, unsigned long const*, unsigned long*)
 .text._ZNSt20__uninitialized_copyILb1EE13__uninit_copyIN9__gnu_cxx17__normal_iteratorIPKmSt6vectorImSaImEEEEPmEET0_T_SC_SB_
                0x0000000000002f08       0x22 ./source/IO_LedController_CPP.o
                0x0000000000002f08                unsigned long* std::__uninitialized_copy<true>::__uninit_copy<__gnu_cxx::__normal_iterator<unsigned long const*, std::vector<unsigned long, std::allocator<unsigned long> > >, unsigned long*>(__gnu_cxx::__normal_iterator<unsigned long const*, std::vector<unsigned long, std::allocator<unsigned long> > >, __gnu_cxx::__normal_iterator<unsigned long const*, std::vector<unsigned long, std::allocator<unsigned long> > >, unsigned long*)
 .text._ZNSt12_Destroy_auxILb1EE9__destroyIPmEEvT_S3_
                0x0000000000002f2a       0x12 ./source/IO_LedController_CPP.o
                0x0000000000002f2a                void std::_Destroy_aux<true>::__destroy<unsigned long*>(unsigned long*, unsigned long*)
 .text._ZNSt15__new_allocatorImEC2ERKS0_
                0x0000000000002f3c       0x14 ./source/IO_LedController_CPP.o
                0x0000000000002f3c                std::__new_allocator<unsigned long>::__new_allocator(std::__new_allocator<unsigned long> const&)
                0x0000000000002f3c                std::__new_allocator<unsigned long>::__new_allocator(std::__new_allocator<unsigned long> const&)
 .text._ZNSt15__new_allocatorImE10deallocateEPmj
                0x0000000000002f50       0x20 ./source/IO_LedController_CPP.o
                0x0000000000002f50                std::__new_allocator<unsigned long>::deallocate(unsigned long*, unsigned int)
 .text._ZNSt16allocator_traitsISaImEE8max_sizeERKS0_
                0x0000000000002f70       0x1a ./source/IO_LedController_CPP.o
                0x0000000000002f70                std::allocator_traits<std::allocator<unsigned long> >::max_size(std::allocator<unsigned long> const&)
 .text._ZSt3minIjERKT_S2_S2_
                0x0000000000002f8a       0x24 ./source/IO_LedController_CPP.o
                0x0000000000002f8a                unsigned int const& std::min<unsigned int>(unsigned int const&, unsigned int const&)
 .text._ZNSt15__new_allocatorImE8allocateEjPKv
                0x0000000000002fae       0x52 ./source/IO_LedController_CPP.o
                0x0000000000002fae                std::__new_allocator<unsigned long>::allocate(unsigned int, void const*)
 .text._ZNSt20__uninitialized_copyILb1EE13__uninit_copyIPKmPmEET0_T_S6_S5_
                0x0000000000003000       0x22 ./source/IO_LedController_CPP.o
                0x0000000000003000                unsigned long* std::__uninitialized_copy<true>::__uninit_copy<unsigned long const*, unsigned long*>(unsigned long const*, unsigned long const*, unsigned long*)
 .text._ZSt4copyIN9__gnu_cxx17__normal_iteratorIPKmSt6vectorImSaImEEEEPmET0_T_SA_S9_
                0x0000000000003022       0x34 ./source/IO_LedController_CPP.o
                0x0000000000003022                unsigned long* std::copy<__gnu_cxx::__normal_iterator<unsigned long const*, std::vector<unsigned long, std::allocator<unsigned long> > >, unsigned long*>(__gnu_cxx::__normal_iterator<unsigned long const*, std::vector<unsigned long, std::allocator<unsigned long> > >, __gnu_cxx::__normal_iterator<unsigned long const*, std::vector<unsigned long, std::allocator<unsigned long> > >, unsigned long*)
 .text._ZNKSt15__new_allocatorImE8max_sizeEv
                0x0000000000003056       0x1a ./source/IO_LedController_CPP.o
                0x0000000000003056                std::__new_allocator<unsigned long>::max_size() const
 .text._ZSt4copyIPKmPmET0_T_S4_S3_
                0x0000000000003070       0x34 ./source/IO_LedController_CPP.o
                0x0000000000003070                unsigned long* std::copy<unsigned long const*, unsigned long*>(unsigned long const*, unsigned long const*, unsigned long*)
 .text._ZSt12__miter_baseIN9__gnu_cxx17__normal_iteratorIPKmSt6vectorImSaImEEEEET_S8_
                0x00000000000030a4       0x12 ./source/IO_LedController_CPP.o
                0x00000000000030a4                __gnu_cxx::__normal_iterator<unsigned long const*, std::vector<unsigned long, std::allocator<unsigned long> > > std::__miter_base<__gnu_cxx::__normal_iterator<unsigned long const*, std::vector<unsigned long, std::allocator<unsigned long> > > >(__gnu_cxx::__normal_iterator<unsigned long const*, std::vector<unsigned long, std::allocator<unsigned long> > >)
 .text._ZSt13__copy_move_aILb0EN9__gnu_cxx17__normal_iteratorIPKmSt6vectorImSaImEEEEPmET1_T0_SA_S9_
                0x00000000000030b6       0x4a ./source/IO_LedController_CPP.o
                0x00000000000030b6                unsigned long* std::__copy_move_a<false, __gnu_cxx::__normal_iterator<unsigned long const*, std::vector<unsigned long, std::allocator<unsigned long> > >, unsigned long*>(__gnu_cxx::__normal_iterator<unsigned long const*, std::vector<unsigned long, std::allocator<unsigned long> > >, __gnu_cxx::__normal_iterator<unsigned long const*, std::vector<unsigned long, std::allocator<unsigned long> > >, unsigned long*)
 .text._ZSt12__miter_baseIPKmET_S2_
                0x0000000000003100       0x12 ./source/IO_LedController_CPP.o
                0x0000000000003100                unsigned long const* std::__miter_base<unsigned long const*>(unsigned long const*)
 .text._ZSt13__copy_move_aILb0EPKmPmET1_T0_S4_S3_
                0x0000000000003112       0x4a ./source/IO_LedController_CPP.o
                0x0000000000003112                unsigned long* std::__copy_move_a<false, unsigned long const*, unsigned long*>(unsigned long const*, unsigned long const*, unsigned long*)
 .text._ZSt12__niter_baseIPKmSt6vectorImSaImEEET_N9__gnu_cxx17__normal_iteratorIS5_T0_EE
                0x000000000000315c       0x1c ./source/IO_LedController_CPP.o
                0x000000000000315c                unsigned long const* std::__niter_base<unsigned long const*, std::vector<unsigned long, std::allocator<unsigned long> > >(__gnu_cxx::__normal_iterator<unsigned long const*, std::vector<unsigned long, std::allocator<unsigned long> > >)
 .text._ZSt12__niter_baseIPmET_S1_
                0x0000000000003178       0x12 ./source/IO_LedController_CPP.o
                0x0000000000003178                unsigned long* std::__niter_base<unsigned long*>(unsigned long*)
 .text._ZSt14__copy_move_a1ILb0EPKmPmET1_T0_S4_S3_
                0x000000000000318a       0x22 ./source/IO_LedController_CPP.o
                0x000000000000318a                unsigned long* std::__copy_move_a1<false, unsigned long const*, unsigned long*>(unsigned long const*, unsigned long const*, unsigned long*)
 .text._ZSt12__niter_wrapIPmET_RKS1_S1_
                0x00000000000031ac       0x14 ./source/IO_LedController_CPP.o
                0x00000000000031ac                unsigned long* std::__niter_wrap<unsigned long*>(unsigned long* const&, unsigned long*)
 .text._ZSt12__niter_baseIPKmET_S2_
                0x00000000000031c0       0x12 ./source/IO_LedController_CPP.o
                0x00000000000031c0                unsigned long const* std::__niter_base<unsigned long const*>(unsigned long const*)
 .text._ZNK9__gnu_cxx17__normal_iteratorIPKmSt6vectorImSaImEEE4baseEv
                0x00000000000031d2       0x12 ./source/IO_LedController_CPP.o
                0x00000000000031d2                __gnu_cxx::__normal_iterator<unsigned long const*, std::vector<unsigned long, std::allocator<unsigned long> > >::base() const
 .text._ZSt14__copy_move_a2ILb0EPKmPmET1_T0_S4_S3_
                0x00000000000031e4       0x22 ./source/IO_LedController_CPP.o
                0x00000000000031e4                unsigned long* std::__copy_move_a2<false, unsigned long const*, unsigned long*>(unsigned long const*, unsigned long const*, unsigned long*)
 .text._ZNSt11__copy_moveILb0ELb1ESt26random_access_iterator_tagE8__copy_mImEEPT_PKS3_S6_S4_
                0x0000000000003206       0x3a ./source/IO_LedController_CPP.o
                0x0000000000003206                unsigned long* std::__copy_move<false, true, std::random_access_iterator_tag>::__copy_m<unsigned long>(unsigned long const*, unsigned long const*, unsigned long*)
 .text._ZNSt12_Vector_baseImSaImEEC2Ev
                0x0000000000003240       0x1a ./source/Neopixels.o
                0x0000000000003240                std::_Vector_base<unsigned long, std::allocator<unsigned long> >::_Vector_base()
                0x0000000000003240                std::_Vector_base<unsigned long, std::allocator<unsigned long> >::_Vector_base()
 .text._ZNSt6vectorImSaImEEC2Ev
                0x000000000000325a       0x1a ./source/Neopixels.o
                0x000000000000325a                std::vector<unsigned long, std::allocator<unsigned long> >::vector()
                0x000000000000325a                std::vector<unsigned long, std::allocator<unsigned long> >::vector()
 .text._ZN9NeopixelsD0Ev
                0x0000000000003274       0x24 ./source/Neopixels.o
                0x0000000000003274                Neopixels::~Neopixels()
 .text._ZN9Neopixels13getLedsNumberEv
                0x0000000000003298       0x1c ./source/Neopixels.o
                0x0000000000003298                Neopixels::getLedsNumber()
 .text._ZN9Neopixels11writeColorsESt6vectorImSaImEE
                0x00000000000032b4       0x2a ./source/Neopixels.o
                0x00000000000032b4                Neopixels::writeColors(std::vector<unsigned long, std::allocator<unsigned long> >)
 .text._ZN9Neopixels8sendDataEv
                0x00000000000032de       0xd8 ./source/Neopixels.o
                0x00000000000032de                Neopixels::sendData()
 .text._ZN9Neopixels10shiftRightEm
                0x00000000000033b6       0x6c ./source/Neopixels.o
                0x00000000000033b6                Neopixels::shiftRight(unsigned long)
 .text._ZNSt12_Vector_baseImSaImEE12_Vector_implC2Ev
                0x0000000000003422       0x22 ./source/Neopixels.o
                0x0000000000003422                std::_Vector_base<unsigned long, std::allocator<unsigned long> >::_Vector_impl::_Vector_impl()
                0x0000000000003422                std::_Vector_base<unsigned long, std::allocator<unsigned long> >::_Vector_impl::_Vector_impl()
 .text._ZNSt6vectorImSaImEE5clearEv
                0x0000000000003444       0x1e ./source/Neopixels.o
                0x0000000000003444                std::vector<unsigned long, std::allocator<unsigned long> >::clear()
 .text._ZN9__gnu_cxx14__alloc_traitsISaImEmE27_S_propagate_on_copy_assignEv
                0x0000000000003462        0xc ./source/Neopixels.o
                0x0000000000003462                __gnu_cxx::__alloc_traits<std::allocator<unsigned long>, unsigned long>::_S_propagate_on_copy_assign()
 .text._ZN9__gnu_cxx14__alloc_traitsISaImEmE15_S_always_equalEv
                0x000000000000346e        0xc ./source/Neopixels.o
                0x000000000000346e                __gnu_cxx::__alloc_traits<std::allocator<unsigned long>, unsigned long>::_S_always_equal()
 .text._ZNSt6vectorImSaImEEaSERKS1_
                0x000000000000347a      0x210 ./source/Neopixels.o
                0x000000000000347a                std::vector<unsigned long, std::allocator<unsigned long> >::operator=(std::vector<unsigned long, std::allocator<unsigned long> > const&)
 .text._ZNSt6vectorImSaImEEixEj
                0x000000000000368a       0x1c ./source/Neopixels.o
                0x000000000000368a                std::vector<unsigned long, std::allocator<unsigned long> >::operator[](unsigned int)
 .text._ZNSt6vectorImSaImEE5beginEv
                0x00000000000036a6       0x20 ./source/Neopixels.o
                0x00000000000036a6                std::vector<unsigned long, std::allocator<unsigned long> >::begin()
 .text._ZNK9__gnu_cxx17__normal_iteratorIPmSt6vectorImSaImEEEplEi
                0x00000000000036c6       0x30 ./source/Neopixels.o
                0x00000000000036c6                __gnu_cxx::__normal_iterator<unsigned long*, std::vector<unsigned long, std::allocator<unsigned long> > >::operator+(int) const
 .text._ZNSt6vectorImSaImEE3endEv
                0x00000000000036f6       0x22 ./source/Neopixels.o
                0x00000000000036f6                std::vector<unsigned long, std::allocator<unsigned long> >::end()
 .text._ZNSt6vectorImSaImEE6rbeginEv
                0x0000000000003718       0x26 ./source/Neopixels.o
                0x0000000000003718                std::vector<unsigned long, std::allocator<unsigned long> >::rbegin()
 .text._ZNKSt16reverse_iteratorIN9__gnu_cxx17__normal_iteratorIPmSt6vectorImSaImEEEEEplEi
                0x000000000000373e       0x2c ./source/Neopixels.o
                0x000000000000373e                std::reverse_iterator<__gnu_cxx::__normal_iterator<unsigned long*, std::vector<unsigned long, std::allocator<unsigned long> > > >::operator+(int) const
 .text._ZNSt6vectorImSaImEE4rendEv
                0x000000000000376a       0x26 ./source/Neopixels.o
                0x000000000000376a                std::vector<unsigned long, std::allocator<unsigned long> >::rend()
 .text._ZNSt3_V26rotateISt16reverse_iteratorIN9__gnu_cxx17__normal_iteratorIPmSt6vectorImSaImEEEEEEET_SA_SA_SA_
                0x0000000000003790       0x5c ./source/Neopixels.o
                0x0000000000003790                std::reverse_iterator<__gnu_cxx::__normal_iterator<unsigned long*, std::vector<unsigned long, std::allocator<unsigned long> > > > std::_V2::rotate<std::reverse_iterator<__gnu_cxx::__normal_iterator<unsigned long*, std::vector<unsigned long, std::allocator<unsigned long> > > > >(std::reverse_iterator<__gnu_cxx::__normal_iterator<unsigned long*, std::vector<unsigned long, std::allocator<unsigned long> > > >, std::reverse_iterator<__gnu_cxx::__normal_iterator<unsigned long*, std::vector<unsigned long, std::allocator<unsigned long> > > >, std::reverse_iterator<__gnu_cxx::__normal_iterator<unsigned long*, std::vector<unsigned long, std::allocator<unsigned long> > > >)
 .text._ZNSt6vectorImSaImEE15_M_erase_at_endEPm
                0x00000000000037ec       0x42 ./source/Neopixels.o
                0x00000000000037ec                std::vector<unsigned long, std::allocator<unsigned long> >::_M_erase_at_end(unsigned long*)
 .text._ZSt11__addressofIKSt6vectorImSaImEEEPT_RS4_
                0x000000000000382e       0x12 ./source/Neopixels.o
                0x000000000000382e                std::vector<unsigned long, std::allocator<unsigned long> > const* std::__addressof<std::vector<unsigned long, std::allocator<unsigned long> > const>(std::vector<unsigned long, std::allocator<unsigned long> > const&)
 .text._ZStneRKSaImES1_
                0x0000000000003840       0x14 ./source/Neopixels.o
                0x0000000000003840                std::operator!=(std::allocator<unsigned long> const&, std::allocator<unsigned long> const&)
 .text._ZSt15__alloc_on_copyISaImEEvRT_RKS1_
                0x0000000000003854       0x12 ./source/Neopixels.o
                0x0000000000003854                void std::__alloc_on_copy<std::allocator<unsigned long> >(std::allocator<unsigned long>&, std::allocator<unsigned long> const&)
 .text._ZNKSt6vectorImSaImEE8capacityEv
                0x0000000000003866       0x1c ./source/Neopixels.o
                0x0000000000003866                std::vector<unsigned long, std::allocator<unsigned long> >::capacity() const
 .text._ZNSt6vectorImSaImEE20_M_allocate_and_copyIN9__gnu_cxx17__normal_iteratorIPKmS1_EEEEPmjT_S9_
                0x0000000000003882       0x3c ./source/Neopixels.o
                0x0000000000003882                unsigned long* std::vector<unsigned long, std::allocator<unsigned long> >::_M_allocate_and_copy<__gnu_cxx::__normal_iterator<unsigned long const*, std::vector<unsigned long, std::allocator<unsigned long> > > >(unsigned int, __gnu_cxx::__normal_iterator<unsigned long const*, std::vector<unsigned long, std::allocator<unsigned long> > >, __gnu_cxx::__normal_iterator<unsigned long const*, std::vector<unsigned long, std::allocator<unsigned long> > >)
 .text._ZSt4copyIN9__gnu_cxx17__normal_iteratorIPKmSt6vectorImSaImEEEENS1_IPmS6_EEET0_T_SB_SA_
                0x00000000000038be       0x34 ./source/Neopixels.o
                0x00000000000038be                __gnu_cxx::__normal_iterator<unsigned long*, std::vector<unsigned long, std::allocator<unsigned long> > > std::copy<__gnu_cxx::__normal_iterator<unsigned long const*, std::vector<unsigned long, std::allocator<unsigned long> > >, __gnu_cxx::__normal_iterator<unsigned long*, std::vector<unsigned long, std::allocator<unsigned long> > > >(__gnu_cxx::__normal_iterator<unsigned long const*, std::vector<unsigned long, std::allocator<unsigned long> > >, __gnu_cxx::__normal_iterator<unsigned long const*, std::vector<unsigned long, std::allocator<unsigned long> > >, __gnu_cxx::__normal_iterator<unsigned long*, std::vector<unsigned long, std::allocator<unsigned long> > >)
 .text._ZSt8_DestroyIN9__gnu_cxx17__normal_iteratorIPmSt6vectorImSaImEEEEmEvT_S7_RSaIT0_E
                0x00000000000038f2       0x20 ./source/Neopixels.o
                0x00000000000038f2                void std::_Destroy<__gnu_cxx::__normal_iterator<unsigned long*, std::vector<unsigned long, std::allocator<unsigned long> > >, unsigned long>(__gnu_cxx::__normal_iterator<unsigned long*, std::vector<unsigned long, std::allocator<unsigned long> > >, __gnu_cxx::__normal_iterator<unsigned long*, std::vector<unsigned long, std::allocator<unsigned long> > >, std::allocator<unsigned long>&)
 .text._ZSt4copyIPmS0_ET0_T_S2_S1_
                0x0000000000003912       0x34 ./source/Neopixels.o
                0x0000000000003912                unsigned long* std::copy<unsigned long*, unsigned long*>(unsigned long*, unsigned long*, unsigned long*)
 .text._ZSt22__uninitialized_copy_aIPmS0_mET0_T_S2_S1_RSaIT1_E
                0x0000000000003946       0x24 ./source/Neopixels.o
                0x0000000000003946                unsigned long* std::__uninitialized_copy_a<unsigned long*, unsigned long*, unsigned long>(unsigned long*, unsigned long*, unsigned long*, std::allocator<unsigned long>&)
 .text._ZN9__gnu_cxx17__normal_iteratorIPmSt6vectorImSaImEEEC2ERKS1_
                0x000000000000396a       0x1c ./source/Neopixels.o
                0x000000000000396a                __gnu_cxx::__normal_iterator<unsigned long*, std::vector<unsigned long, std::allocator<unsigned long> > >::__normal_iterator(unsigned long* const&)
                0x000000000000396a                __gnu_cxx::__normal_iterator<unsigned long*, std::vector<unsigned long, std::allocator<unsigned long> > >::__normal_iterator(unsigned long* const&)
 .text._ZNSt16reverse_iteratorIN9__gnu_cxx17__normal_iteratorIPmSt6vectorImSaImEEEEEC2ES6_
                0x0000000000003986       0x1a ./source/Neopixels.o
                0x0000000000003986                std::reverse_iterator<__gnu_cxx::__normal_iterator<unsigned long*, std::vector<unsigned long, std::allocator<unsigned long> > > >::reverse_iterator(__gnu_cxx::__normal_iterator<unsigned long*, std::vector<unsigned long, std::allocator<unsigned long> > >)
                0x0000000000003986                std::reverse_iterator<__gnu_cxx::__normal_iterator<unsigned long*, std::vector<unsigned long, std::allocator<unsigned long> > > >::reverse_iterator(__gnu_cxx::__normal_iterator<unsigned long*, std::vector<unsigned long, std::allocator<unsigned long> > >)
 .text._ZNK9__gnu_cxx17__normal_iteratorIPmSt6vectorImSaImEEEmiEi
                0x00000000000039a0       0x32 ./source/Neopixels.o
                0x00000000000039a0                __gnu_cxx::__normal_iterator<unsigned long*, std::vector<unsigned long, std::allocator<unsigned long> > >::operator-(int) const
 .text._ZSt19__iterator_categoryISt16reverse_iteratorIN9__gnu_cxx17__normal_iteratorIPmSt6vectorImSaImEEEEEENSt15iterator_traitsIT_E17iterator_categoryERKSA_
                0x00000000000039d2       0x10 ./source/Neopixels.o
                0x00000000000039d2                std::iterator_traits<std::reverse_iterator<__gnu_cxx::__normal_iterator<unsigned long*, std::vector<unsigned long, std::allocator<unsigned long> > > > >::iterator_category std::__iterator_category<std::reverse_iterator<__gnu_cxx::__normal_iterator<unsigned long*, std::vector<unsigned long, std::allocator<unsigned long> > > > >(std::reverse_iterator<__gnu_cxx::__normal_iterator<unsigned long*, std::vector<unsigned long, std::allocator<unsigned long> > > > const&)
 .text._ZNSt16reverse_iteratorIN9__gnu_cxx17__normal_iteratorIPmSt6vectorImSaImEEEEEC2ERKS7_
                0x00000000000039e2       0x1c ./source/Neopixels.o
                0x00000000000039e2                std::reverse_iterator<__gnu_cxx::__normal_iterator<unsigned long*, std::vector<unsigned long, std::allocator<unsigned long> > > >::reverse_iterator(std::reverse_iterator<__gnu_cxx::__normal_iterator<unsigned long*, std::vector<unsigned long, std::allocator<unsigned long> > > > const&)
                0x00000000000039e2                std::reverse_iterator<__gnu_cxx::__normal_iterator<unsigned long*, std::vector<unsigned long, std::allocator<unsigned long> > > >::reverse_iterator(std::reverse_iterator<__gnu_cxx::__normal_iterator<unsigned long*, std::vector<unsigned long, std::allocator<unsigned long> > > > const&)
 .text._ZSteqIN9__gnu_cxx17__normal_iteratorIPmSt6vectorImSaImEEEEEbRKSt16reverse_iteratorIT_ESB_
                0x00000000000039fe       0x3c ./source/Neopixels.o
                0x00000000000039fe                bool std::operator==<__gnu_cxx::__normal_iterator<unsigned long*, std::vector<unsigned long, std::allocator<unsigned long> > > >(std::reverse_iterator<__gnu_cxx::__normal_iterator<unsigned long*, std::vector<unsigned long, std::allocator<unsigned long> > > > const&, std::reverse_iterator<__gnu_cxx::__normal_iterator<unsigned long*, std::vector<unsigned long, std::allocator<unsigned long> > > > const&)
 .text._ZStmiIN9__gnu_cxx17__normal_iteratorIPmSt6vectorImSaImEEEES6_EDTmicldtfp0_4baseEcldtfp_4baseEERKSt16reverse_iteratorIT_ERKS8_IT0_E
                0x0000000000003a3a       0x3c ./source/Neopixels.o
                0x0000000000003a3a                decltype ((({parm#2}.base)())-(({parm#1}.base)())) std::operator-<__gnu_cxx::__normal_iterator<unsigned long*, std::vector<unsigned long, std::allocator<unsigned long> > >, __gnu_cxx::__normal_iterator<unsigned long*, std::vector<unsigned long, std::allocator<unsigned long> > > >(std::reverse_iterator<__gnu_cxx::__normal_iterator<unsigned long*, std::vector<unsigned long, std::allocator<unsigned long> > > > const&, std::reverse_iterator<__gnu_cxx::__normal_iterator<unsigned long*, std::vector<unsigned long, std::allocator<unsigned long> > > > const&)
 .text._ZNKSt16reverse_iteratorIN9__gnu_cxx17__normal_iteratorIPmSt6vectorImSaImEEEEEdeEv
                0x0000000000003a76       0x2a ./source/Neopixels.o
                0x0000000000003a76                std::reverse_iterator<__gnu_cxx::__normal_iterator<unsigned long*, std::vector<unsigned long, std::allocator<unsigned long> > > >::operator*() const
 .text._ZNSt3_V28__rotateISt16reverse_iteratorIN9__gnu_cxx17__normal_iteratorIPmSt6vectorImSaImEEEEEEET_SA_SA_SA_St26random_access_iterator_tag
                0x0000000000003aa0      0x3c0 ./source/Neopixels.o
                0x0000000000003aa0                std::reverse_iterator<__gnu_cxx::__normal_iterator<unsigned long*, std::vector<unsigned long, std::allocator<unsigned long> > > > std::_V2::__rotate<std::reverse_iterator<__gnu_cxx::__normal_iterator<unsigned long*, std::vector<unsigned long, std::allocator<unsigned long> > > > >(std::reverse_iterator<__gnu_cxx::__normal_iterator<unsigned long*, std::vector<unsigned long, std::allocator<unsigned long> > > >, std::reverse_iterator<__gnu_cxx::__normal_iterator<unsigned long*, std::vector<unsigned long, std::allocator<unsigned long> > > >, std::reverse_iterator<__gnu_cxx::__normal_iterator<unsigned long*, std::vector<unsigned long, std::allocator<unsigned long> > > >, std::random_access_iterator_tag)
 .text._ZN9__gnu_cxxmiIPmSt6vectorImSaImEEEENS_17__normal_iteratorIT_T0_E15difference_typeERKS8_SB_
                0x0000000000003e60       0x2e ./source/Neopixels.o
                0x0000000000003e60                __gnu_cxx::__normal_iterator<unsigned long*, std::vector<unsigned long, std::allocator<unsigned long> > >::difference_type __gnu_cxx::operator-<unsigned long*, std::vector<unsigned long, std::allocator<unsigned long> > >(__gnu_cxx::__normal_iterator<unsigned long*, std::vector<unsigned long, std::allocator<unsigned long> > > const&, __gnu_cxx::__normal_iterator<unsigned long*, std::vector<unsigned long, std::allocator<unsigned long> > > const&)
 .text._ZNK9__gnu_cxx17__normal_iteratorIPmSt6vectorImSaImEEE4baseEv
                0x0000000000003e8e       0x12 ./source/Neopixels.o
                0x0000000000003e8e                __gnu_cxx::__normal_iterator<unsigned long*, std::vector<unsigned long, std::allocator<unsigned long> > >::base() const
 .text._ZSt13__copy_move_aILb0EN9__gnu_cxx17__normal_iteratorIPKmSt6vectorImSaImEEEENS1_IPmS6_EEET1_T0_SB_SA_
                0x0000000000003ea0       0x4a ./source/Neopixels.o
                0x0000000000003ea0                __gnu_cxx::__normal_iterator<unsigned long*, std::vector<unsigned long, std::allocator<unsigned long> > > std::__copy_move_a<false, __gnu_cxx::__normal_iterator<unsigned long const*, std::vector<unsigned long, std::allocator<unsigned long> > >, __gnu_cxx::__normal_iterator<unsigned long*, std::vector<unsigned long, std::allocator<unsigned long> > > >(__gnu_cxx::__normal_iterator<unsigned long const*, std::vector<unsigned long, std::allocator<unsigned long> > >, __gnu_cxx::__normal_iterator<unsigned long const*, std::vector<unsigned long, std::allocator<unsigned long> > >, __gnu_cxx::__normal_iterator<unsigned long*, std::vector<unsigned long, std::allocator<unsigned long> > >)
 .text._ZSt8_DestroyIN9__gnu_cxx17__normal_iteratorIPmSt6vectorImSaImEEEEEvT_S7_
                0x0000000000003eea       0x1e ./source/Neopixels.o
                0x0000000000003eea                void std::_Destroy<__gnu_cxx::__normal_iterator<unsigned long*, std::vector<unsigned long, std::allocator<unsigned long> > > >(__gnu_cxx::__normal_iterator<unsigned long*, std::vector<unsigned long, std::allocator<unsigned long> > >, __gnu_cxx::__normal_iterator<unsigned long*, std::vector<unsigned long, std::allocator<unsigned long> > >)
 .text._ZSt12__miter_baseIPmET_S1_
                0x0000000000003f08       0x12 ./source/Neopixels.o
                0x0000000000003f08                unsigned long* std::__miter_base<unsigned long*>(unsigned long*)
 .text._ZSt13__copy_move_aILb0EPmS0_ET1_T0_S2_S1_
                0x0000000000003f1a       0x4a ./source/Neopixels.o
                0x0000000000003f1a                unsigned long* std::__copy_move_a<false, unsigned long*, unsigned long*>(unsigned long*, unsigned long*, unsigned long*)
 .text._ZSt18uninitialized_copyIPmS0_ET0_T_S2_S1_
                0x0000000000003f64       0x32 ./source/Neopixels.o
                0x0000000000003f64                unsigned long* std::uninitialized_copy<unsigned long*, unsigned long*>(unsigned long*, unsigned long*, unsigned long*)
 .text._ZN9__gnu_cxxeqIPmSt6vectorImSaImEEEEbRKNS_17__normal_iteratorIT_T0_EESA_
                0x0000000000003f96       0x32 ./source/Neopixels.o
                0x0000000000003f96                bool __gnu_cxx::operator==<unsigned long*, std::vector<unsigned long, std::allocator<unsigned long> > >(__gnu_cxx::__normal_iterator<unsigned long*, std::vector<unsigned long, std::allocator<unsigned long> > > const&, __gnu_cxx::__normal_iterator<unsigned long*, std::vector<unsigned long, std::allocator<unsigned long> > > const&)
 .text._ZNK9__gnu_cxx17__normal_iteratorIPmSt6vectorImSaImEEEdeEv
                0x0000000000003fc8       0x14 ./source/Neopixels.o
                0x0000000000003fc8                __gnu_cxx::__normal_iterator<unsigned long*, std::vector<unsigned long, std::allocator<unsigned long> > >::operator*() const
 .text._ZSt4moveIRmEONSt16remove_referenceIT_E4typeEOS2_
                0x0000000000003fdc       0x12 ./source/Neopixels.o
                0x0000000000003fdc                std::remove_reference<unsigned long&>::type&& std::move<unsigned long&>(unsigned long&)
 .text._ZN9__gnu_cxx17__normal_iteratorIPmSt6vectorImSaImEEEppEv
                0x0000000000003fee       0x1c ./source/Neopixels.o
                0x0000000000003fee                __gnu_cxx::__normal_iterator<unsigned long*, std::vector<unsigned long, std::allocator<unsigned long> > >::operator++()
 .text._ZSt4swapIiENSt9enable_ifIXsrSt6__and_IJSt6__not_ISt15__is_tuple_likeIT_EESt21is_move_constructibleIS4_ESt18is_move_assignableIS4_EEE5valueEvE4typeERS4_SE_
                0x000000000000400a       0x42 ./source/Neopixels.o
                0x000000000000400a                std::enable_if<std::__and_<std::__not_<std::__is_tuple_like<int> >, std::is_move_constructible<int>, std::is_move_assignable<int> >::value, void>::type std::swap<int>(int&, int&)
 .text._ZN9__gnu_cxx17__normal_iteratorIPmSt6vectorImSaImEEEmmEv
                0x000000000000404c       0x1c ./source/Neopixels.o
                0x000000000000404c                __gnu_cxx::__normal_iterator<unsigned long*, std::vector<unsigned long, std::allocator<unsigned long> > >::operator--()
 .text._ZNKSt16reverse_iteratorIN9__gnu_cxx17__normal_iteratorIPmSt6vectorImSaImEEEEE4baseEv
                0x0000000000004068       0x14 ./source/Neopixels.o
                0x0000000000004068                std::reverse_iterator<__gnu_cxx::__normal_iterator<unsigned long*, std::vector<unsigned long, std::allocator<unsigned long> > > >::base() const
 .text._ZSt11swap_rangesISt16reverse_iteratorIN9__gnu_cxx17__normal_iteratorIPmSt6vectorImSaImEEEEES8_ET0_T_SA_S9_
                0x000000000000407c       0x6c ./source/Neopixels.o
                0x000000000000407c                std::reverse_iterator<__gnu_cxx::__normal_iterator<unsigned long*, std::vector<unsigned long, std::allocator<unsigned long> > > > std::swap_ranges<std::reverse_iterator<__gnu_cxx::__normal_iterator<unsigned long*, std::vector<unsigned long, std::allocator<unsigned long> > > >, std::reverse_iterator<__gnu_cxx::__normal_iterator<unsigned long*, std::vector<unsigned long, std::allocator<unsigned long> > > > >(std::reverse_iterator<__gnu_cxx::__normal_iterator<unsigned long*, std::vector<unsigned long, std::allocator<unsigned long> > > >, std::reverse_iterator<__gnu_cxx::__normal_iterator<unsigned long*, std::vector<unsigned long, std::allocator<unsigned long> > > >, std::reverse_iterator<__gnu_cxx::__normal_iterator<unsigned long*, std::vector<unsigned long, std::allocator<unsigned long> > > >)
 .text._ZSt4moveISt16reverse_iteratorIN9__gnu_cxx17__normal_iteratorIPmSt6vectorImSaImEEEEES8_ET0_T_SA_S9_
                0x00000000000040e8       0x68 ./source/Neopixels.o
                0x00000000000040e8                std::reverse_iterator<__gnu_cxx::__normal_iterator<unsigned long*, std::vector<unsigned long, std::allocator<unsigned long> > > > std::move<std::reverse_iterator<__gnu_cxx::__normal_iterator<unsigned long*, std::vector<unsigned long, std::allocator<unsigned long> > > >, std::reverse_iterator<__gnu_cxx::__normal_iterator<unsigned long*, std::vector<unsigned long, std::allocator<unsigned long> > > > >(std::reverse_iterator<__gnu_cxx::__normal_iterator<unsigned long*, std::vector<unsigned long, std::allocator<unsigned long> > > >, std::reverse_iterator<__gnu_cxx::__normal_iterator<unsigned long*, std::vector<unsigned long, std::allocator<unsigned long> > > >, std::reverse_iterator<__gnu_cxx::__normal_iterator<unsigned long*, std::vector<unsigned long, std::allocator<unsigned long> > > >)
 .text._ZNKSt16reverse_iteratorIN9__gnu_cxx17__normal_iteratorIPmSt6vectorImSaImEEEEEmiEi
                0x0000000000004150       0x2c ./source/Neopixels.o
                0x0000000000004150                std::reverse_iterator<__gnu_cxx::__normal_iterator<unsigned long*, std::vector<unsigned long, std::allocator<unsigned long> > > >::operator-(int) const
 .text._ZSt9iter_swapISt16reverse_iteratorIN9__gnu_cxx17__normal_iteratorIPmSt6vectorImSaImEEEEES8_EvT_T0_
                0x000000000000417c       0x2e ./source/Neopixels.o
                0x000000000000417c                void std::iter_swap<std::reverse_iterator<__gnu_cxx::__normal_iterator<unsigned long*, std::vector<unsigned long, std::allocator<unsigned long> > > >, std::reverse_iterator<__gnu_cxx::__normal_iterator<unsigned long*, std::vector<unsigned long, std::allocator<unsigned long> > > > >(std::reverse_iterator<__gnu_cxx::__normal_iterator<unsigned long*, std::vector<unsigned long, std::allocator<unsigned long> > > >, std::reverse_iterator<__gnu_cxx::__normal_iterator<unsigned long*, std::vector<unsigned long, std::allocator<unsigned long> > > >)
 .text._ZNSt16reverse_iteratorIN9__gnu_cxx17__normal_iteratorIPmSt6vectorImSaImEEEEEppEv
                0x00000000000041aa       0x1a ./source/Neopixels.o
                0x00000000000041aa                std::reverse_iterator<__gnu_cxx::__normal_iterator<unsigned long*, std::vector<unsigned long, std::allocator<unsigned long> > > >::operator++()
 .text._ZSt13move_backwardISt16reverse_iteratorIN9__gnu_cxx17__normal_iteratorIPmSt6vectorImSaImEEEEES8_ET0_T_SA_S9_
                0x00000000000041c4       0x68 ./source/Neopixels.o
                0x00000000000041c4                std::reverse_iterator<__gnu_cxx::__normal_iterator<unsigned long*, std::vector<unsigned long, std::allocator<unsigned long> > > > std::move_backward<std::reverse_iterator<__gnu_cxx::__normal_iterator<unsigned long*, std::vector<unsigned long, std::allocator<unsigned long> > > >, std::reverse_iterator<__gnu_cxx::__normal_iterator<unsigned long*, std::vector<unsigned long, std::allocator<unsigned long> > > > >(std::reverse_iterator<__gnu_cxx::__normal_iterator<unsigned long*, std::vector<unsigned long, std::allocator<unsigned long> > > >, std::reverse_iterator<__gnu_cxx::__normal_iterator<unsigned long*, std::vector<unsigned long, std::allocator<unsigned long> > > >, std::reverse_iterator<__gnu_cxx::__normal_iterator<unsigned long*, std::vector<unsigned long, std::allocator<unsigned long> > > >)
 .text._ZNSt16reverse_iteratorIN9__gnu_cxx17__normal_iteratorIPmSt6vectorImSaImEEEEEmmEv
                0x000000000000422c       0x1a ./source/Neopixels.o
                0x000000000000422c                std::reverse_iterator<__gnu_cxx::__normal_iterator<unsigned long*, std::vector<unsigned long, std::allocator<unsigned long> > > >::operator--()
 .text._ZSt12__niter_baseIPmSt6vectorImSaImEEET_N9__gnu_cxx17__normal_iteratorIS4_T0_EE
                0x0000000000004246       0x1c ./source/Neopixels.o
                0x0000000000004246                unsigned long* std::__niter_base<unsigned long*, std::vector<unsigned long, std::allocator<unsigned long> > >(__gnu_cxx::__normal_iterator<unsigned long*, std::vector<unsigned long, std::allocator<unsigned long> > >)
 .text._ZSt12__niter_wrapIN9__gnu_cxx17__normal_iteratorIPmSt6vectorImSaImEEEES2_ET_S7_T0_
                0x0000000000004262       0x30 ./source/Neopixels.o
                0x0000000000004262                __gnu_cxx::__normal_iterator<unsigned long*, std::vector<unsigned long, std::allocator<unsigned long> > > std::__niter_wrap<__gnu_cxx::__normal_iterator<unsigned long*, std::vector<unsigned long, std::allocator<unsigned long> > >, unsigned long*>(__gnu_cxx::__normal_iterator<unsigned long*, std::vector<unsigned long, std::allocator<unsigned long> > >, unsigned long*)
 .text._ZNSt12_Destroy_auxILb1EE9__destroyIN9__gnu_cxx17__normal_iteratorIPmSt6vectorImSaImEEEEEEvT_S9_
                0x0000000000004292       0x12 ./source/Neopixels.o
                0x0000000000004292                void std::_Destroy_aux<true>::__destroy<__gnu_cxx::__normal_iterator<unsigned long*, std::vector<unsigned long, std::allocator<unsigned long> > > >(__gnu_cxx::__normal_iterator<unsigned long*, std::vector<unsigned long, std::allocator<unsigned long> > >, __gnu_cxx::__normal_iterator<unsigned long*, std::vector<unsigned long, std::allocator<unsigned long> > >)
 .text._ZSt14__copy_move_a1ILb0EPmS0_ET1_T0_S2_S1_
                0x00000000000042a4       0x22 ./source/Neopixels.o
                0x00000000000042a4                unsigned long* std::__copy_move_a1<false, unsigned long*, unsigned long*>(unsigned long*, unsigned long*, unsigned long*)
 .text._ZNSt20__uninitialized_copyILb1EE13__uninit_copyIPmS2_EET0_T_S4_S3_
                0x00000000000042c6       0x22 ./source/Neopixels.o
                0x00000000000042c6                unsigned long* std::__uninitialized_copy<true>::__uninit_copy<unsigned long*, unsigned long*>(unsigned long*, unsigned long*, unsigned long*)
 .text._ZSt12__miter_baseIN9__gnu_cxx17__normal_iteratorIPmSt6vectorImSaImEEEEET_S7_
                0x00000000000042e8       0x12 ./source/Neopixels.o
                0x00000000000042e8                __gnu_cxx::__normal_iterator<unsigned long*, std::vector<unsigned long, std::allocator<unsigned long> > > std::__miter_base<__gnu_cxx::__normal_iterator<unsigned long*, std::vector<unsigned long, std::allocator<unsigned long> > > >(__gnu_cxx::__normal_iterator<unsigned long*, std::vector<unsigned long, std::allocator<unsigned long> > >)
 .text._ZSt4swapImENSt9enable_ifIXsrSt6__and_IJSt6__not_ISt15__is_tuple_likeIT_EESt21is_move_constructibleIS4_ESt18is_move_assignableIS4_EEE5valueEvE4typeERS4_SE_
                0x00000000000042fa       0x42 ./source/Neopixels.o
                0x00000000000042fa                std::enable_if<std::__and_<std::__not_<std::__is_tuple_like<unsigned long> >, std::is_move_constructible<unsigned long>, std::is_move_assignable<unsigned long> >::value, void>::type std::swap<unsigned long>(unsigned long&, unsigned long&)
 .text._ZSt4moveIRiEONSt16remove_referenceIT_E4typeEOS2_
                0x000000000000433c       0x12 ./source/Neopixels.o
                0x000000000000433c                std::remove_reference<int&>::type&& std::move<int&>(int&)
 .text._ZStneIN9__gnu_cxx17__normal_iteratorIPmSt6vectorImSaImEEEEEbRKSt16reverse_iteratorIT_ESB_
                0x000000000000434e       0x28 ./source/Neopixels.o
                0x000000000000434e                bool std::operator!=<__gnu_cxx::__normal_iterator<unsigned long*, std::vector<unsigned long, std::allocator<unsigned long> > > >(std::reverse_iterator<__gnu_cxx::__normal_iterator<unsigned long*, std::vector<unsigned long, std::allocator<unsigned long> > > > const&, std::reverse_iterator<__gnu_cxx::__normal_iterator<unsigned long*, std::vector<unsigned long, std::allocator<unsigned long> > > > const&)
 .text._ZSt12__miter_baseIN9__gnu_cxx17__normal_iteratorIPmSt6vectorImSaImEEEEEDTcl23__make_reverse_iteratorcl12__miter_basecldtfp_4baseEEEESt16reverse_iteratorIT_E
                0x0000000000004376       0x2e ./source/Neopixels.o
                0x0000000000004376                decltype (__make_reverse_iterator(__miter_base(({parm#1}.base)()))) std::__miter_base<__gnu_cxx::__normal_iterator<unsigned long*, std::vector<unsigned long, std::allocator<unsigned long> > > >(std::reverse_iterator<__gnu_cxx::__normal_iterator<unsigned long*, std::vector<unsigned long, std::allocator<unsigned long> > > >)
 .text._ZSt13__copy_move_aILb1ESt16reverse_iteratorIN9__gnu_cxx17__normal_iteratorIPmSt6vectorImSaImEEEEES8_ET1_T0_SA_S9_
                0x00000000000043a4       0x96 ./source/Neopixels.o
                0x00000000000043a4                std::reverse_iterator<__gnu_cxx::__normal_iterator<unsigned long*, std::vector<unsigned long, std::allocator<unsigned long> > > > std::__copy_move_a<true, std::reverse_iterator<__gnu_cxx::__normal_iterator<unsigned long*, std::vector<unsigned long, std::allocator<unsigned long> > > >, std::reverse_iterator<__gnu_cxx::__normal_iterator<unsigned long*, std::vector<unsigned long, std::allocator<unsigned long> > > > >(std::reverse_iterator<__gnu_cxx::__normal_iterator<unsigned long*, std::vector<unsigned long, std::allocator<unsigned long> > > >, std::reverse_iterator<__gnu_cxx::__normal_iterator<unsigned long*, std::vector<unsigned long, std::allocator<unsigned long> > > >, std::reverse_iterator<__gnu_cxx::__normal_iterator<unsigned long*, std::vector<unsigned long, std::allocator<unsigned long> > > >)
 .text._ZSt22__copy_move_backward_aILb1ESt16reverse_iteratorIN9__gnu_cxx17__normal_iteratorIPmSt6vectorImSaImEEEEES8_ET1_T0_SA_S9_
                0x000000000000443a       0x96 ./source/Neopixels.o
                0x000000000000443a                std::reverse_iterator<__gnu_cxx::__normal_iterator<unsigned long*, std::vector<unsigned long, std::allocator<unsigned long> > > > std::__copy_move_backward_a<true, std::reverse_iterator<__gnu_cxx::__normal_iterator<unsigned long*, std::vector<unsigned long, std::allocator<unsigned long> > > >, std::reverse_iterator<__gnu_cxx::__normal_iterator<unsigned long*, std::vector<unsigned long, std::allocator<unsigned long> > > > >(std::reverse_iterator<__gnu_cxx::__normal_iterator<unsigned long*, std::vector<unsigned long, std::allocator<unsigned long> > > >, std::reverse_iterator<__gnu_cxx::__normal_iterator<unsigned long*, std::vector<unsigned long, std::allocator<unsigned long> > > >, std::reverse_iterator<__gnu_cxx::__normal_iterator<unsigned long*, std::vector<unsigned long, std::allocator<unsigned long> > > >)
 .text._ZSt14__copy_move_a2ILb0EPmS0_ET1_T0_S2_S1_
                0x00000000000044d0       0x22 ./source/Neopixels.o
                0x00000000000044d0                unsigned long* std::__copy_move_a2<false, unsigned long*, unsigned long*>(unsigned long*, unsigned long*, unsigned long*)
 .text._ZSt23__make_reverse_iteratorIN9__gnu_cxx17__normal_iteratorIPmSt6vectorImSaImEEEEESt16reverse_iteratorIT_ES8_
                0x00000000000044f2       0x1e ./source/Neopixels.o
                0x00000000000044f2                std::reverse_iterator<__gnu_cxx::__normal_iterator<unsigned long*, std::vector<unsigned long, std::allocator<unsigned long> > > > std::__make_reverse_iterator<__gnu_cxx::__normal_iterator<unsigned long*, std::vector<unsigned long, std::allocator<unsigned long> > > >(__gnu_cxx::__normal_iterator<unsigned long*, std::vector<unsigned long, std::allocator<unsigned long> > >)
 .text._ZSt12__niter_baseIN9__gnu_cxx17__normal_iteratorIPmSt6vectorImSaImEEEEEDTcl23__make_reverse_iteratorcl12__niter_basecldtfp_4baseEEEESt16reverse_iteratorIT_E
                0x0000000000004510       0x2e ./source/Neopixels.o
                0x0000000000004510                decltype (__make_reverse_iterator(__niter_base(({parm#1}.base)()))) std::__niter_base<__gnu_cxx::__normal_iterator<unsigned long*, std::vector<unsigned long, std::allocator<unsigned long> > > >(std::reverse_iterator<__gnu_cxx::__normal_iterator<unsigned long*, std::vector<unsigned long, std::allocator<unsigned long> > > >)
 .text._ZSt14__copy_move_a1ILb1ESt16reverse_iteratorIPmES2_ET1_T0_S4_S3_
                0x000000000000453e       0x4c ./source/Neopixels.o
                0x000000000000453e                std::reverse_iterator<unsigned long*> std::__copy_move_a1<true, std::reverse_iterator<unsigned long*>, std::reverse_iterator<unsigned long*> >(std::reverse_iterator<unsigned long*>, std::reverse_iterator<unsigned long*>, std::reverse_iterator<unsigned long*>)
 .text._ZSt12__niter_wrapISt16reverse_iteratorIN9__gnu_cxx17__normal_iteratorIPmSt6vectorImSaImEEEEES0_IS3_EET_SA_T0_
                0x000000000000458a       0x48 ./source/Neopixels.o
                0x000000000000458a                std::reverse_iterator<__gnu_cxx::__normal_iterator<unsigned long*, std::vector<unsigned long, std::allocator<unsigned long> > > > std::__niter_wrap<std::reverse_iterator<__gnu_cxx::__normal_iterator<unsigned long*, std::vector<unsigned long, std::allocator<unsigned long> > > >, std::reverse_iterator<unsigned long*> >(std::reverse_iterator<__gnu_cxx::__normal_iterator<unsigned long*, std::vector<unsigned long, std::allocator<unsigned long> > > >, std::reverse_iterator<unsigned long*>)
 .text._ZSt23__copy_move_backward_a1ILb1ESt16reverse_iteratorIPmES2_ET1_T0_S4_S3_
                0x00000000000045d2       0x4c ./source/Neopixels.o
                0x00000000000045d2                std::reverse_iterator<unsigned long*> std::__copy_move_backward_a1<true, std::reverse_iterator<unsigned long*>, std::reverse_iterator<unsigned long*> >(std::reverse_iterator<unsigned long*>, std::reverse_iterator<unsigned long*>, std::reverse_iterator<unsigned long*>)
 .text._ZSt23__make_reverse_iteratorIPmESt16reverse_iteratorIT_ES2_
                0x000000000000461e       0x1e ./source/Neopixels.o
                0x000000000000461e                std::reverse_iterator<unsigned long*> std::__make_reverse_iterator<unsigned long*>(unsigned long*)
 .text._ZNSt16reverse_iteratorIPmEC2ERKS1_
                0x000000000000463c       0x1c ./source/Neopixels.o
                0x000000000000463c                std::reverse_iterator<unsigned long*>::reverse_iterator(std::reverse_iterator<unsigned long*> const&)
                0x000000000000463c                std::reverse_iterator<unsigned long*>::reverse_iterator(std::reverse_iterator<unsigned long*> const&)
 .text._ZSt14__copy_move_a2ILb1ESt16reverse_iteratorIPmES2_ET1_T0_S4_S3_
                0x0000000000004658       0x4c ./source/Neopixels.o
                0x0000000000004658                std::reverse_iterator<unsigned long*> std::__copy_move_a2<true, std::reverse_iterator<unsigned long*>, std::reverse_iterator<unsigned long*> >(std::reverse_iterator<unsigned long*>, std::reverse_iterator<unsigned long*>, std::reverse_iterator<unsigned long*>)
 .text._ZStmiIPmS0_EDTmicldtfp0_4baseEcldtfp_4baseEERKSt16reverse_iteratorIT_ERKS2_IT0_E
                0x00000000000046a4       0x2a ./source/Neopixels.o
                0x00000000000046a4                decltype ((({parm#2}.base)())-(({parm#1}.base)())) std::operator-<unsigned long*, unsigned long*>(std::reverse_iterator<unsigned long*> const&, std::reverse_iterator<unsigned long*> const&)
 .text._ZSt23__copy_move_backward_a2ILb1ESt16reverse_iteratorIPmES2_ET1_T0_S4_S3_
                0x00000000000046ce       0x4c ./source/Neopixels.o
                0x00000000000046ce                std::reverse_iterator<unsigned long*> std::__copy_move_backward_a2<true, std::reverse_iterator<unsigned long*>, std::reverse_iterator<unsigned long*> >(std::reverse_iterator<unsigned long*>, std::reverse_iterator<unsigned long*>, std::reverse_iterator<unsigned long*>)
 .text._ZNSt16reverse_iteratorIPmEC2ES0_
                0x000000000000471a       0x1a ./source/Neopixels.o
                0x000000000000471a                std::reverse_iterator<unsigned long*>::reverse_iterator(unsigned long*)
                0x000000000000471a                std::reverse_iterator<unsigned long*>::reverse_iterator(unsigned long*)
 .text._ZNKSt16reverse_iteratorIPmE4baseEv
                0x0000000000004734       0x14 ./source/Neopixels.o
                0x0000000000004734                std::reverse_iterator<unsigned long*>::base() const
 .text._ZNSt11__copy_moveILb1ELb0ESt26random_access_iterator_tagE8__copy_mISt16reverse_iteratorIPmES5_EET0_T_S7_S6_
                0x0000000000004748       0x70 ./source/Neopixels.o
                0x0000000000004748                std::reverse_iterator<unsigned long*> std::__copy_move<true, false, std::random_access_iterator_tag>::__copy_m<std::reverse_iterator<unsigned long*>, std::reverse_iterator<unsigned long*> >(std::reverse_iterator<unsigned long*>, std::reverse_iterator<unsigned long*>, std::reverse_iterator<unsigned long*>)
 .text._ZNSt20__copy_move_backwardILb1ELb0ESt26random_access_iterator_tagE13__copy_move_bISt16reverse_iteratorIPmES5_EET0_T_S7_S6_
                0x00000000000047b8       0x70 ./source/Neopixels.o
                0x00000000000047b8                std::reverse_iterator<unsigned long*> std::__copy_move_backward<true, false, std::random_access_iterator_tag>::__copy_move_b<std::reverse_iterator<unsigned long*>, std::reverse_iterator<unsigned long*> >(std::reverse_iterator<unsigned long*>, std::reverse_iterator<unsigned long*>, std::reverse_iterator<unsigned long*>)
 .text._ZNKSt16reverse_iteratorIPmEdeEv
                0x0000000000004828       0x1e ./source/Neopixels.o
                0x0000000000004828                std::reverse_iterator<unsigned long*>::operator*() const
 .text._ZNSt16reverse_iteratorIPmEppEv
                0x0000000000004846       0x1c ./source/Neopixels.o
                0x0000000000004846                std::reverse_iterator<unsigned long*>::operator++()
 .text._ZNSt16reverse_iteratorIPmEmmEv
                0x0000000000004862       0x1c ./source/Neopixels.o
                0x0000000000004862                std::reverse_iterator<unsigned long*>::operator--()
 .text._Znwj    0x000000000000487e       0x1a ./source/cpp_config.o
                0x000000000000487e                operator new(unsigned int)
 .text._ZdlPv   0x0000000000004898       0x18 ./source/cpp_config.o
                0x0000000000004898                operator delete(void*)
 .text.__aeabi_atexit
                0x00000000000048b0       0x16 ./source/cpp_config.o
                0x00000000000048b0                __aeabi_atexit
 .text.CLOCK_GetFRGInputClkFreq
                0x00000000000048c6       0x42 ./drivers/fsl_clock.o
 .text.RESET_PeripheralReset
                0x0000000000004908       0x20 ./drivers/fsl_reset.o
                0x0000000000004908                RESET_PeripheralReset
 .text.SPI_Enable
                0x0000000000004928       0x3a ./drivers/fsl_spi.o
 .text.SPI_IsMaster
                0x0000000000004962       0x1e ./drivers/fsl_spi.o
 .text.USART_EnableTx
                0x0000000000004980       0x46 ./drivers/fsl_usart.o
 .text.USART_EnableRx
                0x00000000000049c6       0x44 ./drivers/fsl_usart.o
 .text.SystemInitHook
                0x0000000000004a0a        0xa ./device/system_LPC804.o
                0x0000000000004a0a                SystemInitHook
 .text.BOARD_InitBootClocks
                0x0000000000004a14        0xe ./board/clock_config.o
                0x0000000000004a14                BOARD_InitBootClocks
 .text.BOARD_InitPeripherals
                0x0000000000004a22        0xe ./board/peripherals.o
                0x0000000000004a22                BOARD_InitPeripherals
 .text.BOARD_InitBootPeripherals
                0x0000000000004a30        0xe ./board/peripherals.o
                0x0000000000004a30                BOARD_InitBootPeripherals
 .text.IOCON_PinMuxSet
                0x0000000000004a3e       0x26 ./board/pin_mux.o
 .text.BOARD_InitBootPins
                0x0000000000004a64       0x16 ./board/pin_mux.o
                0x0000000000004a64                BOARD_InitBootPins
 .text.BOARD_InitPins
                0x0000000000004a7a        0xa ./board/pin_mux.o
                0x0000000000004a7a                BOARD_InitPins
 .text.memcpy   0x0000000000004a84       0x12 /usr/local/mcuxpressoide-11.8.1_1197/ide/plugins/com.nxp.mcuxpresso.tools.linux_11.8.1.202308071233/tools/bin/../lib/gcc/arm-none-eabi/12.2.1/../../../../arm-none-eabi/lib/thumb/v6-m/nofp/libc_nano.a(libc_a-memcpy-stub.o)
                0x0000000000004a84                memcpy