../source/IO_LedController_CPP.cpp:47:6:void SysTick_Handler()	8	static
../source/IO_LedController_CPP.cpp:52:6:void delay_ms(uint32_t)	24	static
../source/IO_LedController_CPP.cpp:64:5:int main()	56	static
/usr/local/mcuxpressoide-11.8.1_1197/ide/plugins/com.nxp.mcuxpresso.tools.linux_11.8.1.202308071233/tools/arm-none-eabi/include/c++/12.2.1/bits/allocator.h:156:7:std::allocator< <template-parameter-1-1> >::allocator() [with _Tp = long unsigned int]	16	static
/usr/local/mcuxpressoide-11.8.1_1197/ide/plugins/com.nxp.mcuxpresso.tools.linux_11.8.1.202308071233/tools/arm-none-eabi/include/c++/12.2.1/bits/allocator.h:174:7:std::allocator< <template-parameter-1-1> >::~allocator() [with _Tp = long unsigned int]	16	static
/usr/local/mcuxpressoide-11.8.1_1197/ide/plugins/com.nxp.mcuxpresso.tools.linux_11.8.1.202308071233/tools/arm-none-eabi/include/c++/12.2.1/bits/stl_vector.h:673:7:std::vector<_Tp, _Alloc>::vector(std::initializer_list<_Tp>, const allocator_type&) [with _Tp = long unsigned int; _Alloc = std::allocator<long unsigned int>]	40	static
/usr/local/mcuxpressoide-11.8.1_1197/ide/plugins/com.nxp.mcuxpresso.tools.linux_11.8.1.202308071233/tools/arm-none-eabi/include/c++/12.2.1/bits/stl_vector.h:596:7:std::vector<_Tp, _Alloc>::vector(const std::vector<_Tp, _Alloc>&) [with _Tp = long unsigned int; _Alloc = std::allocator<long unsigned int>]	40	static
/usr/local/mcuxpressoide-11.8.1_1197/ide/plugins/com.nxp.mcuxpresso.tools.linux_11.8.1.202308071233/tools/arm-none-eabi/include/c++/12.2.1/bits/stl_vector.h:728:7:std::vector<_Tp, _Alloc>::~vector() [with _Tp = long unsigned int; _Alloc = std::allocator<long unsigned int>]	24	static
/usr/local/mcuxpressoide-11.8.1_1197/ide/plugins/com.nxp.mcuxpresso.tools.linux_11.8.1.202308071233/tools/arm-none-eabi/include/c++/12.2.1/bits/new_allocator.h:80:7:std::__new_allocator<_Tp>::__new_allocator() [with _Tp = long unsigned int]	16	static
/usr/local/mcuxpressoide-11.8.1_1197/ide/plugins/com.nxp.mcuxpresso.tools.linux_11.8.1.202308071233/tools/arm-none-eabi/include/c++/12.2.1/bits/new_allocator.h:90:7:std::__new_allocator<_Tp>::~__new_allocator() [with _Tp = long unsigned int]	16	static
/usr/local/mcuxpressoide-11.8.1_1197/ide/plugins/com.nxp.mcuxpresso.tools.linux_11.8.1.202308071233/tools/arm-none-eabi/include/c++/12.2.1/bits/stl_vector.h:133:14:std::_Vector_base<long unsigned int, std::allocator<long unsigned int> >::_Vector_impl::~_Vector_impl()	16	static
/usr/local/mcuxpressoide-11.8.1_1197/ide/plugins/com.nxp.mcuxpresso.tools.linux_11.8.1.202308071233/tools/arm-none-eabi/include/c++/12.2.1/bits/stl_vector.h:318:7:std::_Vector_base<_Tp, _Alloc>::_Vector_base(const allocator_type&) [with _Tp = long unsigned int; _Alloc = std::allocator<long unsigned int>]	16	static
/usr/local/mcuxpressoide-11.8.1_1197/ide/plugins/com.nxp.mcuxpresso.tools.linux_11.8.1.202308071233/tools/arm-none-eabi/include/c++/12.2.1/bits/stl_vector.h:364:7:std::_Vector_base<_Tp, _Alloc>::~_Vector_base() [with _Tp = long unsigned int; _Alloc = std::allocator<long unsigned int>]	16	static
/usr/local/mcuxpressoide-11.8.1_1197/ide/plugins/com.nxp.mcuxpresso.tools.linux_11.8.1.202308071233/tools/arm-none-eabi/include/c++/12.2.1/initializer_list:75:7:constexpr const _E* std::initializer_list<_E>::begin() const [with _E = long unsigned int]	16	static
/usr/local/mcuxpressoide-11.8.1_1197/ide/plugins/com.nxp.mcuxpresso.tools.linux_11.8.1.202308071233/tools/arm-none-eabi/include/c++/12.2.1/initializer_list:79:7:constexpr const _E* std::initializer_list<_E>::end() const [with _E = long unsigned int]	24	static
/usr/local/mcuxpressoide-11.8.1_1197/ide/plugins/com.nxp.mcuxpresso.tools.linux_11.8.1.202308071233/tools/arm-none-eabi/include/c++/12.2.1/bits/stl_iterator_base_funcs.h:147:5:constexpr typename std::iterator_traits< <template-parameter-1-1> >::difference_type std::distance(_InputIterator, _InputIterator) [with _InputIterator = const long unsigned int*]	24	static
/usr/local/mcuxpressoide-11.8.1_1197/ide/plugins/com.nxp.mcuxpresso.tools.linux_11.8.1.202308071233/tools/arm-none-eabi/include/c++/12.2.1/bits/stl_vector.h:1682:2:void std::vector<_Tp, _Alloc>::_M_range_initialize(_ForwardIterator, _ForwardIterator, std::forward_iterator_tag) [with _ForwardIterator = const long unsigned int*; _Tp = long unsigned int; _Alloc = std::allocator<long unsigned int>]	40	static
/usr/local/mcuxpressoide-11.8.1_1197/ide/plugins/com.nxp.mcuxpresso.tools.linux_11.8.1.202308071233/tools/arm-none-eabi/include/c++/12.2.1/bits/stl_vector.h:987:7:std::vector<_Tp, _Alloc>::size_type std::vector<_Tp, _Alloc>::size() const [with _Tp = long unsigned int; _Alloc = std::allocator<long unsigned int>]	16	static
/usr/local/mcuxpressoide-11.8.1_1197/ide/plugins/com.nxp.mcuxpresso.tools.linux_11.8.1.202308071233/tools/arm-none-eabi/include/c++/12.2.1/bits/stl_vector.h:303:7:const std::_Vector_base<_Tp, _Alloc>::_Tp_alloc_type& std::_Vector_base<_Tp, _Alloc>::_M_get_Tp_allocator() const [with _Tp = long unsigned int; _Alloc = std::allocator<long unsigned int>]	16	static
/usr/local/mcuxpressoide-11.8.1_1197/ide/plugins/com.nxp.mcuxpresso.tools.linux_11.8.1.202308071233/tools/arm-none-eabi/include/c++/12.2.1/ext/alloc_traits.h:97:29:static constexpr _Alloc __gnu_cxx::__alloc_traits<_Alloc, <template-parameter-1-2> >::_S_select_on_copy(const _Alloc&) [with _Alloc = std::allocator<long unsigned int>; <template-parameter-1-2> = long unsigned int]	16	static
/usr/local/mcuxpressoide-11.8.1_1197/ide/plugins/com.nxp.mcuxpresso.tools.linux_11.8.1.202308071233/tools/arm-none-eabi/include/c++/12.2.1/bits/stl_vector.h:330:7:std::_Vector_base<_Tp, _Alloc>::_Vector_base(std::size_t, const allocator_type&) [with _Tp = long unsigned int; _Alloc = std::allocator<long unsigned int>]	24	static
/usr/local/mcuxpressoide-11.8.1_1197/ide/plugins/com.nxp.mcuxpresso.tools.linux_11.8.1.202308071233/tools/arm-none-eabi/include/c++/12.2.1/bits/stl_vector.h:878:7:std::vector<_Tp, _Alloc>::const_iterator std::vector<_Tp, _Alloc>::begin() const [with _Tp = long unsigned int; _Alloc = std::allocator<long unsigned int>]	24	static
/usr/local/mcuxpressoide-11.8.1_1197/ide/plugins/com.nxp.mcuxpresso.tools.linux_11.8.1.202308071233/tools/arm-none-eabi/include/c++/12.2.1/bits/stl_vector.h:898:7:std::vector<_Tp, _Alloc>::const_iterator std::vector<_Tp, _Alloc>::end() const [with _Tp = long unsigned int; _Alloc = std::allocator<long unsigned int>]	24	static
/usr/local/mcuxpressoide-11.8.1_1197/ide/plugins/com.nxp.mcuxpresso.tools.linux_11.8.1.202308071233/tools/arm-none-eabi/include/c++/12.2.1/bits/stl_vector.h:298:7:std::_Vector_base<_Tp, _Alloc>::_Tp_alloc_type& std::_Vector_base<_Tp, _Alloc>::_M_get_Tp_allocator() [with _Tp = long unsigned int; _Alloc = std::allocator<long unsigned int>]	16	static
/usr/local/mcuxpressoide-11.8.1_1197/ide/plugins/com.nxp.mcuxpresso.tools.linux_11.8.1.202308071233/tools/arm-none-eabi/include/c++/12.2.1/bits/stl_uninitialized.h:365:5:_ForwardIterator std::__uninitialized_copy_a(_InputIterator, _InputIterator, _ForwardIterator, allocator<_Tp>&) [with _InputIterator = __gnu_cxx::__normal_iterator<const long unsigned int*, vector<long unsigned int> >; _ForwardIterator = long unsigned int*; _Tp = long unsigned int]	24	static
/usr/local/mcuxpressoide-11.8.1_1197/ide/plugins/com.nxp.mcuxpresso.tools.linux_11.8.1.202308071233/tools/arm-none-eabi/include/c++/12.2.1/bits/alloc_traits.h:847:5:void std::_Destroy(_ForwardIterator, _ForwardIterator, allocator<_T2>&) [with _ForwardIterator = long unsigned int*; _Tp = long unsigned int]	24	static
/usr/local/mcuxpressoide-11.8.1_1197/ide/plugins/com.nxp.mcuxpresso.tools.linux_11.8.1.202308071233/tools/arm-none-eabi/include/c++/12.2.1/bits/stl_vector.h:143:2:std::_Vector_base<_Tp, _Alloc>::_Vector_impl::_Vector_impl(const std::_Vector_base<_Tp, _Alloc>::_Tp_alloc_type&) [with _Tp = long unsigned int; _Alloc = std::allocator<long unsigned int>]	16	static
/usr/local/mcuxpressoide-11.8.1_1197/ide/plugins/com.nxp.mcuxpresso.tools.linux_11.8.1.202308071233/tools/arm-none-eabi/include/c++/12.2.1/bits/stl_vector.h:383:7:void std::_Vector_base<_Tp, _Alloc>::_M_deallocate(pointer, std::size_t) [with _Tp = long unsigned int; _Alloc = std::allocator<long unsigned int>]	24	static
/usr/local/mcuxpressoide-11.8.1_1197/ide/plugins/com.nxp.mcuxpresso.tools.linux_11.8.1.202308071233/tools/arm-none-eabi/include/c++/12.2.1/initializer_list:71:7:constexpr std::initializer_list<_E>::size_type std::initializer_list<_E>::size() const [with _E = long unsigned int]	16	static
/usr/local/mcuxpressoide-11.8.1_1197/ide/plugins/com.nxp.mcuxpresso.tools.linux_11.8.1.202308071233/tools/arm-none-eabi/include/c++/12.2.1/bits/stl_iterator_base_types.h:238:5:constexpr typename std::iterator_traits< <template-parameter-1-1> >::iterator_category std::__iterator_category(const _Iter&) [with _Iter = const long unsigned int*]	16	static
/usr/local/mcuxpressoide-11.8.1_1197/ide/plugins/com.nxp.mcuxpresso.tools.linux_11.8.1.202308071233/tools/arm-none-eabi/include/c++/12.2.1/bits/stl_iterator_base_funcs.h:99:5:constexpr typename std::iterator_traits< <template-parameter-1-1> >::difference_type std::__distance(_RandomAccessIterator, _RandomAccessIterator, random_access_iterator_tag) [with _RandomAccessIterator = const long unsigned int*]	24	static
/usr/local/mcuxpressoide-11.8.1_1197/ide/plugins/com.nxp.mcuxpresso.tools.linux_11.8.1.202308071233/tools/arm-none-eabi/include/c++/12.2.1/bits/stl_vector.h:1902:7:static std::vector<_Tp, _Alloc>::size_type std::vector<_Tp, _Alloc>::_S_check_init_len(size_type, const allocator_type&) [with _Tp = long unsigned int; _Alloc = std::allocator<long unsigned int>]	32	static
/usr/local/mcuxpressoide-11.8.1_1197/ide/plugins/com.nxp.mcuxpresso.tools.linux_11.8.1.202308071233/tools/arm-none-eabi/include/c++/12.2.1/bits/stl_vector.h:375:7:std::_Vector_base<_Tp, _Alloc>::pointer std::_Vector_base<_Tp, _Alloc>::_M_allocate(std::size_t) [with _Tp = long unsigned int; _Alloc = std::allocator<long unsigned int>]	16	static
/usr/local/mcuxpressoide-11.8.1_1197/ide/plugins/com.nxp.mcuxpresso.tools.linux_11.8.1.202308071233/tools/arm-none-eabi/include/c++/12.2.1/bits/stl_uninitialized.h:365:5:_ForwardIterator std::__uninitialized_copy_a(_InputIterator, _InputIterator, _ForwardIterator, allocator<_Tp>&) [with _InputIterator = const long unsigned int*; _ForwardIterator = long unsigned int*; _Tp = long unsigned int]	24	static
/usr/local/mcuxpressoide-11.8.1_1197/ide/plugins/com.nxp.mcuxpresso.tools.linux_11.8.1.202308071233/tools/arm-none-eabi/include/c++/12.2.1/bits/alloc_traits.h:562:7:static std::allocator_traits<std::allocator<_Tp1> >::allocator_type std::allocator_traits<std::allocator<_Tp1> >::select_on_container_copy_construction(const allocator_type&) [with _Tp = long unsigned int]	16	static
/usr/local/mcuxpressoide-11.8.1_1197/ide/plugins/com.nxp.mcuxpresso.tools.linux_11.8.1.202308071233/tools/arm-none-eabi/include/c++/12.2.1/bits/stl_vector.h:393:7:void std::_Vector_base<_Tp, _Alloc>::_M_create_storage(std::size_t) [with _Tp = long unsigned int; _Alloc = std::allocator<long unsigned int>]	16	static
/usr/local/mcuxpressoide-11.8.1_1197/ide/plugins/com.nxp.mcuxpresso.tools.linux_11.8.1.202308071233/tools/arm-none-eabi/include/c++/12.2.1/bits/stl_iterator.h:1072:7:__gnu_cxx::__normal_iterator<_Iterator, _Container>::__normal_iterator(const _Iterator&) [with _Iterator = const long unsigned int*; _Container = std::vector<long unsigned int>]	16	static
/usr/local/mcuxpressoide-11.8.1_1197/ide/plugins/com.nxp.mcuxpresso.tools.linux_11.8.1.202308071233/tools/arm-none-eabi/include/c++/12.2.1/bits/stl_uninitialized.h:163:5:_ForwardIterator std::uninitialized_copy(_InputIterator, _InputIterator, _ForwardIterator) [with _InputIterator = __gnu_cxx::__normal_iterator<const long unsigned int*, vector<long unsigned int> >; _ForwardIterator = long unsigned int*]	32	static
/usr/local/mcuxpressoide-11.8.1_1197/ide/plugins/com.nxp.mcuxpresso.tools.linux_11.8.1.202308071233/tools/arm-none-eabi/include/c++/12.2.1/bits/stl_construct.h:182:5:void std::_Destroy(_ForwardIterator, _ForwardIterator) [with _ForwardIterator = long unsigned int*]	16	static
/usr/local/mcuxpressoide-11.8.1_1197/ide/plugins/com.nxp.mcuxpresso.tools.linux_11.8.1.202308071233/tools/arm-none-eabi/include/c++/12.2.1/bits/allocator.h:159:7:std::allocator< <template-parameter-1-1> >::allocator(const std::allocator< <template-parameter-1-1> >&) [with _Tp = long unsigned int]	16	static
/usr/local/mcuxpressoide-11.8.1_1197/ide/plugins/com.nxp.mcuxpresso.tools.linux_11.8.1.202308071233/tools/arm-none-eabi/include/c++/12.2.1/bits/stl_vector.h:99:2:std::_Vector_base<_Tp, _Alloc>::_Vector_impl_data::_Vector_impl_data() [with _Tp = long unsigned int; _Alloc = std::allocator<long unsigned int>]	16	static
/usr/local/mcuxpressoide-11.8.1_1197/ide/plugins/com.nxp.mcuxpresso.tools.linux_11.8.1.202308071233/tools/arm-none-eabi/include/c++/12.2.1/bits/alloc_traits.h:495:7:static void std::allocator_traits<std::allocator<_Tp1> >::deallocate(allocator_type&, pointer, size_type) [with _Tp = long unsigned int]	24	static
/usr/local/mcuxpressoide-11.8.1_1197/ide/plugins/com.nxp.mcuxpresso.tools.linux_11.8.1.202308071233/tools/arm-none-eabi/include/c++/12.2.1/bits/stl_vector.h:1911:7:static std::vector<_Tp, _Alloc>::size_type std::vector<_Tp, _Alloc>::_S_max_size(const _Tp_alloc_type&) [with _Tp = long unsigned int; _Alloc = std::allocator<long unsigned int>]	24	static
/usr/local/mcuxpressoide-11.8.1_1197/ide/plugins/com.nxp.mcuxpresso.tools.linux_11.8.1.202308071233/tools/arm-none-eabi/include/c++/12.2.1/bits/alloc_traits.h:463:7:static _Tp* std::allocator_traits<std::allocator<_Tp1> >::allocate(allocator_type&, size_type) [with _Tp = long unsigned int]	16	static
/usr/local/mcuxpressoide-11.8.1_1197/ide/plugins/com.nxp.mcuxpresso.tools.linux_11.8.1.202308071233/tools/arm-none-eabi/include/c++/12.2.1/bits/stl_uninitialized.h:163:5:_ForwardIterator std::uninitialized_copy(_InputIterator, _InputIterator, _ForwardIterator) [with _InputIterator = const long unsigned int*; _ForwardIterator = long unsigned int*]	32	static
/usr/local/mcuxpressoide-11.8.1_1197/ide/plugins/com.nxp.mcuxpresso.tools.linux_11.8.1.202308071233/tools/arm-none-eabi/include/c++/12.2.1/bits/stl_uninitialized.h:145:9:static _ForwardIterator std::__uninitialized_copy<true>::__uninit_copy(_InputIterator, _InputIterator, _ForwardIterator) [with _InputIterator = __gnu_cxx::__normal_iterator<const long unsigned int*, std::vector<long unsigned int> >; _ForwardIterator = long unsigned int*]	24	static
/usr/local/mcuxpressoide-11.8.1_1197/ide/plugins/com.nxp.mcuxpresso.tools.linux_11.8.1.202308071233/tools/arm-none-eabi/include/c++/12.2.1/bits/stl_construct.h:172:9:static void std::_Destroy_aux<true>::__destroy(_ForwardIterator, _ForwardIterator) [with _ForwardIterator = long unsigned int*]	16	static
/usr/local/mcuxpressoide-11.8.1_1197/ide/plugins/com.nxp.mcuxpresso.tools.linux_11.8.1.202308071233/tools/arm-none-eabi/include/c++/12.2.1/bits/new_allocator.h:83:7:std::__new_allocator<_Tp>::__new_allocator(const std::__new_allocator<_Tp>&) [with _Tp = long unsigned int]	16	static
/usr/local/mcuxpressoide-11.8.1_1197/ide/plugins/com.nxp.mcuxpresso.tools.linux_11.8.1.202308071233/tools/arm-none-eabi/include/c++/12.2.1/bits/new_allocator.h:142:7:void std::__new_allocator<_Tp>::deallocate(_Tp*, size_type) [with _Tp = long unsigned int]	24	static
/usr/local/mcuxpressoide-11.8.1_1197/ide/plugins/com.nxp.mcuxpresso.tools.linux_11.8.1.202308071233/tools/arm-none-eabi/include/c++/12.2.1/bits/alloc_traits.h:547:7:static std::allocator_traits<std::allocator<_Tp1> >::size_type std::allocator_traits<std::allocator<_Tp1> >::max_size(const allocator_type&) [with _Tp = long unsigned int]	16	static
/usr/local/mcuxpressoide-11.8.1_1197/ide/plugins/com.nxp.mcuxpresso.tools.linux_11.8.1.202308071233/tools/arm-none-eabi/include/c++/12.2.1/bits/stl_algobase.h:230:5:constexpr const _Tp& std::min(const _Tp&, const _Tp&) [with _Tp = unsigned int]	16	static
/usr/local/mcuxpressoide-11.8.1_1197/ide/plugins/com.nxp.mcuxpresso.tools.linux_11.8.1.202308071233/tools/arm-none-eabi/include/c++/12.2.1/bits/new_allocator.h:112:7:_Tp* std::__new_allocator<_Tp>::allocate(size_type, const void*) [with _Tp = long unsigned int]	24	static
/usr/local/mcuxpressoide-11.8.1_1197/ide/plugins/com.nxp.mcuxpresso.tools.linux_11.8.1.202308071233/tools/arm-none-eabi/include/c++/12.2.1/bits/stl_uninitialized.h:145:9:static _ForwardIterator std::__uninitialized_copy<true>::__uninit_copy(_InputIterator, _InputIterator, _ForwardIterator) [with _InputIterator = const long unsigned int*; _ForwardIterator = long unsigned int*]	24	static
/usr/local/mcuxpressoide-11.8.1_1197/ide/plugins/com.nxp.mcuxpresso.tools.linux_11.8.1.202308071233/tools/arm-none-eabi/include/c++/12.2.1/bits/stl_algobase.h:611:5:_OI std::copy(_II, _II, _OI) [with _II = __gnu_cxx::__normal_iterator<const long unsigned int*, vector<long unsigned int> >; _OI = long unsigned int*]	32	static
/usr/local/mcuxpressoide-11.8.1_1197/ide/plugins/com.nxp.mcuxpresso.tools.linux_11.8.1.202308071233/tools/arm-none-eabi/include/c++/12.2.1/bits/new_allocator.h:167:7:std::__new_allocator<_Tp>::size_type std::__new_allocator<_Tp>::max_size() const [with _Tp = long unsigned int]	16	static
/usr/local/mcuxpressoide-11.8.1_1197/ide/plugins/com.nxp.mcuxpresso.tools.linux_11.8.1.202308071233/tools/arm-none-eabi/include/c++/12.2.1/bits/new_allocator.h:210:7:constexpr std::__new_allocator<_Tp>::size_type std::__new_allocator<_Tp>::_M_max_size() const [with _Tp = long unsigned int]	16	static
/usr/local/mcuxpressoide-11.8.1_1197/ide/plugins/com.nxp.mcuxpresso.tools.linux_11.8.1.202308071233/tools/arm-none-eabi/include/c++/12.2.1/bits/stl_algobase.h:611:5:_OI std::copy(_II, _II, _OI) [with _II = const long unsigned int*; _OI = long unsigned int*]	32	static
/usr/local/mcuxpressoide-11.8.1_1197/ide/plugins/com.nxp.mcuxpresso.tools.linux_11.8.1.202308071233/tools/arm-none-eabi/include/c++/12.2.1/bits/cpp_type_traits.h:562:5:_Iterator std::__miter_base(_Iterator) [with _Iterator = __gnu_cxx::__normal_iterator<const long unsigned int*, vector<long unsigned int> >]	16	static
/usr/local/mcuxpressoide-11.8.1_1197/ide/plugins/com.nxp.mcuxpresso.tools.linux_11.8.1.202308071233/tools/arm-none-eabi/include/c++/12.2.1/bits/stl_algobase.h:527:5:_OI std::__copy_move_a(_II, _II, _OI) [with bool _IsMove = false; _II = __gnu_cxx::__normal_iterator<const long unsigned int*, vector<long unsigned int> >; _OI = long unsigned int*]	32	static
/usr/local/mcuxpressoide-11.8.1_1197/ide/plugins/com.nxp.mcuxpresso.tools.linux_11.8.1.202308071233/tools/arm-none-eabi/include/c++/12.2.1/bits/cpp_type_traits.h:562:5:_Iterator std::__miter_base(_Iterator) [with _Iterator = const long unsigned int*]	16	static
/usr/local/mcuxpressoide-11.8.1_1197/ide/plugins/com.nxp.mcuxpresso.tools.linux_11.8.1.202308071233/tools/arm-none-eabi/include/c++/12.2.1/bits/stl_algobase.h:527:5:_OI std::__copy_move_a(_II, _II, _OI) [with bool _IsMove = false; _II = const long unsigned int*; _OI = long unsigned int*]	32	static
/usr/local/mcuxpressoide-11.8.1_1197/ide/plugins/com.nxp.mcuxpresso.tools.linux_11.8.1.202308071233/tools/arm-none-eabi/include/c++/12.2.1/bits/stl_iterator.h:1353:5:_Iterator std::__niter_base(__gnu_cxx::__normal_iterator<_Iterator, _Container>) [with _Iterator = const long unsigned int*; _Container = vector<long unsigned int>]	16	static
/usr/local/mcuxpressoide-11.8.1_1197/ide/plugins/com.nxp.mcuxpresso.tools.linux_11.8.1.202308071233/tools/arm-none-eabi/include/c++/12.2.1/bits/stl_algobase.h:313:5:_Iterator std::__niter_base(_Iterator) [with _Iterator = long unsigned int*]	16	static
/usr/local/mcuxpressoide-11.8.1_1197/ide/plugins/com.nxp.mcuxpresso.tools.linux_11.8.1.202308071233/tools/arm-none-eabi/include/c++/12.2.1/bits/stl_algobase.h:521:5:_OI std::__copy_move_a1(_II, _II, _OI) [with bool _IsMove = false; _II = const long unsigned int*; _OI = long unsigned int*]	24	static
/usr/local/mcuxpressoide-11.8.1_1197/ide/plugins/com.nxp.mcuxpresso.tools.linux_11.8.1.202308071233/tools/arm-none-eabi/include/c++/12.2.1/bits/stl_algobase.h:335:5:_Iterator std::__niter_wrap(const _Iterator&, _Iterator) [with _Iterator = long unsigned int*]	16	static
/usr/local/mcuxpressoide-11.8.1_1197/ide/plugins/com.nxp.mcuxpresso.tools.linux_11.8.1.202308071233/tools/arm-none-eabi/include/c++/12.2.1/bits/stl_algobase.h:313:5:_Iterator std::__niter_base(_Iterator) [with _Iterator = const long unsigned int*]	16	static
/usr/local/mcuxpressoide-11.8.1_1197/ide/plugins/com.nxp.mcuxpresso.tools.linux_11.8.1.202308071233/tools/arm-none-eabi/include/c++/12.2.1/bits/stl_iterator.h:1158:7:const _Iterator& __gnu_cxx::__normal_iterator<_Iterator, _Container>::base() const [with _Iterator = const long unsigned int*; _Container = std::vector<long unsigned int>]	16	static
/usr/local/mcuxpressoide-11.8.1_1197/ide/plugins/com.nxp.mcuxpresso.tools.linux_11.8.1.202308071233/tools/arm-none-eabi/include/c++/12.2.1/bits/stl_algobase.h:486:5:_OI std::__copy_move_a2(_II, _II, _OI) [with bool _IsMove = false; _II = const long unsigned int*; _OI = long unsigned int*]	24	static
/usr/local/mcuxpressoide-11.8.1_1197/ide/plugins/com.nxp.mcuxpresso.tools.linux_11.8.1.202308071233/tools/arm-none-eabi/include/c++/12.2.1/bits/stl_algobase.h:420:2:static _Tp* std::__copy_move<_IsMove, true, std::random_access_iterator_tag>::__copy_m(const _Tp*, const _Tp*, _Tp*) [with _Tp = long unsigned int; bool _IsMove = false]	32	static
../source/IO_LedController_CPP.cpp:137:1:void __static_initialization_and_destruction_0(int, int)	80	static
../source/IO_LedController_CPP.cpp:137:1:cpp)	8	static
