/usr/local/mcuxpressoide-11.8.1_1197/ide/plugins/com.nxp.mcuxpresso.tools.linux_11.8.1.202308071233/tools/arm-none-eabi/include/c++/12.2.1/new:174:33:void* operator new(std::size_t, void*)	16	static
/home/kamil/PycharmProjects/IO_LightSystem/embedded/IO_LedController_CPP/drivers/fsl_spi.h:490:20:void SPI_WriteConfigFlags(SPI_Type*, uint32_t)	16	static
/usr/local/mcuxpressoide-11.8.1_1197/ide/plugins/com.nxp.mcuxpresso.tools.linux_11.8.1.202308071233/tools/arm-none-eabi/include/c++/12.2.1/bits/stl_vector.h:133:14:std::_Vector_base<long unsigned int, std::allocator<long unsigned int> >::_Vector_impl::~_Vector_impl()	16	static
/usr/local/mcuxpressoide-11.8.1_1197/ide/plugins/com.nxp.mcuxpresso.tools.linux_11.8.1.202308071233/tools/arm-none-eabi/include/c++/12.2.1/bits/stl_vector.h:312:7:std::_Vector_base<_Tp, _Alloc>::_Vector_base() [with _Tp = long unsigned int; _Alloc = std::allocator<long unsigned int>]	16	static
/usr/local/mcuxpressoide-11.8.1_1197/ide/plugins/com.nxp.mcuxpresso.tools.linux_11.8.1.202308071233/tools/arm-none-eabi/include/c++/12.2.1/bits/stl_vector.h:526:7:std::vector<_Tp, _Alloc>::vector() [with _Tp = long unsigned int; _Alloc = std::allocator<long unsigned int>]	16	static
../source/Neopixels.cpp:9:1:Neopixels::Neopixels(SPI_Type*)	16	static
../source/Neopixels.cpp:14:1:Neopixels::~Neopixels()	16	static
../source/Neopixels.cpp:14:1:virtual Neopixels::~Neopixels()	16	static
../source/Neopixels.cpp:18:10:uint32_t Neopixels::getLedsNumber()	16	static
../source/Neopixels.cpp:22:6:void Neopixels::addColor(uint32_t)	16	static
../source/Neopixels.cpp:26:6:void Neopixels::writeColors(std::vector<long unsigned int>)	16	static
../source/Neopixels.cpp:31:6:void Neopixels::sendData()	32	static
../source/Neopixels.cpp:49:6:void Neopixels::setPosition(uint32_t, uint32_t)	40	static
../source/Neopixels.cpp:62:6:void Neopixels::animate1(uint32_t)	32	static
../source/Neopixels.cpp:75:6:void Neopixels::shiftLeft(uint32_t)	32	static
../source/Neopixels.cpp:80:6:void Neopixels::shiftRight(uint32_t)	56	static
../source/Neopixels.cpp:85:6:void Neopixels::pendulum(uint32_t)	16	static
/usr/local/mcuxpressoide-11.8.1_1197/ide/plugins/com.nxp.mcuxpresso.tools.linux_11.8.1.202308071233/tools/arm-none-eabi/include/c++/12.2.1/bits/stl_vector.h:137:2:std::_Vector_base<_Tp, _Alloc>::_Vector_impl::_Vector_impl() [with _Tp = long unsigned int; _Alloc = std::allocator<long unsigned int>]	16	static
/usr/local/mcuxpressoide-11.8.1_1197/ide/plugins/com.nxp.mcuxpresso.tools.linux_11.8.1.202308071233/tools/arm-none-eabi/include/c++/12.2.1/bits/allocator.h:174:7:std::allocator< <template-parameter-1-1> >::~allocator() [with _Tp = long unsigned int]	16	static
/usr/local/mcuxpressoide-11.8.1_1197/ide/plugins/com.nxp.mcuxpresso.tools.linux_11.8.1.202308071233/tools/arm-none-eabi/include/c++/12.2.1/bits/stl_vector.h:364:7:std::_Vector_base<_Tp, _Alloc>::~_Vector_base() [with _Tp = long unsigned int; _Alloc = std::allocator<long unsigned int>]	16	static
/usr/local/mcuxpressoide-11.8.1_1197/ide/plugins/com.nxp.mcuxpresso.tools.linux_11.8.1.202308071233/tools/arm-none-eabi/include/c++/12.2.1/bits/stl_vector.h:728:7:std::vector<_Tp, _Alloc>::~vector() [with _Tp = long unsigned int; _Alloc = std::allocator<long unsigned int>]	24	static
/usr/local/mcuxpressoide-11.8.1_1197/ide/plugins/com.nxp.mcuxpresso.tools.linux_11.8.1.202308071233/tools/arm-none-eabi/include/c++/12.2.1/bits/stl_vector.h:1600:7:void std::vector<_Tp, _Alloc>::clear() [with _Tp = long unsigned int; _Alloc = std::allocator<long unsigned int>]	16	static
/usr/local/mcuxpressoide-11.8.1_1197/ide/plugins/com.nxp.mcuxpresso.tools.linux_11.8.1.202308071233/tools/arm-none-eabi/include/c++/12.2.1/bits/stl_vector.h:987:7:std::vector<_Tp, _Alloc>::size_type std::vector<_Tp, _Alloc>::size() const [with _Tp = long unsigned int; _Alloc = std::allocator<long unsigned int>]	16	static
/usr/local/mcuxpressoide-11.8.1_1197/ide/plugins/com.nxp.mcuxpresso.tools.linux_11.8.1.202308071233/tools/arm-none-eabi/include/c++/12.2.1/bits/stl_vector.h:1276:7:void std::vector<_Tp, _Alloc>::push_back(const value_type&) [with _Tp = long unsigned int; _Alloc = std::allocator<long unsigned int>]	16	static
/usr/local/mcuxpressoide-11.8.1_1197/ide/plugins/com.nxp.mcuxpresso.tools.linux_11.8.1.202308071233/tools/arm-none-eabi/include/c++/12.2.1/ext/alloc_traits.h:103:27:static constexpr bool __gnu_cxx::__alloc_traits<_Alloc, <template-parameter-1-2> >::_S_propagate_on_copy_assign() [with _Alloc = std::allocator<long unsigned int>; <template-parameter-1-2> = long unsigned int]	8	static
/usr/local/mcuxpressoide-11.8.1_1197/ide/plugins/com.nxp.mcuxpresso.tools.linux_11.8.1.202308071233/tools/arm-none-eabi/include/c++/12.2.1/ext/alloc_traits.h:112:27:static constexpr bool __gnu_cxx::__alloc_traits<_Alloc, <template-parameter-1-2> >::_S_always_equal() [with _Alloc = std::allocator<long unsigned int>; <template-parameter-1-2> = long unsigned int]	8	static
/usr/local/mcuxpressoide-11.8.1_1197/ide/plugins/com.nxp.mcuxpresso.tools.linux_11.8.1.202308071233/tools/arm-none-eabi/include/c++/12.2.1/bits/vector.tcc:204:5:std::vector<_Tp, _Alloc>& std::vector<_Tp, _Alloc>::operator=(const std::vector<_Tp, _Alloc>&) [with _Tp = long unsigned int; _Alloc = std::allocator<long unsigned int>]	40	static
/usr/local/mcuxpressoide-11.8.1_1197/ide/plugins/com.nxp.mcuxpresso.tools.linux_11.8.1.202308071233/tools/arm-none-eabi/include/c++/12.2.1/bits/stl_vector.h:1121:7:std::vector<_Tp, _Alloc>::reference std::vector<_Tp, _Alloc>::operator[](size_type) [with _Tp = long unsigned int; _Alloc = std::allocator<long unsigned int>]	16	static
/usr/local/mcuxpressoide-11.8.1_1197/ide/plugins/com.nxp.mcuxpresso.tools.linux_11.8.1.202308071233/tools/arm-none-eabi/include/c++/12.2.1/bits/stl_vector.h:868:7:std::vector<_Tp, _Alloc>::iterator std::vector<_Tp, _Alloc>::begin() [with _Tp = long unsigned int; _Alloc = std::allocator<long unsigned int>]	24	static
/usr/local/mcuxpressoide-11.8.1_1197/ide/plugins/com.nxp.mcuxpresso.tools.linux_11.8.1.202308071233/tools/arm-none-eabi/include/c++/12.2.1/bits/stl_iterator.h:1143:7:__gnu_cxx::__normal_iterator<_Iterator, _Container> __gnu_cxx::__normal_iterator<_Iterator, _Container>::operator+(difference_type) const [with _Iterator = long unsigned int*; _Container = std::vector<long unsigned int>]	24	static
/usr/local/mcuxpressoide-11.8.1_1197/ide/plugins/com.nxp.mcuxpresso.tools.linux_11.8.1.202308071233/tools/arm-none-eabi/include/c++/12.2.1/bits/stl_vector.h:888:7:std::vector<_Tp, _Alloc>::iterator std::vector<_Tp, _Alloc>::end() [with _Tp = long unsigned int; _Alloc = std::allocator<long unsigned int>]	24	static
/usr/local/mcuxpressoide-11.8.1_1197/ide/plugins/com.nxp.mcuxpresso.tools.linux_11.8.1.202308071233/tools/arm-none-eabi/include/c++/12.2.1/bits/stl_algo.h:1388:5:_FIter std::_V2::rotate(_FIter, _FIter, _FIter) [with _FIter = __gnu_cxx::__normal_iterator<long unsigned int*, std::vector<long unsigned int> >]	32	static
/usr/local/mcuxpressoide-11.8.1_1197/ide/plugins/com.nxp.mcuxpresso.tools.linux_11.8.1.202308071233/tools/arm-none-eabi/include/c++/12.2.1/bits/stl_vector.h:908:7:std::vector<_Tp, _Alloc>::reverse_iterator std::vector<_Tp, _Alloc>::rbegin() [with _Tp = long unsigned int; _Alloc = std::allocator<long unsigned int>]	16	static
/usr/local/mcuxpressoide-11.8.1_1197/ide/plugins/com.nxp.mcuxpresso.tools.linux_11.8.1.202308071233/tools/arm-none-eabi/include/c++/12.2.1/bits/stl_iterator.h:343:7:constexpr std::reverse_iterator<_Iterator> std::reverse_iterator<_Iterator>::operator+(difference_type) const [with _Iterator = __gnu_cxx::__normal_iterator<long unsigned int*, std::vector<long unsigned int> >]	24	static
/usr/local/mcuxpressoide-11.8.1_1197/ide/plugins/com.nxp.mcuxpresso.tools.linux_11.8.1.202308071233/tools/arm-none-eabi/include/c++/12.2.1/bits/stl_vector.h:928:7:std::vector<_Tp, _Alloc>::reverse_iterator std::vector<_Tp, _Alloc>::rend() [with _Tp = long unsigned int; _Alloc = std::allocator<long unsigned int>]	16	static
/usr/local/mcuxpressoide-11.8.1_1197/ide/plugins/com.nxp.mcuxpresso.tools.linux_11.8.1.202308071233/tools/arm-none-eabi/include/c++/12.2.1/bits/stl_algo.h:1388:5:_FIter std::_V2::rotate(_FIter, _FIter, _FIter) [with _FIter = std::reverse_iterator<__gnu_cxx::__normal_iterator<long unsigned int*, std::vector<long unsigned int> > >]	64	static
/usr/local/mcuxpressoide-11.8.1_1197/ide/plugins/com.nxp.mcuxpresso.tools.linux_11.8.1.202308071233/tools/arm-none-eabi/include/c++/12.2.1/bits/allocator.h:156:7:std::allocator< <template-parameter-1-1> >::allocator() [with _Tp = long unsigned int]	16	static
/usr/local/mcuxpressoide-11.8.1_1197/ide/plugins/com.nxp.mcuxpresso.tools.linux_11.8.1.202308071233/tools/arm-none-eabi/include/c++/12.2.1/bits/stl_vector.h:99:2:std::_Vector_base<_Tp, _Alloc>::_Vector_impl_data::_Vector_impl_data() [with _Tp = long unsigned int; _Alloc = std::allocator<long unsigned int>]	16	static
/usr/local/mcuxpressoide-11.8.1_1197/ide/plugins/com.nxp.mcuxpresso.tools.linux_11.8.1.202308071233/tools/arm-none-eabi/include/c++/12.2.1/bits/new_allocator.h:90:7:std::__new_allocator<_Tp>::~__new_allocator() [with _Tp = long unsigned int]	16	static
/usr/local/mcuxpressoide-11.8.1_1197/ide/plugins/com.nxp.mcuxpresso.tools.linux_11.8.1.202308071233/tools/arm-none-eabi/include/c++/12.2.1/bits/stl_vector.h:383:7:void std::_Vector_base<_Tp, _Alloc>::_M_deallocate(pointer, std::size_t) [with _Tp = long unsigned int; _Alloc = std::allocator<long unsigned int>]	24	static
/usr/local/mcuxpressoide-11.8.1_1197/ide/plugins/com.nxp.mcuxpresso.tools.linux_11.8.1.202308071233/tools/arm-none-eabi/include/c++/12.2.1/bits/stl_vector.h:298:7:std::_Vector_base<_Tp, _Alloc>::_Tp_alloc_type& std::_Vector_base<_Tp, _Alloc>::_M_get_Tp_allocator() [with _Tp = long unsigned int; _Alloc = std::allocator<long unsigned int>]	16	static
/usr/local/mcuxpressoide-11.8.1_1197/ide/plugins/com.nxp.mcuxpresso.tools.linux_11.8.1.202308071233/tools/arm-none-eabi/include/c++/12.2.1/bits/alloc_traits.h:847:5:void std::_Destroy(_ForwardIterator, _ForwardIterator, allocator<_T2>&) [with _ForwardIterator = long unsigned int*; _Tp = long unsigned int]	24	static
/usr/local/mcuxpressoide-11.8.1_1197/ide/plugins/com.nxp.mcuxpresso.tools.linux_11.8.1.202308071233/tools/arm-none-eabi/include/c++/12.2.1/bits/stl_vector.h:1928:7:void std::vector<_Tp, _Alloc>::_M_erase_at_end(pointer) [with _Tp = long unsigned int; _Alloc = std::allocator<long unsigned int>]	32	static
/usr/local/mcuxpressoide-11.8.1_1197/ide/plugins/com.nxp.mcuxpresso.tools.linux_11.8.1.202308071233/tools/arm-none-eabi/include/c++/12.2.1/bits/alloc_traits.h:511:2:) [with _Up = long unsigned int; _Args = {const long unsigned int&}; _Tp = long unsigned int]	24	static
/usr/local/mcuxpressoide-11.8.1_1197/ide/plugins/com.nxp.mcuxpresso.tools.linux_11.8.1.202308071233/tools/arm-none-eabi/include/c++/12.2.1/bits/vector.tcc:439:7:) [with _Args = {const long unsigned int&}; _Tp = long unsigned int; _Alloc = std::allocator<long unsigned int>]	72	static
/usr/local/mcuxpressoide-11.8.1_1197/ide/plugins/com.nxp.mcuxpresso.tools.linux_11.8.1.202308071233/tools/arm-none-eabi/include/c++/12.2.1/bits/move.h:49:5:constexpr _Tp* std::__addressof(_Tp&) [with _Tp = const vector<long unsigned int>]	16	static
/usr/local/mcuxpressoide-11.8.1_1197/ide/plugins/com.nxp.mcuxpresso.tools.linux_11.8.1.202308071233/tools/arm-none-eabi/include/c++/12.2.1/bits/stl_vector.h:303:7:const std::_Vector_base<_Tp, _Alloc>::_Tp_alloc_type& std::_Vector_base<_Tp, _Alloc>::_M_get_Tp_allocator() const [with _Tp = long unsigned int; _Alloc = std::allocator<long unsigned int>]	16	static
/usr/local/mcuxpressoide-11.8.1_1197/ide/plugins/com.nxp.mcuxpresso.tools.linux_11.8.1.202308071233/tools/arm-none-eabi/include/c++/12.2.1/bits/allocator.h:210:7:bool std::operator!=(const allocator<long unsigned int>&, const allocator<long unsigned int>&)	16	static
/usr/local/mcuxpressoide-11.8.1_1197/ide/plugins/com.nxp.mcuxpresso.tools.linux_11.8.1.202308071233/tools/arm-none-eabi/include/c++/12.2.1/bits/alloc_traits.h:678:5:constexpr void std::__alloc_on_copy(_Alloc&, const _Alloc&) [with _Alloc = allocator<long unsigned int>]	16	static
/usr/local/mcuxpressoide-11.8.1_1197/ide/plugins/com.nxp.mcuxpresso.tools.linux_11.8.1.202308071233/tools/arm-none-eabi/include/c++/12.2.1/bits/stl_vector.h:1073:7:std::vector<_Tp, _Alloc>::size_type std::vector<_Tp, _Alloc>::capacity() const [with _Tp = long unsigned int; _Alloc = std::allocator<long unsigned int>]	16	static
/usr/local/mcuxpressoide-11.8.1_1197/ide/plugins/com.nxp.mcuxpresso.tools.linux_11.8.1.202308071233/tools/arm-none-eabi/include/c++/12.2.1/bits/stl_vector.h:878:7:std::vector<_Tp, _Alloc>::const_iterator std::vector<_Tp, _Alloc>::begin() const [with _Tp = long unsigned int; _Alloc = std::allocator<long unsigned int>]	24	static
/usr/local/mcuxpressoide-11.8.1_1197/ide/plugins/com.nxp.mcuxpresso.tools.linux_11.8.1.202308071233/tools/arm-none-eabi/include/c++/12.2.1/bits/stl_vector.h:898:7:std::vector<_Tp, _Alloc>::const_iterator std::vector<_Tp, _Alloc>::end() const [with _Tp = long unsigned int; _Alloc = std::allocator<long unsigned int>]	24	static
/usr/local/mcuxpressoide-11.8.1_1197/ide/plugins/com.nxp.mcuxpresso.tools.linux_11.8.1.202308071233/tools/arm-none-eabi/include/c++/12.2.1/bits/stl_vector.h:1611:2:std::vector<_Tp, _Alloc>::pointer std::vector<_Tp, _Alloc>::_M_allocate_and_copy(size_type, _ForwardIterator, _ForwardIterator) [with _ForwardIterator = __gnu_cxx::__normal_iterator<const long unsigned int*, std::vector<long unsigned int> >; _Tp = long unsigned int; _Alloc = std::allocator<long unsigned int>]	32	static
/usr/local/mcuxpressoide-11.8.1_1197/ide/plugins/com.nxp.mcuxpresso.tools.linux_11.8.1.202308071233/tools/arm-none-eabi/include/c++/12.2.1/bits/stl_algobase.h:611:5:_OI std::copy(_II, _II, _OI) [with _II = __gnu_cxx::__normal_iterator<const long unsigned int*, vector<long unsigned int> >; _OI = __gnu_cxx::__normal_iterator<long unsigned int*, vector<long unsigned int> >]	32	static
/usr/local/mcuxpressoide-11.8.1_1197/ide/plugins/com.nxp.mcuxpresso.tools.linux_11.8.1.202308071233/tools/arm-none-eabi/include/c++/12.2.1/bits/alloc_traits.h:847:5:void std::_Destroy(_ForwardIterator, _ForwardIterator, allocator<_T2>&) [with _ForwardIterator = __gnu_cxx::__normal_iterator<long unsigned int*, vector<long unsigned int> >; _Tp = long unsigned int]	24	static
/usr/local/mcuxpressoide-11.8.1_1197/ide/plugins/com.nxp.mcuxpresso.tools.linux_11.8.1.202308071233/tools/arm-none-eabi/include/c++/12.2.1/bits/stl_algobase.h:611:5:_OI std::copy(_II, _II, _OI) [with _II = long unsigned int*; _OI = long unsigned int*]	32	static
/usr/local/mcuxpressoide-11.8.1_1197/ide/plugins/com.nxp.mcuxpresso.tools.linux_11.8.1.202308071233/tools/arm-none-eabi/include/c++/12.2.1/bits/stl_uninitialized.h:365:5:_ForwardIterator std::__uninitialized_copy_a(_InputIterator, _InputIterator, _ForwardIterator, allocator<_Tp>&) [with _InputIterator = long unsigned int*; _ForwardIterator = long unsigned int*; _Tp = long unsigned int]	24	static
/usr/local/mcuxpressoide-11.8.1_1197/ide/plugins/com.nxp.mcuxpresso.tools.linux_11.8.1.202308071233/tools/arm-none-eabi/include/c++/12.2.1/bits/stl_iterator.h:1072:7:__gnu_cxx::__normal_iterator<_Iterator, _Container>::__normal_iterator(const _Iterator&) [with _Iterator = long unsigned int*; _Container = std::vector<long unsigned int>]	16	static
/usr/local/mcuxpressoide-11.8.1_1197/ide/plugins/com.nxp.mcuxpresso.tools.linux_11.8.1.202308071233/tools/arm-none-eabi/include/c++/12.2.1/bits/stl_iterator_base_types.h:238:5:constexpr typename std::iterator_traits< <template-parameter-1-1> >::iterator_category std::__iterator_category(const _Iter&) [with _Iter = __gnu_cxx::__normal_iterator<long unsigned int*, vector<long unsigned int> >]	16	static
/usr/local/mcuxpressoide-11.8.1_1197/ide/plugins/com.nxp.mcuxpresso.tools.linux_11.8.1.202308071233/tools/arm-none-eabi/include/c++/12.2.1/bits/stl_algo.h:1281:5:_RandomAccessIterator std::_V2::__rotate(_RandomAccessIterator, _RandomAccessIterator, _RandomAccessIterator, std::random_access_iterator_tag) [with _RandomAccessIterator = __gnu_cxx::__normal_iterator<long unsigned int*, std::vector<long unsigned int> >]	96	static
/usr/local/mcuxpressoide-11.8.1_1197/ide/plugins/com.nxp.mcuxpresso.tools.linux_11.8.1.202308071233/tools/arm-none-eabi/include/c++/12.2.1/bits/stl_iterator.h:191:7:constexpr std::reverse_iterator<_Iterator>::reverse_iterator(iterator_type) [with _Iterator = __gnu_cxx::__normal_iterator<long unsigned int*, std::vector<long unsigned int> >]	16	static
/usr/local/mcuxpressoide-11.8.1_1197/ide/plugins/com.nxp.mcuxpresso.tools.linux_11.8.1.202308071233/tools/arm-none-eabi/include/c++/12.2.1/bits/stl_iterator.h:1153:7:__gnu_cxx::__normal_iterator<_Iterator, _Container> __gnu_cxx::__normal_iterator<_Iterator, _Container>::operator-(difference_type) const [with _Iterator = long unsigned int*; _Container = std::vector<long unsigned int>]	24	static
/usr/local/mcuxpressoide-11.8.1_1197/ide/plugins/com.nxp.mcuxpresso.tools.linux_11.8.1.202308071233/tools/arm-none-eabi/include/c++/12.2.1/bits/stl_iterator_base_types.h:238:5:constexpr typename std::iterator_traits< <template-parameter-1-1> >::iterator_category std::__iterator_category(const _Iter&) [with _Iter = reverse_iterator<__gnu_cxx::__normal_iterator<long unsigned int*, vector<long unsigned int> > >]	16	static
/usr/local/mcuxpressoide-11.8.1_1197/ide/plugins/com.nxp.mcuxpresso.tools.linux_11.8.1.202308071233/tools/arm-none-eabi/include/c++/12.2.1/bits/stl_iterator.h:200:7:constexpr std::reverse_iterator<_Iterator>::reverse_iterator(const std::reverse_iterator<_Iterator>&) [with _Iterator = __gnu_cxx::__normal_iterator<long unsigned int*, std::vector<long unsigned int> >]	16	static
/usr/local/mcuxpressoide-11.8.1_1197/ide/plugins/com.nxp.mcuxpresso.tools.linux_11.8.1.202308071233/tools/arm-none-eabi/include/c++/12.2.1/bits/stl_iterator.h:444:5:constexpr bool std::operator==(const reverse_iterator<_Iterator>&, const reverse_iterator<_Iterator>&) [with _Iterator = __gnu_cxx::__normal_iterator<long unsigned int*, vector<long unsigned int> >]	24	static
/usr/local/mcuxpressoide-11.8.1_1197/ide/plugins/com.nxp.mcuxpresso.tools.linux_11.8.1.202308071233/tools/arm-none-eabi/include/c++/12.2.1/bits/stl_iterator.h:621:5:base())) std::operator-(const reverse_iterator<_Iterator>&, const reverse_iterator<_IteratorR>&) [with _IteratorL = __gnu_cxx::__normal_iterator<long unsigned int*, vector<long unsigned int> >; _IteratorR = __gnu_cxx::__normal_iterator<long unsigned int*, vector<long unsigned int> >]	24	static
/usr/local/mcuxpressoide-11.8.1_1197/ide/plugins/com.nxp.mcuxpresso.tools.linux_11.8.1.202308071233/tools/arm-none-eabi/include/c++/12.2.1/bits/stl_iterator.h:260:7:constexpr std::reverse_iterator<_Iterator>::reference std::reverse_iterator<_Iterator>::operator*() const [with _Iterator = __gnu_cxx::__normal_iterator<long unsigned int*, std::vector<long unsigned int> >]	24	static
/usr/local/mcuxpressoide-11.8.1_1197/ide/plugins/com.nxp.mcuxpresso.tools.linux_11.8.1.202308071233/tools/arm-none-eabi/include/c++/12.2.1/bits/stl_algo.h:1281:5:_RandomAccessIterator std::_V2::__rotate(_RandomAccessIterator, _RandomAccessIterator, _RandomAccessIterator, std::random_access_iterator_tag) [with _RandomAccessIterator = std::reverse_iterator<__gnu_cxx::__normal_iterator<long unsigned int*, std::vector<long unsigned int> > >]	168	static
/usr/local/mcuxpressoide-11.8.1_1197/ide/plugins/com.nxp.mcuxpresso.tools.linux_11.8.1.202308071233/tools/arm-none-eabi/include/c++/12.2.1/bits/new_allocator.h:80:7:std::__new_allocator<_Tp>::__new_allocator() [with _Tp = long unsigned int]	16	static
/usr/local/mcuxpressoide-11.8.1_1197/ide/plugins/com.nxp.mcuxpresso.tools.linux_11.8.1.202308071233/tools/arm-none-eabi/include/c++/12.2.1/bits/alloc_traits.h:495:7:static void std::allocator_traits<std::allocator<_Tp1> >::deallocate(allocator_type&, pointer, size_type) [with _Tp = long unsigned int]	24	static
/usr/local/mcuxpressoide-11.8.1_1197/ide/plugins/com.nxp.mcuxpresso.tools.linux_11.8.1.202308071233/tools/arm-none-eabi/include/c++/12.2.1/bits/stl_construct.h:182:5:void std::_Destroy(_ForwardIterator, _ForwardIterator) [with _ForwardIterator = long unsigned int*]	16	static
/usr/local/mcuxpressoide-11.8.1_1197/ide/plugins/com.nxp.mcuxpresso.tools.linux_11.8.1.202308071233/tools/arm-none-eabi/include/c++/12.2.1/bits/move.h:77:5:constexpr _Tp&& std::forward(typename remove_reference<_Tp>::type&) [with _Tp = const long unsigned int&]	16	static
/usr/local/mcuxpressoide-11.8.1_1197/ide/plugins/com.nxp.mcuxpresso.tools.linux_11.8.1.202308071233/tools/arm-none-eabi/include/c++/12.2.1/bits/new_allocator.h:173:2:) [with _Up = long unsigned int; _Args = {const long unsigned int&}; _Tp = long unsigned int]	32	static
/usr/local/mcuxpressoide-11.8.1_1197/ide/plugins/com.nxp.mcuxpresso.tools.linux_11.8.1.202308071233/tools/arm-none-eabi/include/c++/12.2.1/bits/stl_vector.h:1891:7:std::vector<_Tp, _Alloc>::size_type std::vector<_Tp, _Alloc>::_M_check_len(size_type, const char*) const [with _Tp = long unsigned int; _Alloc = std::allocator<long unsigned int>]	40	static
/usr/local/mcuxpressoide-11.8.1_1197/ide/plugins/com.nxp.mcuxpresso.tools.linux_11.8.1.202308071233/tools/arm-none-eabi/include/c++/12.2.1/bits/stl_iterator.h:1330:5:typename __gnu_cxx::__normal_iterator<_Iterator, _Container>::difference_type __gnu_cxx::operator-(const __normal_iterator<_Iterator, _Container>&, const __normal_iterator<_Iterator, _Container>&) [with _Iterator = long unsigned int*; _Container = std::vector<long unsigned int>]	24	static
/usr/local/mcuxpressoide-11.8.1_1197/ide/plugins/com.nxp.mcuxpresso.tools.linux_11.8.1.202308071233/tools/arm-none-eabi/include/c++/12.2.1/bits/stl_vector.h:375:7:std::_Vector_base<_Tp, _Alloc>::pointer std::_Vector_base<_Tp, _Alloc>::_M_allocate(std::size_t) [with _Tp = long unsigned int; _Alloc = std::allocator<long unsigned int>]	16	static
/usr/local/mcuxpressoide-11.8.1_1197/ide/plugins/com.nxp.mcuxpresso.tools.linux_11.8.1.202308071233/tools/arm-none-eabi/include/c++/12.2.1/bits/stl_vector.h:499:7:static std::vector<_Tp, _Alloc>::pointer std::vector<_Tp, _Alloc>::_S_relocate(pointer, pointer, pointer, _Tp_alloc_type&) [with _Tp = long unsigned int; _Alloc = std::allocator<long unsigned int>]	24	static
/usr/local/mcuxpressoide-11.8.1_1197/ide/plugins/com.nxp.mcuxpresso.tools.linux_11.8.1.202308071233/tools/arm-none-eabi/include/c++/12.2.1/bits/stl_iterator.h:1158:7:const _Iterator& __gnu_cxx::__normal_iterator<_Iterator, _Container>::base() const [with _Iterator = long unsigned int*; _Container = std::vector<long unsigned int>]	16	static
/usr/local/mcuxpressoide-11.8.1_1197/ide/plugins/com.nxp.mcuxpresso.tools.linux_11.8.1.202308071233/tools/arm-none-eabi/include/c++/12.2.1/bits/stl_iterator.h:1072:7:__gnu_cxx::__normal_iterator<_Iterator, _Container>::__normal_iterator(const _Iterator&) [with _Iterator = const long unsigned int*; _Container = std::vector<long unsigned int>]	16	static
/usr/local/mcuxpressoide-11.8.1_1197/ide/plugins/com.nxp.mcuxpresso.tools.linux_11.8.1.202308071233/tools/arm-none-eabi/include/c++/12.2.1/bits/stl_uninitialized.h:365:5:_ForwardIterator std::__uninitialized_copy_a(_InputIterator, _InputIterator, _ForwardIterator, allocator<_Tp>&) [with _InputIterator = __gnu_cxx::__normal_iterator<const long unsigned int*, vector<long unsigned int> >; _ForwardIterator = long unsigned int*; _Tp = long unsigned int]	24	static
/usr/local/mcuxpressoide-11.8.1_1197/ide/plugins/com.nxp.mcuxpresso.tools.linux_11.8.1.202308071233/tools/arm-none-eabi/include/c++/12.2.1/bits/cpp_type_traits.h:562:5:_Iterator std::__miter_base(_Iterator) [with _Iterator = __gnu_cxx::__normal_iterator<const long unsigned int*, vector<long unsigned int> >]	16	static
/usr/local/mcuxpressoide-11.8.1_1197/ide/plugins/com.nxp.mcuxpresso.tools.linux_11.8.1.202308071233/tools/arm-none-eabi/include/c++/12.2.1/bits/stl_algobase.h:527:5:_OI std::__copy_move_a(_II, _II, _OI) [with bool _IsMove = false; _II = __gnu_cxx::__normal_iterator<const long unsigned int*, vector<long unsigned int> >; _OI = __gnu_cxx::__normal_iterator<long unsigned int*, vector<long unsigned int> >]	32	static
/usr/local/mcuxpressoide-11.8.1_1197/ide/plugins/com.nxp.mcuxpresso.tools.linux_11.8.1.202308071233/tools/arm-none-eabi/include/c++/12.2.1/bits/stl_construct.h:182:5:void std::_Destroy(_ForwardIterator, _ForwardIterator) [with _ForwardIterator = __gnu_cxx::__normal_iterator<long unsigned int*, vector<long unsigned int> >]	16	static
/usr/local/mcuxpressoide-11.8.1_1197/ide/plugins/com.nxp.mcuxpresso.tools.linux_11.8.1.202308071233/tools/arm-none-eabi/include/c++/12.2.1/bits/cpp_type_traits.h:562:5:_Iterator std::__miter_base(_Iterator) [with _Iterator = long unsigned int*]	16	static
/usr/local/mcuxpressoide-11.8.1_1197/ide/plugins/com.nxp.mcuxpresso.tools.linux_11.8.1.202308071233/tools/arm-none-eabi/include/c++/12.2.1/bits/stl_algobase.h:527:5:_OI std::__copy_move_a(_II, _II, _OI) [with bool _IsMove = false; _II = long unsigned int*; _OI = long unsigned int*]	32	static
/usr/local/mcuxpressoide-11.8.1_1197/ide/plugins/com.nxp.mcuxpresso.tools.linux_11.8.1.202308071233/tools/arm-none-eabi/include/c++/12.2.1/bits/stl_uninitialized.h:163:5:_ForwardIterator std::uninitialized_copy(_InputIterator, _InputIterator, _ForwardIterator) [with _InputIterator = long unsigned int*; _ForwardIterator = long unsigned int*]	32	static
/usr/local/mcuxpressoide-11.8.1_1197/ide/plugins/com.nxp.mcuxpresso.tools.linux_11.8.1.202308071233/tools/arm-none-eabi/include/c++/12.2.1/bits/stl_iterator.h:1221:5:bool __gnu_cxx::operator==(const __normal_iterator<_Iterator, _Container>&, const __normal_iterator<_Iterator, _Container>&) [with _Iterator = long unsigned int*; _Container = std::vector<long unsigned int>]	24	static
/usr/local/mcuxpressoide-11.8.1_1197/ide/plugins/com.nxp.mcuxpresso.tools.linux_11.8.1.202308071233/tools/arm-none-eabi/include/c++/12.2.1/bits/stl_algobase.h:201:5:_ForwardIterator2 std::swap_ranges(_ForwardIterator1, _ForwardIterator1, _ForwardIterator2) [with _ForwardIterator1 = __gnu_cxx::__normal_iterator<long unsigned int*, vector<long unsigned int> >; _ForwardIterator2 = __gnu_cxx::__normal_iterator<long unsigned int*, vector<long unsigned int> >]	24	static
/usr/local/mcuxpressoide-11.8.1_1197/ide/plugins/com.nxp.mcuxpresso.tools.linux_11.8.1.202308071233/tools/arm-none-eabi/include/c++/12.2.1/bits/stl_iterator.h:1095:7:__gnu_cxx::__normal_iterator<_Iterator, _Container>::reference __gnu_cxx::__normal_iterator<_Iterator, _Container>::operator*() const [with _Iterator = long unsigned int*; _Container = std::vector<long unsigned int>]	16	static
/usr/local/mcuxpressoide-11.8.1_1197/ide/plugins/com.nxp.mcuxpresso.tools.linux_11.8.1.202308071233/tools/arm-none-eabi/include/c++/12.2.1/bits/move.h:104:5:constexpr typename std::remove_reference<_Tp>::type&& std::move(_Tp&&) [with _Tp = long unsigned int&]	16	static
/usr/local/mcuxpressoide-11.8.1_1197/ide/plugins/com.nxp.mcuxpresso.tools.linux_11.8.1.202308071233/tools/arm-none-eabi/include/c++/12.2.1/bits/stl_algobase.h:644:5:_OI std::move(_II, _II, _OI) [with _II = __gnu_cxx::__normal_iterator<long unsigned int*, vector<long unsigned int> >; _OI = __gnu_cxx::__normal_iterator<long unsigned int*, vector<long unsigned int> >]	32	static
/usr/local/mcuxpressoide-11.8.1_1197/ide/plugins/com.nxp.mcuxpresso.tools.linux_11.8.1.202308071233/tools/arm-none-eabi/include/c++/12.2.1/bits/stl_algobase.h:152:5:void std::iter_swap(_ForwardIterator1, _ForwardIterator2) [with _ForwardIterator1 = __gnu_cxx::__normal_iterator<long unsigned int*, vector<long unsigned int> >; _ForwardIterator2 = __gnu_cxx::__normal_iterator<long unsigned int*, vector<long unsigned int> >]	24	static
/usr/local/mcuxpressoide-11.8.1_1197/ide/plugins/com.nxp.mcuxpresso.tools.linux_11.8.1.202308071233/tools/arm-none-eabi/include/c++/12.2.1/bits/stl_iterator.h:1105:7:__gnu_cxx::__normal_iterator<_Iterator, _Container>& __gnu_cxx::__normal_iterator<_Iterator, _Container>::operator++() [with _Iterator = long unsigned int*; _Container = std::vector<long unsigned int>]	16	static
/usr/local/mcuxpressoide-11.8.1_1197/ide/plugins/com.nxp.mcuxpresso.tools.linux_11.8.1.202308071233/tools/arm-none-eabi/include/c++/12.2.1/bits/move.h:196:5:std::_Require<std::__not_<std::__is_tuple_like<_Tp> >, std::is_move_constructible<_Tp>, std::is_move_assignable<_Tp> > std::swap(_Tp&, _Tp&) [with _Tp = int]	24	static
/usr/local/mcuxpressoide-11.8.1_1197/ide/plugins/com.nxp.mcuxpresso.tools.linux_11.8.1.202308071233/tools/arm-none-eabi/include/c++/12.2.1/bits/stl_algobase.h:883:5:_BI2 std::move_backward(_BI1, _BI1, _BI2) [with _BI1 = __gnu_cxx::__normal_iterator<long unsigned int*, vector<long unsigned int> >; _BI2 = __gnu_cxx::__normal_iterator<long unsigned int*, vector<long unsigned int> >]	32	static
/usr/local/mcuxpressoide-11.8.1_1197/ide/plugins/com.nxp.mcuxpresso.tools.linux_11.8.1.202308071233/tools/arm-none-eabi/include/c++/12.2.1/bits/stl_iterator.h:1119:7:__gnu_cxx::__normal_iterator<_Iterator, _Container>& __gnu_cxx::__normal_iterator<_Iterator, _Container>::operator--() [with _Iterator = long unsigned int*; _Container = std::vector<long unsigned int>]	16	static
/usr/local/mcuxpressoide-11.8.1_1197/ide/plugins/com.nxp.mcuxpresso.tools.linux_11.8.1.202308071233/tools/arm-none-eabi/include/c++/12.2.1/bits/stl_iterator.h:244:7:constexpr std::reverse_iterator<_Iterator>::iterator_type std::reverse_iterator<_Iterator>::base() const [with _Iterator = __gnu_cxx::__normal_iterator<long unsigned int*, std::vector<long unsigned int> >]	16	static
/usr/local/mcuxpressoide-11.8.1_1197/ide/plugins/com.nxp.mcuxpresso.tools.linux_11.8.1.202308071233/tools/arm-none-eabi/include/c++/12.2.1/bits/stl_algobase.h:201:5:_ForwardIterator2 std::swap_ranges(_ForwardIterator1, _ForwardIterator1, _ForwardIterator2) [with _ForwardIterator1 = reverse_iterator<__gnu_cxx::__normal_iterator<long unsigned int*, vector<long unsigned int> > >; _ForwardIterator2 = reverse_iterator<__gnu_cxx::__normal_iterator<long unsigned int*, vector<long unsigned int> > >]	40	static
/usr/local/mcuxpressoide-11.8.1_1197/ide/plugins/com.nxp.mcuxpresso.tools.linux_11.8.1.202308071233/tools/arm-none-eabi/include/c++/12.2.1/bits/stl_algobase.h:644:5:_OI std::move(_II, _II, _OI) [with _II = reverse_iterator<__gnu_cxx::__normal_iterator<long unsigned int*, vector<long unsigned int> > >; _OI = reverse_iterator<__gnu_cxx::__normal_iterator<long unsigned int*, vector<long unsigned int> > >]	64	static
/usr/local/mcuxpressoide-11.8.1_1197/ide/plugins/com.nxp.mcuxpresso.tools.linux_11.8.1.202308071233/tools/arm-none-eabi/include/c++/12.2.1/bits/stl_iterator.h:366:7:constexpr std::reverse_iterator<_Iterator> std::reverse_iterator<_Iterator>::operator-(difference_type) const [with _Iterator = __gnu_cxx::__normal_iterator<long unsigned int*, std::vector<long unsigned int> >]	24	static
/usr/local/mcuxpressoide-11.8.1_1197/ide/plugins/com.nxp.mcuxpresso.tools.linux_11.8.1.202308071233/tools/arm-none-eabi/include/c++/12.2.1/bits/stl_algobase.h:152:5:void std::iter_swap(_ForwardIterator1, _ForwardIterator2) [with _ForwardIterator1 = reverse_iterator<__gnu_cxx::__normal_iterator<long unsigned int*, vector<long unsigned int> > >; _ForwardIterator2 = reverse_iterator<__gnu_cxx::__normal_iterator<long unsigned int*, vector<long unsigned int> > >]	24	static
/usr/local/mcuxpressoide-11.8.1_1197/ide/plugins/com.nxp.mcuxpresso.tools.linux_11.8.1.202308071233/tools/arm-none-eabi/include/c++/12.2.1/bits/stl_iterator.h:292:7:constexpr std::reverse_iterator<_Iterator>& std::reverse_iterator<_Iterator>::operator++() [with _Iterator = __gnu_cxx::__normal_iterator<long unsigned int*, std::vector<long unsigned int> >]	16	static
/usr/local/mcuxpressoide-11.8.1_1197/ide/plugins/com.nxp.mcuxpresso.tools.linux_11.8.1.202308071233/tools/arm-none-eabi/include/c++/12.2.1/bits/stl_algobase.h:883:5:_BI2 std::move_backward(_BI1, _BI1, _BI2) [with _BI1 = reverse_iterator<__gnu_cxx::__normal_iterator<long unsigned int*, vector<long unsigned int> > >; _BI2 = reverse_iterator<__gnu_cxx::__normal_iterator<long unsigned int*, vector<long unsigned int> > >]	64	static
/usr/local/mcuxpressoide-11.8.1_1197/ide/plugins/com.nxp.mcuxpresso.tools.linux_11.8.1.202308071233/tools/arm-none-eabi/include/c++/12.2.1/bits/stl_iterator.h:317:7:constexpr std::reverse_iterator<_Iterator>& std::reverse_iterator<_Iterator>::operator--() [with _Iterator = __gnu_cxx::__normal_iterator<long unsigned int*, std::vector<long unsigned int> >]	16	static
/usr/local/mcuxpressoide-11.8.1_1197/ide/plugins/com.nxp.mcuxpresso.tools.linux_11.8.1.202308071233/tools/arm-none-eabi/include/c++/12.2.1/bits/new_allocator.h:142:7:void std::__new_allocator<_Tp>::deallocate(_Tp*, size_type) [with _Tp = long unsigned int]	24	static
/usr/local/mcuxpressoide-11.8.1_1197/ide/plugins/com.nxp.mcuxpresso.tools.linux_11.8.1.202308071233/tools/arm-none-eabi/include/c++/12.2.1/bits/stl_construct.h:172:9:static void std::_Destroy_aux<true>::__destroy(_ForwardIterator, _ForwardIterator) [with _ForwardIterator = long unsigned int*]	16	static
/usr/local/mcuxpressoide-11.8.1_1197/ide/plugins/com.nxp.mcuxpresso.tools.linux_11.8.1.202308071233/tools/arm-none-eabi/include/c++/12.2.1/bits/stl_vector.h:993:7:std::vector<_Tp, _Alloc>::size_type std::vector<_Tp, _Alloc>::max_size() const [with _Tp = long unsigned int; _Alloc = std::allocator<long unsigned int>]	16	static
/usr/local/mcuxpressoide-11.8.1_1197/ide/plugins/com.nxp.mcuxpresso.tools.linux_11.8.1.202308071233/tools/arm-none-eabi/include/c++/12.2.1/bits/stl_algobase.h:254:5:constexpr const _Tp& std::max(const _Tp&, const _Tp&) [with _Tp = unsigned int]	16	static
/usr/local/mcuxpressoide-11.8.1_1197/ide/plugins/com.nxp.mcuxpresso.tools.linux_11.8.1.202308071233/tools/arm-none-eabi/include/c++/12.2.1/bits/alloc_traits.h:463:7:static _Tp* std::allocator_traits<std::allocator<_Tp1> >::allocate(allocator_type&, size_type) [with _Tp = long unsigned int]	16	static
/usr/local/mcuxpressoide-11.8.1_1197/ide/plugins/com.nxp.mcuxpresso.tools.linux_11.8.1.202308071233/tools/arm-none-eabi/include/c++/12.2.1/bits/stl_uninitialized.h:1127:5:_ForwardIterator std::__relocate_a(_InputIterator, _InputIterator, _ForwardIterator, _Allocator&) [with _InputIterator = long unsigned int*; _ForwardIterator = long unsigned int*; _Allocator = allocator<long unsigned int>]	32	static
/usr/local/mcuxpressoide-11.8.1_1197/ide/plugins/com.nxp.mcuxpresso.tools.linux_11.8.1.202308071233/tools/arm-none-eabi/include/c++/12.2.1/bits/stl_uninitialized.h:163:5:_ForwardIterator std::uninitialized_copy(_InputIterator, _InputIterator, _ForwardIterator) [with _InputIterator = __gnu_cxx::__normal_iterator<const long unsigned int*, vector<long unsigned int> >; _ForwardIterator = long unsigned int*]	32	static
/usr/local/mcuxpressoide-11.8.1_1197/ide/plugins/com.nxp.mcuxpresso.tools.linux_11.8.1.202308071233/tools/arm-none-eabi/include/c++/12.2.1/bits/stl_iterator.h:1353:5:_Iterator std::__niter_base(__gnu_cxx::__normal_iterator<_Iterator, _Container>) [with _Iterator = const long unsigned int*; _Container = vector<long unsigned int>]	16	static
/usr/local/mcuxpressoide-11.8.1_1197/ide/plugins/com.nxp.mcuxpresso.tools.linux_11.8.1.202308071233/tools/arm-none-eabi/include/c++/12.2.1/bits/stl_iterator.h:1353:5:_Iterator std::__niter_base(__gnu_cxx::__normal_iterator<_Iterator, _Container>) [with _Iterator = long unsigned int*; _Container = vector<long unsigned int>]	16	static
/usr/local/mcuxpressoide-11.8.1_1197/ide/plugins/com.nxp.mcuxpresso.tools.linux_11.8.1.202308071233/tools/arm-none-eabi/include/c++/12.2.1/bits/stl_algobase.h:521:5:_OI std::__copy_move_a1(_II, _II, _OI) [with bool _IsMove = false; _II = const long unsigned int*; _OI = long unsigned int*]	24	static
/usr/local/mcuxpressoide-11.8.1_1197/ide/plugins/com.nxp.mcuxpresso.tools.linux_11.8.1.202308071233/tools/arm-none-eabi/include/c++/12.2.1/bits/stl_algobase.h:328:5:_From std::__niter_wrap(_From, _To) [with _From = __gnu_cxx::__normal_iterator<long unsigned int*, vector<long unsigned int> >; _To = long unsigned int*]	16	static
/usr/local/mcuxpressoide-11.8.1_1197/ide/plugins/com.nxp.mcuxpresso.tools.linux_11.8.1.202308071233/tools/arm-none-eabi/include/c++/12.2.1/bits/stl_construct.h:172:9:static void std::_Destroy_aux<true>::__destroy(_ForwardIterator, _ForwardIterator) [with _ForwardIterator = __gnu_cxx::__normal_iterator<long unsigned int*, std::vector<long unsigned int> >]	16	static
/usr/local/mcuxpressoide-11.8.1_1197/ide/plugins/com.nxp.mcuxpresso.tools.linux_11.8.1.202308071233/tools/arm-none-eabi/include/c++/12.2.1/bits/stl_algobase.h:313:5:_Iterator std::__niter_base(_Iterator) [with _Iterator = long unsigned int*]	16	static
/usr/local/mcuxpressoide-11.8.1_1197/ide/plugins/com.nxp.mcuxpresso.tools.linux_11.8.1.202308071233/tools/arm-none-eabi/include/c++/12.2.1/bits/stl_algobase.h:521:5:_OI std::__copy_move_a1(_II, _II, _OI) [with bool _IsMove = false; _II = long unsigned int*; _OI = long unsigned int*]	24	static
/usr/local/mcuxpressoide-11.8.1_1197/ide/plugins/com.nxp.mcuxpresso.tools.linux_11.8.1.202308071233/tools/arm-none-eabi/include/c++/12.2.1/bits/stl_algobase.h:335:5:_Iterator std::__niter_wrap(const _Iterator&, _Iterator) [with _Iterator = long unsigned int*]	16	static
/usr/local/mcuxpressoide-11.8.1_1197/ide/plugins/com.nxp.mcuxpresso.tools.linux_11.8.1.202308071233/tools/arm-none-eabi/include/c++/12.2.1/bits/stl_uninitialized.h:145:9:static _ForwardIterator std::__uninitialized_copy<true>::__uninit_copy(_InputIterator, _InputIterator, _ForwardIterator) [with _InputIterator = long unsigned int*; _ForwardIterator = long unsigned int*]	24	static
/usr/local/mcuxpressoide-11.8.1_1197/ide/plugins/com.nxp.mcuxpresso.tools.linux_11.8.1.202308071233/tools/arm-none-eabi/include/c++/12.2.1/bits/stl_iterator.h:1237:5:bool __gnu_cxx::operator!=(const __normal_iterator<_Iterator, _Container>&, const __normal_iterator<_Iterator, _Container>&) [with _Iterator = long unsigned int*; _Container = std::vector<long unsigned int>]	24	static
/usr/local/mcuxpressoide-11.8.1_1197/ide/plugins/com.nxp.mcuxpresso.tools.linux_11.8.1.202308071233/tools/arm-none-eabi/include/c++/12.2.1/bits/cpp_type_traits.h:562:5:_Iterator std::__miter_base(_Iterator) [with _Iterator = __gnu_cxx::__normal_iterator<long unsigned int*, vector<long unsigned int> >]	16	static
/usr/local/mcuxpressoide-11.8.1_1197/ide/plugins/com.nxp.mcuxpresso.tools.linux_11.8.1.202308071233/tools/arm-none-eabi/include/c++/12.2.1/bits/stl_algobase.h:527:5:_OI std::__copy_move_a(_II, _II, _OI) [with bool _IsMove = true; _II = __gnu_cxx::__normal_iterator<long unsigned int*, vector<long unsigned int> >; _OI = __gnu_cxx::__normal_iterator<long unsigned int*, vector<long unsigned int> >]	32	static
/usr/local/mcuxpressoide-11.8.1_1197/ide/plugins/com.nxp.mcuxpresso.tools.linux_11.8.1.202308071233/tools/arm-none-eabi/include/c++/12.2.1/bits/move.h:196:5:std::_Require<std::__not_<std::__is_tuple_like<_Tp> >, std::is_move_constructible<_Tp>, std::is_move_assignable<_Tp> > std::swap(_Tp&, _Tp&) [with _Tp = long unsigned int]	24	static
/usr/local/mcuxpressoide-11.8.1_1197/ide/plugins/com.nxp.mcuxpresso.tools.linux_11.8.1.202308071233/tools/arm-none-eabi/include/c++/12.2.1/bits/move.h:104:5:constexpr typename std::remove_reference<_Tp>::type&& std::move(_Tp&&) [with _Tp = int&]	16	static
/usr/local/mcuxpressoide-11.8.1_1197/ide/plugins/com.nxp.mcuxpresso.tools.linux_11.8.1.202308071233/tools/arm-none-eabi/include/c++/12.2.1/bits/stl_algobase.h:796:5:_OI std::__copy_move_backward_a(_II, _II, _OI) [with bool _IsMove = true; _II = __gnu_cxx::__normal_iterator<long unsigned int*, vector<long unsigned int> >; _OI = __gnu_cxx::__normal_iterator<long unsigned int*, vector<long unsigned int> >]	32	static
/usr/local/mcuxpressoide-11.8.1_1197/ide/plugins/com.nxp.mcuxpresso.tools.linux_11.8.1.202308071233/tools/arm-none-eabi/include/c++/12.2.1/bits/stl_iterator.h:458:5:constexpr bool std::operator!=(const reverse_iterator<_Iterator>&, const reverse_iterator<_Iterator>&) [with _Iterator = __gnu_cxx::__normal_iterator<long unsigned int*, vector<long unsigned int> >]	16	static
/usr/local/mcuxpressoide-11.8.1_1197/ide/plugins/com.nxp.mcuxpresso.tools.linux_11.8.1.202308071233/tools/arm-none-eabi/include/c++/12.2.1/bits/stl_iterator.h:677:5:base()))) std::__miter_base(reverse_iterator<_Iterator>) [with _Iterator = __gnu_cxx::__normal_iterator<long unsigned int*, vector<long unsigned int> >]	16	static
/usr/local/mcuxpressoide-11.8.1_1197/ide/plugins/com.nxp.mcuxpresso.tools.linux_11.8.1.202308071233/tools/arm-none-eabi/include/c++/12.2.1/bits/stl_algobase.h:527:5:_OI std::__copy_move_a(_II, _II, _OI) [with bool _IsMove = true; _II = reverse_iterator<__gnu_cxx::__normal_iterator<long unsigned int*, vector<long unsigned int> > >; _OI = reverse_iterator<__gnu_cxx::__normal_iterator<long unsigned int*, vector<long unsigned int> > >]	72	static
/usr/local/mcuxpressoide-11.8.1_1197/ide/plugins/com.nxp.mcuxpresso.tools.linux_11.8.1.202308071233/tools/arm-none-eabi/include/c++/12.2.1/bits/stl_algobase.h:796:5:_OI std::__copy_move_backward_a(_II, _II, _OI) [with bool _IsMove = true; _II = reverse_iterator<__gnu_cxx::__normal_iterator<long unsigned int*, vector<long unsigned int> > >; _OI = reverse_iterator<__gnu_cxx::__normal_iterator<long unsigned int*, vector<long unsigned int> > >]	72	static
/usr/local/mcuxpressoide-11.8.1_1197/ide/plugins/com.nxp.mcuxpresso.tools.linux_11.8.1.202308071233/tools/arm-none-eabi/include/c++/12.2.1/bits/stl_vector.h:1911:7:static std::vector<_Tp, _Alloc>::size_type std::vector<_Tp, _Alloc>::_S_max_size(const _Tp_alloc_type&) [with _Tp = long unsigned int; _Alloc = std::allocator<long unsigned int>]	24	static
/usr/local/mcuxpressoide-11.8.1_1197/ide/plugins/com.nxp.mcuxpresso.tools.linux_11.8.1.202308071233/tools/arm-none-eabi/include/c++/12.2.1/bits/new_allocator.h:112:7:_Tp* std::__new_allocator<_Tp>::allocate(size_type, const void*) [with _Tp = long unsigned int]	24	static
/usr/local/mcuxpressoide-11.8.1_1197/ide/plugins/com.nxp.mcuxpresso.tools.linux_11.8.1.202308071233/tools/arm-none-eabi/include/c++/12.2.1/bits/stl_uninitialized.h:1100:5:std::__enable_if_t<std::__is_bitwise_relocatable<_Tp>::value, _Tp*> std::__relocate_a_1(_Tp*, _Tp*, _Tp*, allocator<_T2>&) [with _Tp = long unsigned int; _Up = long unsigned int]	32	static
/usr/local/mcuxpressoide-11.8.1_1197/ide/plugins/com.nxp.mcuxpresso.tools.linux_11.8.1.202308071233/tools/arm-none-eabi/include/c++/12.2.1/bits/stl_uninitialized.h:145:9:static _ForwardIterator std::__uninitialized_copy<true>::__uninit_copy(_InputIterator, _InputIterator, _ForwardIterator) [with _InputIterator = __gnu_cxx::__normal_iterator<const long unsigned int*, std::vector<long unsigned int> >; _ForwardIterator = long unsigned int*]	24	static
/usr/local/mcuxpressoide-11.8.1_1197/ide/plugins/com.nxp.mcuxpresso.tools.linux_11.8.1.202308071233/tools/arm-none-eabi/include/c++/12.2.1/bits/stl_iterator.h:1158:7:const _Iterator& __gnu_cxx::__normal_iterator<_Iterator, _Container>::base() const [with _Iterator = const long unsigned int*; _Container = std::vector<long unsigned int>]	16	static
/usr/local/mcuxpressoide-11.8.1_1197/ide/plugins/com.nxp.mcuxpresso.tools.linux_11.8.1.202308071233/tools/arm-none-eabi/include/c++/12.2.1/bits/stl_algobase.h:486:5:_OI std::__copy_move_a2(_II, _II, _OI) [with bool _IsMove = false; _II = const long unsigned int*; _OI = long unsigned int*]	24	static
/usr/local/mcuxpressoide-11.8.1_1197/ide/plugins/com.nxp.mcuxpresso.tools.linux_11.8.1.202308071233/tools/arm-none-eabi/include/c++/12.2.1/bits/stl_algobase.h:486:5:_OI std::__copy_move_a2(_II, _II, _OI) [with bool _IsMove = false; _II = long unsigned int*; _OI = long unsigned int*]	24	static
/usr/local/mcuxpressoide-11.8.1_1197/ide/plugins/com.nxp.mcuxpresso.tools.linux_11.8.1.202308071233/tools/arm-none-eabi/include/c++/12.2.1/bits/stl_algobase.h:521:5:_OI std::__copy_move_a1(_II, _II, _OI) [with bool _IsMove = true; _II = long unsigned int*; _OI = long unsigned int*]	24	static
/usr/local/mcuxpressoide-11.8.1_1197/ide/plugins/com.nxp.mcuxpresso.tools.linux_11.8.1.202308071233/tools/arm-none-eabi/include/c++/12.2.1/bits/stl_algobase.h:768:5:_BI2 std::__copy_move_backward_a1(_BI1, _BI1, _BI2) [with bool _IsMove = true; _BI1 = long unsigned int*; _BI2 = long unsigned int*]	24	static
/usr/local/mcuxpressoide-11.8.1_1197/ide/plugins/com.nxp.mcuxpresso.tools.linux_11.8.1.202308071233/tools/arm-none-eabi/include/c++/12.2.1/bits/stl_iterator.h:638:5:constexpr std::reverse_iterator<_Iterator> std::__make_reverse_iterator(_Iterator) [with _Iterator = __gnu_cxx::__normal_iterator<long unsigned int*, vector<long unsigned int> >]	16	static
/usr/local/mcuxpressoide-11.8.1_1197/ide/plugins/com.nxp.mcuxpresso.tools.linux_11.8.1.202308071233/tools/arm-none-eabi/include/c++/12.2.1/bits/stl_iterator.h:665:5:base()))) std::__niter_base(reverse_iterator<_Iterator>) [with _Iterator = __gnu_cxx::__normal_iterator<long unsigned int*, vector<long unsigned int> >]	16	static
/usr/local/mcuxpressoide-11.8.1_1197/ide/plugins/com.nxp.mcuxpresso.tools.linux_11.8.1.202308071233/tools/arm-none-eabi/include/c++/12.2.1/bits/stl_algobase.h:521:5:_OI std::__copy_move_a1(_II, _II, _OI) [with bool _IsMove = true; _II = reverse_iterator<long unsigned int*>; _OI = reverse_iterator<long unsigned int*>]	56	static
/usr/local/mcuxpressoide-11.8.1_1197/ide/plugins/com.nxp.mcuxpresso.tools.linux_11.8.1.202308071233/tools/arm-none-eabi/include/c++/12.2.1/bits/stl_algobase.h:328:5:_From std::__niter_wrap(_From, _To) [with _From = reverse_iterator<__gnu_cxx::__normal_iterator<long unsigned int*, vector<long unsigned int> > >; _To = reverse_iterator<long unsigned int*>]	40	static
/usr/local/mcuxpressoide-11.8.1_1197/ide/plugins/com.nxp.mcuxpresso.tools.linux_11.8.1.202308071233/tools/arm-none-eabi/include/c++/12.2.1/bits/stl_algobase.h:768:5:_BI2 std::__copy_move_backward_a1(_BI1, _BI1, _BI2) [with bool _IsMove = true; _BI1 = reverse_iterator<long unsigned int*>; _BI2 = reverse_iterator<long unsigned int*>]	56	static
/usr/local/mcuxpressoide-11.8.1_1197/ide/plugins/com.nxp.mcuxpresso.tools.linux_11.8.1.202308071233/tools/arm-none-eabi/include/c++/12.2.1/bits/alloc_traits.h:547:7:static std::allocator_traits<std::allocator<_Tp1> >::size_type std::allocator_traits<std::allocator<_Tp1> >::max_size(const allocator_type&) [with _Tp = long unsigned int]	16	static
/usr/local/mcuxpressoide-11.8.1_1197/ide/plugins/com.nxp.mcuxpresso.tools.linux_11.8.1.202308071233/tools/arm-none-eabi/include/c++/12.2.1/bits/stl_algobase.h:230:5:constexpr const _Tp& std::min(const _Tp&, const _Tp&) [with _Tp = unsigned int]	16	static
/usr/local/mcuxpressoide-11.8.1_1197/ide/plugins/com.nxp.mcuxpresso.tools.linux_11.8.1.202308071233/tools/arm-none-eabi/include/c++/12.2.1/bits/new_allocator.h:210:7:constexpr std::__new_allocator<_Tp>::size_type std::__new_allocator<_Tp>::_M_max_size() const [with _Tp = long unsigned int]	16	static
/usr/local/mcuxpressoide-11.8.1_1197/ide/plugins/com.nxp.mcuxpresso.tools.linux_11.8.1.202308071233/tools/arm-none-eabi/include/c++/12.2.1/bits/stl_algobase.h:611:5:_OI std::copy(_II, _II, _OI) [with _II = __gnu_cxx::__normal_iterator<const long unsigned int*, vector<long unsigned int> >; _OI = long unsigned int*]	32	static
/usr/local/mcuxpressoide-11.8.1_1197/ide/plugins/com.nxp.mcuxpresso.tools.linux_11.8.1.202308071233/tools/arm-none-eabi/include/c++/12.2.1/bits/stl_algobase.h:420:2:static _Tp* std::__copy_move<_IsMove, true, std::random_access_iterator_tag>::__copy_m(const _Tp*, const _Tp*, _Tp*) [with _Tp = long unsigned int; bool _IsMove = false]	32	static
/usr/local/mcuxpressoide-11.8.1_1197/ide/plugins/com.nxp.mcuxpresso.tools.linux_11.8.1.202308071233/tools/arm-none-eabi/include/c++/12.2.1/bits/stl_algobase.h:486:5:_OI std::__copy_move_a2(_II, _II, _OI) [with bool _IsMove = true; _II = long unsigned int*; _OI = long unsigned int*]	24	static
/usr/local/mcuxpressoide-11.8.1_1197/ide/plugins/com.nxp.mcuxpresso.tools.linux_11.8.1.202308071233/tools/arm-none-eabi/include/c++/12.2.1/bits/stl_algobase.h:750:5:_BI2 std::__copy_move_backward_a2(_BI1, _BI1, _BI2) [with bool _IsMove = true; _BI1 = long unsigned int*; _BI2 = long unsigned int*]	24	static
/usr/local/mcuxpressoide-11.8.1_1197/ide/plugins/com.nxp.mcuxpresso.tools.linux_11.8.1.202308071233/tools/arm-none-eabi/include/c++/12.2.1/bits/stl_iterator.h:638:5:constexpr std::reverse_iterator<_Iterator> std::__make_reverse_iterator(_Iterator) [with _Iterator = long unsigned int*]	16	static
/usr/local/mcuxpressoide-11.8.1_1197/ide/plugins/com.nxp.mcuxpresso.tools.linux_11.8.1.202308071233/tools/arm-none-eabi/include/c++/12.2.1/bits/stl_iterator.h:200:7:constexpr std::reverse_iterator<_Iterator>::reverse_iterator(const std::reverse_iterator<_Iterator>&) [with _Iterator = long unsigned int*]	16	static
/usr/local/mcuxpressoide-11.8.1_1197/ide/plugins/com.nxp.mcuxpresso.tools.linux_11.8.1.202308071233/tools/arm-none-eabi/include/c++/12.2.1/bits/stl_algobase.h:486:5:_OI std::__copy_move_a2(_II, _II, _OI) [with bool _IsMove = true; _II = reverse_iterator<long unsigned int*>; _OI = reverse_iterator<long unsigned int*>]	56	static
/usr/local/mcuxpressoide-11.8.1_1197/ide/plugins/com.nxp.mcuxpresso.tools.linux_11.8.1.202308071233/tools/arm-none-eabi/include/c++/12.2.1/bits/stl_iterator.h:621:5:base())) std::operator-(const reverse_iterator<_Iterator>&, const reverse_iterator<_IteratorR>&) [with _IteratorL = long unsigned int*; _IteratorR = long unsigned int*]	24	static
/usr/local/mcuxpressoide-11.8.1_1197/ide/plugins/com.nxp.mcuxpresso.tools.linux_11.8.1.202308071233/tools/arm-none-eabi/include/c++/12.2.1/bits/stl_algobase.h:750:5:_BI2 std::__copy_move_backward_a2(_BI1, _BI1, _BI2) [with bool _IsMove = true; _BI1 = reverse_iterator<long unsigned int*>; _BI2 = reverse_iterator<long unsigned int*>]	56	static
/usr/local/mcuxpressoide-11.8.1_1197/ide/plugins/com.nxp.mcuxpresso.tools.linux_11.8.1.202308071233/tools/arm-none-eabi/include/c++/12.2.1/bits/new_allocator.h:167:7:std::__new_allocator<_Tp>::size_type std::__new_allocator<_Tp>::max_size() const [with _Tp = long unsigned int]	16	static
/usr/local/mcuxpressoide-11.8.1_1197/ide/plugins/com.nxp.mcuxpresso.tools.linux_11.8.1.202308071233/tools/arm-none-eabi/include/c++/12.2.1/bits/stl_algobase.h:527:5:_OI std::__copy_move_a(_II, _II, _OI) [with bool _IsMove = false; _II = __gnu_cxx::__normal_iterator<const long unsigned int*, vector<long unsigned int> >; _OI = long unsigned int*]	32	static
/usr/local/mcuxpressoide-11.8.1_1197/ide/plugins/com.nxp.mcuxpresso.tools.linux_11.8.1.202308071233/tools/arm-none-eabi/include/c++/12.2.1/bits/stl_algobase.h:420:2:static _Tp* std::__copy_move<_IsMove, true, std::random_access_iterator_tag>::__copy_m(const _Tp*, const _Tp*, _Tp*) [with _Tp = long unsigned int; bool _IsMove = true]	32	static
/usr/local/mcuxpressoide-11.8.1_1197/ide/plugins/com.nxp.mcuxpresso.tools.linux_11.8.1.202308071233/tools/arm-none-eabi/include/c++/12.2.1/bits/stl_algobase.h:731:2:static _Tp* std::__copy_move_backward<_IsMove, true, std::random_access_iterator_tag>::__copy_move_b(const _Tp*, const _Tp*, _Tp*) [with _Tp = long unsigned int; bool _IsMove = true]	32	static
/usr/local/mcuxpressoide-11.8.1_1197/ide/plugins/com.nxp.mcuxpresso.tools.linux_11.8.1.202308071233/tools/arm-none-eabi/include/c++/12.2.1/bits/stl_iterator.h:191:7:constexpr std::reverse_iterator<_Iterator>::reverse_iterator(iterator_type) [with _Iterator = long unsigned int*]	16	static
/usr/local/mcuxpressoide-11.8.1_1197/ide/plugins/com.nxp.mcuxpresso.tools.linux_11.8.1.202308071233/tools/arm-none-eabi/include/c++/12.2.1/bits/stl_iterator.h:244:7:constexpr std::reverse_iterator<_Iterator>::iterator_type std::reverse_iterator<_Iterator>::base() const [with _Iterator = long unsigned int*]	16	static
/usr/local/mcuxpressoide-11.8.1_1197/ide/plugins/com.nxp.mcuxpresso.tools.linux_11.8.1.202308071233/tools/arm-none-eabi/include/c++/12.2.1/bits/stl_algobase.h:400:2:static _OI std::__copy_move<true, false, std::random_access_iterator_tag>::__copy_m(_II, _II, _OI) [with _II = std::reverse_iterator<long unsigned int*>; _OI = std::reverse_iterator<long unsigned int*>]	40	static
/usr/local/mcuxpressoide-11.8.1_1197/ide/plugins/com.nxp.mcuxpresso.tools.linux_11.8.1.202308071233/tools/arm-none-eabi/include/c++/12.2.1/bits/stl_algobase.h:714:2:static _BI2 std::__copy_move_backward<true, false, std::random_access_iterator_tag>::__copy_move_b(_BI1, _BI1, _BI2) [with _BI1 = std::reverse_iterator<long unsigned int*>; _BI2 = std::reverse_iterator<long unsigned int*>]	40	static
/usr/local/mcuxpressoide-11.8.1_1197/ide/plugins/com.nxp.mcuxpresso.tools.linux_11.8.1.202308071233/tools/arm-none-eabi/include/c++/12.2.1/bits/stl_iterator.h:260:7:constexpr std::reverse_iterator<_Iterator>::reference std::reverse_iterator<_Iterator>::operator*() const [with _Iterator = long unsigned int*]	24	static
/usr/local/mcuxpressoide-11.8.1_1197/ide/plugins/com.nxp.mcuxpresso.tools.linux_11.8.1.202308071233/tools/arm-none-eabi/include/c++/12.2.1/bits/stl_iterator.h:292:7:constexpr std::reverse_iterator<_Iterator>& std::reverse_iterator<_Iterator>::operator++() [with _Iterator = long unsigned int*]	16	static
/usr/local/mcuxpressoide-11.8.1_1197/ide/plugins/com.nxp.mcuxpresso.tools.linux_11.8.1.202308071233/tools/arm-none-eabi/include/c++/12.2.1/bits/stl_iterator.h:317:7:constexpr std::reverse_iterator<_Iterator>& std::reverse_iterator<_Iterator>::operator--() [with _Iterator = long unsigned int*]	16	static
